~~~~~~~~~~~~~~~~~~~~~~~~~~~~~~~~~~~~~~~~~
start:  Thu Sep 24 11:41:41 2026
ntests: 147
default descriptor: ab
default norm: L1
default tolerance: 0.05
default relative error: True
~~~~~~~~~~~~~~~~~~~~~~~~~~~~~~~~~~~~~~~~~

subdirs = ['free', 'optmove', 'tally_computes', 'surf', 'circle', 'adapt', 'bfield', 'flowfile', 'surf_react_heatflux', 'relax_const', 'paraview', 'chem_rates', 'spiky', 'fft', 'regions', 'python', 'shock_tube', 'qk', 'collide', 'adjust_temp', 'step', 'vibrate', 'surf_react_adsorb', 'surf_collide', 'vtk', 'jagged', 'ambi', 'chem', 'torque', 'variable_timestep', 'implicit', 'ambi_3body', 'custom', 'ablation', 'relax_variable', 'axi', 'cylinder', 'explicit2implicit', 'emit', 'mfp_mct', 'thermostat', 'sphere']

~~~~~~~~~~~~~~~~~~~~~~~~~~~~~~~~~~~~~~~~~
dir = /hpc/data/cfd-students/nnoventa/regression_runs/gpu_pr623_1217022/examples/free
test = free.restart
20 40 
read 5 log entries
20 40 
read 5 log entries
==== generating gold standard for test free.restart ====
==== comparing log.ab.free.restart with log.archive.24Sep26.ab.free.restart ====
Step     error  0.0 wrt norm     1.0
Np       error  0.0 wrt norm     1.0
c_temp   error  0.0 wrt norm     1.0

All rows are identical
*** test free.restart passed
elapsed time = 2.512908458709717 s for test free.restart
~~~~~~~~~~~~~~~~~~~~~~~~~~~~~~~~~~~~~~~~~

~~~~~~~~~~~~~~~~~~~~~~~~~~~~~~~~~~~~~~~~~
dir = /hpc/data/cfd-students/nnoventa/regression_runs/gpu_pr623_1217022/examples/free
test = free
1000 
read 11 log entries
1000 
read 11 log entries
==== generating gold standard for test free ====
==== comparing log.ab.free with log.archive.24Sep26.ab.free ====
Step     error  0.0 wrt norm     1.0
Np       error  0.0 wrt norm     1.0
Natt              error  0.0
Ncoll             error  0.0
c_temp   error  0.0 wrt norm     1.0
c_bound[1][1]  error  0.0 wrt norm     1.0
c_bound[1][3]  error  0.0 wrt norm     1.0
c_bound[4][3]  error  0.0 wrt norm     1.0
c_bound[6][3]  error  0.0 wrt norm     1.0

All rows are identical
*** test free passed
elapsed time = 1.7640211582183838 s for test free
~~~~~~~~~~~~~~~~~~~~~~~~~~~~~~~~~~~~~~~~~

~~~~~~~~~~~~~~~~~~~~~~~~~~~~~~~~~~~~~~~~~
dir = /hpc/data/cfd-students/nnoventa/regression_runs/gpu_pr623_1217022/examples/optmove
test = optmove.axi
500 
read 6 log entries
500 
read 6 log entries
==== generating gold standard for test optmove.axi ====
==== comparing log.ab.optmove.axi with log.archive.24Sep26.ab.optmove.axi ====
Step     error  0.0 wrt norm     1.0
Np       error 0.0023689020104034867 wrt norm     1.0
Natt     error 0.010529019003595274 wrt norm     1.0
Ncoll    error 0.020824295010845987 wrt norm     1.0
Nbound            error  0.0
Nexit    error 0.09248554913294799 wrt norm     1.0
!!! test optmove.axi FAILED
elapsed time = 2.310225009918213 s for test optmove.axi
~~~~~~~~~~~~~~~~~~~~~~~~~~~~~~~~~~~~~~~~~

~~~~~~~~~~~~~~~~~~~~~~~~~~~~~~~~~~~~~~~~~
dir = /hpc/data/cfd-students/nnoventa/regression_runs/gpu_pr623_1217022/examples/optmove
test = optmove
500 
read 6 log entries
500 
read 6 log entries
==== generating gold standard for test optmove ====
==== comparing log.ab.optmove with log.archive.24Sep26.ab.optmove ====
Step     error  0.0 wrt norm     1.0
Np       error  0.0 wrt norm     1.0
Natt     error 0.03270564915758176 wrt norm     1.0
Ncoll    error 0.064 wrt norm     1.0
Nbound   error 0.009531228520368418 wrt norm     1.0
!!! test optmove FAILED
elapsed time = 1.753279447555542 s for test optmove
~~~~~~~~~~~~~~~~~~~~~~~~~~~~~~~~~~~~~~~~~

~~~~~~~~~~~~~~~~~~~~~~~~~~~~~~~~~~~~~~~~~
dir = /hpc/data/cfd-students/nnoventa/regression_runs/gpu_pr623_1217022/examples/optmove
test = optmove.surf
500 
read 6 log entries
500 
read 6 log entries
==== generating gold standard for test optmove.surf ====
==== comparing log.ab.optmove.surf with log.archive.24Sep26.ab.optmove.surf ====
Step     error  0.0 wrt norm     1.0
Np       error  0.0 wrt norm     1.0
Nbound   error 0.02880058330295297 wrt norm     1.0
v_nsingle  error 0.02880058330295297 wrt norm     1.0
v_ntotal  error 0.003519461377533281 wrt norm     1.0

WARNING: Only 1 out of 6 rows are identical
*** test optmove.surf passed
elapsed time = 1.8306913375854492 s for test optmove.surf
~~~~~~~~~~~~~~~~~~~~~~~~~~~~~~~~~~~~~~~~~

~~~~~~~~~~~~~~~~~~~~~~~~~~~~~~~~~~~~~~~~~
dir = /hpc/data/cfd-students/nnoventa/regression_runs/gpu_pr623_1217022/examples/optmove
test = optmove.flow
500 
read 6 log entries
500 
read 6 log entries
==== generating gold standard for test optmove.flow ====
==== comparing log.ab.optmove.flow with log.archive.24Sep26.ab.optmove.flow ====
Step     error  0.0 wrt norm     1.0
Np       error  0.0 wrt norm     1.0
Nbound            error  0.0
Nexit    error  0.0 wrt norm     1.0

All rows are identical
*** test optmove.flow passed
elapsed time = 1.8563857078552246 s for test optmove.flow
~~~~~~~~~~~~~~~~~~~~~~~~~~~~~~~~~~~~~~~~~

~~~~~~~~~~~~~~~~~~~~~~~~~~~~~~~~~~~~~~~~~
dir = /hpc/data/cfd-students/nnoventa/regression_runs/gpu_pr623_1217022/examples/tally_computes
test = gas.reaction.tally
1000 
read 11 log entries
1000 
read 11 log entries
==== generating gold standard for test gas.reaction.tally ====
==== comparing log.ab.gas.reaction.tally with log.archive.24Sep26.ab.gas.reaction.tally ====
Step     error  0.0 wrt norm     1.0
Np       error 0.004385592860899514 wrt norm     1.0
Natt     error 0.008818983543958542 wrt norm     1.0
Ncoll    error 0.06289308176100629 wrt norm     1.0
Nreact   error  1.0 wrt norm     1.0
c_temp   error 0.013029004818240382 wrt norm     1.0
!!! test gas.reaction.tally FAILED
elapsed time = 2.9169132709503174 s for test gas.reaction.tally
~~~~~~~~~~~~~~~~~~~~~~~~~~~~~~~~~~~~~~~~~

~~~~~~~~~~~~~~~~~~~~~~~~~~~~~~~~~~~~~~~~~
dir = /hpc/data/cfd-students/nnoventa/regression_runs/gpu_pr623_1217022/examples/tally_computes
test = gas.collision.tally
1000 
read 11 log entries
1000 
read 11 log entries
==== generating gold standard for test gas.collision.tally ====
==== comparing log.ab.gas.collision.tally with log.archive.24Sep26.ab.gas.collision.tally ====
Step     error  0.0 wrt norm     1.0
Np       error  0.0 wrt norm     1.0
Natt     error 0.016264169541646133 wrt norm     1.0
Ncoll    error 0.03827072997873848 wrt norm     1.0
c_temp   error  0.0 wrt norm     1.0

WARNING: Only 1 out of 11 rows are identical
*** test gas.collision.tally passed
elapsed time = 2.464650869369507 s for test gas.collision.tally
~~~~~~~~~~~~~~~~~~~~~~~~~~~~~~~~~~~~~~~~~

~~~~~~~~~~~~~~~~~~~~~~~~~~~~~~~~~~~~~~~~~
dir = /hpc/data/cfd-students/nnoventa/regression_runs/gpu_pr623_1217022/examples/tally_computes
test = surf.collision.tally
1000 
read 11 log entries
1000 
read 11 log entries
==== generating gold standard for test surf.collision.tally ====
==== comparing log.ab.surf.collision.tally with log.archive.24Sep26.ab.surf.collision.tally ====
Step     error  0.0 wrt norm     1.0
Np       error  0.0 wrt norm     1.0
Natt              error  0.0
Ncoll             error  0.0
Nscoll   error  0.0 wrt norm     1.0
Nscheck  error  0.0 wrt norm     1.0

All rows are identical
*** test surf.collision.tally passed
elapsed time = 2.8837060928344727 s for test surf.collision.tally
~~~~~~~~~~~~~~~~~~~~~~~~~~~~~~~~~~~~~~~~~

~~~~~~~~~~~~~~~~~~~~~~~~~~~~~~~~~~~~~~~~~
dir = /hpc/data/cfd-students/nnoventa/regression_runs/gpu_pr623_1217022/examples/tally_computes
test = surf.reaction.tally
500 
read 51 log entries
500 
read 51 log entries
==== generating gold standard for test surf.reaction.tally ====
==== comparing log.ab.surf.reaction.tally with log.archive.24Sep26.ab.surf.reaction.tally ====
Step     error  0.0 wrt norm     1.0
Np       error 0.0012982348912895577 wrt norm     1.0
Natt              error  0.0
Ncoll             error  0.0
Nscoll   error 0.004039662137348513 wrt norm     1.0
Nscheck  error 0.009468964430501239 wrt norm     1.0

WARNING: Only 14 out of 51 rows are identical
*** test surf.reaction.tally passed
elapsed time = 2.1725974082946777 s for test surf.reaction.tally
~~~~~~~~~~~~~~~~~~~~~~~~~~~~~~~~~~~~~~~~~

~~~~~~~~~~~~~~~~~~~~~~~~~~~~~~~~~~~~~~~~~
dir = /hpc/data/cfd-students/nnoventa/regression_runs/gpu_pr623_1217022/examples/surf
test = surf.slide
500 2500 3500 
read 36 log entries
500 2500 3500 
read 36 log entries
==== generating gold standard for test surf.slide ====
==== comparing log.ab.surf.slide with log.archive.24Sep26.ab.surf.slide ====
Step     error  0.0 wrt norm     1.0
Np       error  0.0 wrt norm     1.0
Natt              error  0.0
Ncoll             error  0.0
Nscoll   error  0.0 wrt norm     1.0
Nscheck  error  0.0 wrt norm     1.0

All rows are identical
*** test surf.slide passed
elapsed time = 6.37554407119751 s for test surf.slide
~~~~~~~~~~~~~~~~~~~~~~~~~~~~~~~~~~~~~~~~~

~~~~~~~~~~~~~~~~~~~~~~~~~~~~~~~~~~~~~~~~~
dir = /hpc/data/cfd-students/nnoventa/regression_runs/gpu_pr623_1217022/examples/surf
test = surf.move
500 1000 1500 2000 2500 
read 26 log entries
500 1000 1500 2000 2500 
read 26 log entries
==== generating gold standard for test surf.move ====
==== comparing log.ab.surf.move with log.archive.24Sep26.ab.surf.move ====
Step     error  0.0 wrt norm     1.0
Np       error  0.0 wrt norm     1.0
Natt              error  0.0
Ncoll             error  0.0
Nscoll   error  0.0 wrt norm     1.0
Nscheck  error  0.0 wrt norm     1.0

All rows are identical
*** test surf.move passed
elapsed time = 4.755298614501953 s for test surf.move
~~~~~~~~~~~~~~~~~~~~~~~~~~~~~~~~~~~~~~~~~

~~~~~~~~~~~~~~~~~~~~~~~~~~~~~~~~~~~~~~~~~
dir = /hpc/data/cfd-students/nnoventa/regression_runs/gpu_pr623_1217022/examples/surf
test = surf.remove
1000 2000 
read 21 log entries
1000 2000 
read 21 log entries
==== generating gold standard for test surf.remove ====
==== comparing log.ab.surf.remove with log.archive.24Sep26.ab.surf.remove ====
Step     error  0.0 wrt norm     1.0
Np       error  0.0 wrt norm     1.0
Natt              error  0.0
Ncoll             error  0.0
Nscoll   error  0.0 wrt norm     1.0
Nscheck  error  0.0 wrt norm     1.0

All rows are identical
*** test surf.remove passed
elapsed time = 4.043226957321167 s for test surf.remove
~~~~~~~~~~~~~~~~~~~~~~~~~~~~~~~~~~~~~~~~~

~~~~~~~~~~~~~~~~~~~~~~~~~~~~~~~~~~~~~~~~~
dir = /hpc/data/cfd-students/nnoventa/regression_runs/gpu_pr623_1217022/examples/surf
test = surf.add
1000 2000 
read 21 log entries
1000 2000 
read 21 log entries
==== generating gold standard for test surf.add ====
==== comparing log.ab.surf.add with log.archive.24Sep26.ab.surf.add ====
Step     error  0.0 wrt norm     1.0
Np       error  0.0 wrt norm     1.0
Natt              error  0.0
Ncoll             error  0.0
Nscoll   error  0.0 wrt norm     1.0
Nscheck  error  0.0 wrt norm     1.0

All rows are identical
*** test surf.add passed
elapsed time = 3.977724075317383 s for test surf.add
~~~~~~~~~~~~~~~~~~~~~~~~~~~~~~~~~~~~~~~~~

~~~~~~~~~~~~~~~~~~~~~~~~~~~~~~~~~~~~~~~~~
dir = /hpc/data/cfd-students/nnoventa/regression_runs/gpu_pr623_1217022/examples/surf
test = surf.rotate
500 2500 3000 
read 31 log entries
500 2500 3000 
read 31 log entries
==== generating gold standard for test surf.rotate ====
==== comparing log.ab.surf.rotate with log.archive.24Sep26.ab.surf.rotate ====
Step     error  0.0 wrt norm     1.0
Np       error  0.0 wrt norm     1.0
Natt              error  0.0
Ncoll             error  0.0
Nscoll   error  0.0 wrt norm     1.0
Nscheck  error  0.0 wrt norm     1.0

All rows are identical
*** test surf.rotate passed
elapsed time = 5.6163201332092285 s for test surf.rotate
~~~~~~~~~~~~~~~~~~~~~~~~~~~~~~~~~~~~~~~~~

~~~~~~~~~~~~~~~~~~~~~~~~~~~~~~~~~~~~~~~~~
dir = /hpc/data/cfd-students/nnoventa/regression_runs/gpu_pr623_1217022/examples/circle
test = circle.distributed
1000 
read 11 log entries
1000 
read 11 log entries
==== generating gold standard for test circle.distributed ====
==== comparing log.ab.circle.distributed with log.archive.24Sep26.ab.circle.distributed ====
Step     error  0.0 wrt norm     1.0
Np       error  0.0 wrt norm     1.0
Natt              error  0.0
Ncoll             error  0.0
Nscoll   error  0.0 wrt norm     1.0
Nscheck  error  0.0 wrt norm     1.0

All rows are identical
*** test circle.distributed passed
elapsed time = 2.675260305404663 s for test circle.distributed
~~~~~~~~~~~~~~~~~~~~~~~~~~~~~~~~~~~~~~~~~

~~~~~~~~~~~~~~~~~~~~~~~~~~~~~~~~~~~~~~~~~
dir = /hpc/data/cfd-students/nnoventa/regression_runs/gpu_pr623_1217022/examples/circle
test = circle
1000 
read 11 log entries
1000 
read 11 log entries
==== generating gold standard for test circle ====
==== comparing log.ab.circle with log.archive.24Sep26.ab.circle ====
Step     error  0.0 wrt norm     1.0
Np       error  0.0 wrt norm     1.0
Natt              error  0.0
Ncoll             error  0.0
Nscoll   error  0.0 wrt norm     1.0
Nscheck  error  0.0 wrt norm     1.0

All rows are identical
*** test circle passed
elapsed time = 2.6653318405151367 s for test circle
~~~~~~~~~~~~~~~~~~~~~~~~~~~~~~~~~~~~~~~~~

~~~~~~~~~~~~~~~~~~~~~~~~~~~~~~~~~~~~~~~~~
dir = /hpc/data/cfd-students/nnoventa/regression_runs/gpu_pr623_1217022/examples/circle
test = circle.transparent
1000 
read 11 log entries
1000 
read 11 log entries
==== generating gold standard for test circle.transparent ====
==== comparing log.ab.circle.transparent with log.archive.24Sep26.ab.circle.transparent ====
Step     error  0.0 wrt norm     1.0
Np       error  0.0 wrt norm     1.0
Natt              error  0.0
Ncoll             error  0.0
Nscoll   error  0.0 wrt norm     1.0
Nscheck  error  0.0 wrt norm     1.0
c_reduce[1]  error  0.0 wrt norm     1.0
c_reduce[2]           error  0.0
c_reduce[3]  error  0.0 wrt norm     1.0
c_reduce[4]           error  0.0

All rows are identical
*** test circle.transparent passed
elapsed time = 3.2433905601501465 s for test circle.transparent
~~~~~~~~~~~~~~~~~~~~~~~~~~~~~~~~~~~~~~~~~

~~~~~~~~~~~~~~~~~~~~~~~~~~~~~~~~~~~~~~~~~
dir = /hpc/data/cfd-students/nnoventa/regression_runs/gpu_pr623_1217022/examples/adapt
test = adapt.rotate
400 10400 
read 105 log entries
400 10400 
read 105 log entries
==== generating gold standard for test adapt.rotate ====
==== comparing log.ab.adapt.rotate with log.archive.24Sep26.ab.adapt.rotate ====
Step     error  0.0 wrt norm     1.0
Np       error  0.0 wrt norm     1.0
Natt              error  0.0
Ncoll             error  0.0
Nscoll   error  0.0 wrt norm     1.0
Nscheck  error  0.0 wrt norm     1.0

All rows are identical
*** test adapt.rotate passed
elapsed time = 16.673617362976074 s for test adapt.rotate
~~~~~~~~~~~~~~~~~~~~~~~~~~~~~~~~~~~~~~~~~

~~~~~~~~~~~~~~~~~~~~~~~~~~~~~~~~~~~~~~~~~
dir = /hpc/data/cfd-students/nnoventa/regression_runs/gpu_pr623_1217022/examples/adapt
test = adapt.slide
400 10400 12400 
read 125 log entries
400 10400 12400 
read 125 log entries
==== generating gold standard for test adapt.slide ====
==== comparing log.ab.adapt.slide with log.archive.24Sep26.ab.adapt.slide ====
Step     error  0.0 wrt norm     1.0
Np       error  0.0 wrt norm     1.0
Natt              error  0.0
Ncoll             error  0.0
Nscoll   error  0.0 wrt norm     1.0
Nscheck  error  0.0 wrt norm     1.0

All rows are identical
*** test adapt.slide passed
elapsed time = 19.88381004333496 s for test adapt.slide
~~~~~~~~~~~~~~~~~~~~~~~~~~~~~~~~~~~~~~~~~

~~~~~~~~~~~~~~~~~~~~~~~~~~~~~~~~~~~~~~~~~
dir = /hpc/data/cfd-students/nnoventa/regression_runs/gpu_pr623_1217022/examples/adapt
test = adapt.static
500 2500 5500 
read 56 log entries
500 2500 5500 
read 56 log entries
==== generating gold standard for test adapt.static ====
==== comparing log.ab.adapt.static with log.archive.24Sep26.ab.adapt.static ====
Step     error  0.0 wrt norm     1.0
Np       error  0.0 wrt norm     1.0
Natt              error  0.0
Ncoll             error  0.0
Nscoll   error  0.0 wrt norm     1.0
Nscheck  error  0.0 wrt norm     1.0

All rows are identical
*** test adapt.static passed
elapsed time = 8.888407707214355 s for test adapt.static
~~~~~~~~~~~~~~~~~~~~~~~~~~~~~~~~~~~~~~~~~

~~~~~~~~~~~~~~~~~~~~~~~~~~~~~~~~~~~~~~~~~
dir = /hpc/data/cfd-students/nnoventa/regression_runs/gpu_pr623_1217022/examples/bfield
test = bfield.grid
1000 
read 11 log entries
1000 
read 11 log entries
==== generating gold standard for test bfield.grid ====
==== comparing log.ab.bfield.grid with log.archive.24Sep26.ab.bfield.grid ====
Step     error  0.0 wrt norm     1.0
Np       error  0.0 wrt norm     1.0
Natt     error 0.019284294234592447 wrt norm     1.0
Ncoll    error 0.03949985791418016 wrt norm     1.0
c_temp   error  0.0 wrt norm     1.0

WARNING: Only 1 out of 11 rows are identical
*** test bfield.grid passed
elapsed time = 1.9523322582244873 s for test bfield.grid
~~~~~~~~~~~~~~~~~~~~~~~~~~~~~~~~~~~~~~~~~

~~~~~~~~~~~~~~~~~~~~~~~~~~~~~~~~~~~~~~~~~
dir = /hpc/data/cfd-students/nnoventa/regression_runs/gpu_pr623_1217022/examples/bfield
test = bfield
1000 
read 11 log entries
1000 
read 11 log entries
==== generating gold standard for test bfield ====
==== comparing log.ab.bfield with log.archive.24Sep26.ab.bfield ====
Step     error  0.0 wrt norm     1.0
Np       error  0.0 wrt norm     1.0
Natt     error 0.014344262295081968 wrt norm     1.0
Ncoll    error 0.043318752645689296 wrt norm     1.0
c_temp   error 5.982587833864079e-05 wrt norm     1.0

WARNING: Only 1 out of 11 rows are identical
*** test bfield passed
elapsed time = 11.032480239868164 s for test bfield
~~~~~~~~~~~~~~~~~~~~~~~~~~~~~~~~~~~~~~~~~

~~~~~~~~~~~~~~~~~~~~~~~~~~~~~~~~~~~~~~~~~
dir = /hpc/data/cfd-students/nnoventa/regression_runs/gpu_pr623_1217022/examples/flowfile
test = flowfile
1000 
read 11 log entries
1000 
read 11 log entries
==== generating gold standard for test flowfile ====
==== comparing log.ab.flowfile with log.archive.24Sep26.ab.flowfile ====
Step     error  0.0 wrt norm     1.0
Np       error  0.0 wrt norm     1.0
Natt              error  0.0
Ncoll             error  0.0
Nscoll            error  0.0
Nscheck           error  0.0
f_1      error  0.0 wrt norm     1.0
f_1[1]   error  0.0 wrt norm     1.0
f_1[2]   error  0.0 wrt norm     1.0

All rows are identical
*** test flowfile passed
elapsed time = 2.183060646057129 s for test flowfile
~~~~~~~~~~~~~~~~~~~~~~~~~~~~~~~~~~~~~~~~~

~~~~~~~~~~~~~~~~~~~~~~~~~~~~~~~~~~~~~~~~~
dir = /hpc/data/cfd-students/nnoventa/regression_runs/gpu_pr623_1217022/examples/surf_react_heatflux
test = surf_react_heatflux
3000 
read 4 log entries
3000 
read 4 log entries
==== generating gold standard for test surf_react_heatflux ====
==== comparing log.ab.surf_react_heatflux with log.archive.24Sep26.ab.surf_react_heatflux ====
Step     error  0.0 wrt norm     1.0
Np       error 2.4140303443614287e-05 wrt norm     1.0
Ncoll             error  0.5
Nreact            error  0.0
Nscoll   error 0.5333333333333333 wrt norm     1.0
Nsreact           error  0.0
Ngrid    error 0.002506002400960384 wrt norm     1.0
c_echem  error 0.7142849156304173 wrt norm     1.0
Maxlevel  error  0.0 wrt norm     1.0
!!! test surf_react_heatflux FAILED
elapsed time = 7.911977052688599 s for test surf_react_heatflux
~~~~~~~~~~~~~~~~~~~~~~~~~~~~~~~~~~~~~~~~~

~~~~~~~~~~~~~~~~~~~~~~~~~~~~~~~~~~~~~~~~~
dir = /hpc/data/cfd-students/nnoventa/regression_runs/gpu_pr623_1217022/examples/relax_const
test = relax_const
==== generating gold standard for test relax_const ====
==== comparing log.ab.relax_const with log.archive.24Sep26.ab.relax_const ====
mpirun noticed that process rank 0 with PID 0 on node an5007 exited on signal 6 (Aborted).
!!! test relax_const FAILED
elapsed time = 10.682620525360107 s for test relax_const
~~~~~~~~~~~~~~~~~~~~~~~~~~~~~~~~~~~~~~~~~

~~~~~~~~~~~~~~~~~~~~~~~~~~~~~~~~~~~~~~~~~
dir = /hpc/data/cfd-students/nnoventa/regression_runs/gpu_pr623_1217022/examples/paraview
test = sphere.paraview
1000 
read 11 log entries
1000 
read 11 log entries
==== generating gold standard for test sphere.paraview ====
==== comparing log.ab.sphere.paraview with log.archive.24Sep26.ab.sphere.paraview ====
Step     error  0.0 wrt norm     1.0
Np       error  0.0 wrt norm     1.0
Natt              error  0.0
Ncoll             error  0.0
Nscoll   error  0.0 wrt norm     1.0
Nscheck  error  0.0 wrt norm     1.0

All rows are identical
*** test sphere.paraview passed
elapsed time = 4.74505352973938 s for test sphere.paraview
~~~~~~~~~~~~~~~~~~~~~~~~~~~~~~~~~~~~~~~~~

~~~~~~~~~~~~~~~~~~~~~~~~~~~~~~~~~~~~~~~~~
dir = /hpc/data/cfd-students/nnoventa/regression_runs/gpu_pr623_1217022/examples/paraview
test = circle.paraview
1000 
read 11 log entries
1000 
read 11 log entries
==== generating gold standard for test circle.paraview ====
==== comparing log.ab.circle.paraview with log.archive.24Sep26.ab.circle.paraview ====
Step     error  0.0 wrt norm     1.0
Np       error  0.0 wrt norm     1.0
Natt              error  0.0
Ncoll             error  0.0
Nscoll   error  0.0 wrt norm     1.0
Nscheck  error  0.0 wrt norm     1.0

All rows are identical
*** test circle.paraview passed
elapsed time = 3.241741895675659 s for test circle.paraview
~~~~~~~~~~~~~~~~~~~~~~~~~~~~~~~~~~~~~~~~~

~~~~~~~~~~~~~~~~~~~~~~~~~~~~~~~~~~~~~~~~~
dir = /hpc/data/cfd-students/nnoventa/regression_runs/gpu_pr623_1217022/examples/paraview
test = adapt.static.paraview
500 2500 5500 
read 56 log entries
500 2500 5500 
read 56 log entries
==== generating gold standard for test adapt.static.paraview ====
==== comparing log.ab.adapt.static.paraview with log.archive.24Sep26.ab.adapt.static.paraview ====
Step     error  0.0 wrt norm     1.0
Np       error  0.0 wrt norm     1.0
Natt              error  0.0
Ncoll             error  0.0
Nscoll   error  0.0 wrt norm     1.0
Nscheck  error  0.0 wrt norm     1.0

All rows are identical
*** test adapt.static.paraview passed
elapsed time = 10.34206223487854 s for test adapt.static.paraview
~~~~~~~~~~~~~~~~~~~~~~~~~~~~~~~~~~~~~~~~~

~~~~~~~~~~~~~~~~~~~~~~~~~~~~~~~~~~~~~~~~~
dir = /hpc/data/cfd-students/nnoventa/regression_runs/gpu_pr623_1217022/examples/chem_rates
test = chem_rates
1000 
read 11 log entries
1000 
read 11 log entries
==== generating gold standard for test chem_rates ====
==== comparing log.ab.chem_rates with log.archive.24Sep26.ab.chem_rates ====
Step     error  0.0 wrt norm     1.0
Np       error  0.0 wrt norm     1.0
Natt     error 0.013805458952471282 wrt norm     1.0
Ncoll    error 0.05461689587426326 wrt norm     1.0
Nreact            error  0.0
c_temp   error 0.005293542974853301 wrt norm     1.0
!!! test chem_rates FAILED
elapsed time = 2.034560203552246 s for test chem_rates
~~~~~~~~~~~~~~~~~~~~~~~~~~~~~~~~~~~~~~~~~

~~~~~~~~~~~~~~~~~~~~~~~~~~~~~~~~~~~~~~~~~
dir = /hpc/data/cfd-students/nnoventa/regression_runs/gpu_pr623_1217022/examples/spiky
test = spiky
1000 
read 11 log entries
1000 
read 11 log entries
==== generating gold standard for test spiky ====
==== comparing log.ab.spiky with log.archive.24Sep26.ab.spiky ====
Step     error  0.0 wrt norm     1.0
Np       error  0.0 wrt norm     1.0
Natt              error  0.0
Ncoll             error  0.0
Nscoll   error  0.0 wrt norm     1.0
Nscheck  error  0.0 wrt norm     1.0

All rows are identical
*** test spiky passed
elapsed time = 2.753983736038208 s for test spiky
~~~~~~~~~~~~~~~~~~~~~~~~~~~~~~~~~~~~~~~~~

~~~~~~~~~~~~~~~~~~~~~~~~~~~~~~~~~~~~~~~~~
dir = /hpc/data/cfd-students/nnoventa/regression_runs/gpu_pr623_1217022/examples/fft
test = fft.3d
==== generating gold standard for test fft.3d ====
==== comparing log.ab.fft.3d with log.archive.24Sep26.ab.fft.3d ====
ERROR: Unrecognized compute style (/hpc/data/cfd-students/nnoventa/sparta/src/modify.cpp:469)
ERROR: Unrecognized compute style (/hpc/data/cfd-students/nnoventa/sparta/src/modify.cpp:469)
!!! test fft.3d FAILED
elapsed time = 5.412018537521362 s for test fft.3d
~~~~~~~~~~~~~~~~~~~~~~~~~~~~~~~~~~~~~~~~~

~~~~~~~~~~~~~~~~~~~~~~~~~~~~~~~~~~~~~~~~~
dir = /hpc/data/cfd-students/nnoventa/regression_runs/gpu_pr623_1217022/examples/fft
test = fft.2d
==== generating gold standard for test fft.2d ====
==== comparing log.ab.fft.2d with log.archive.24Sep26.ab.fft.2d ====
ERROR: Unrecognized compute style (/hpc/data/cfd-students/nnoventa/sparta/src/modify.cpp:469)
ERROR: Unrecognized compute style (/hpc/data/cfd-students/nnoventa/sparta/src/modify.cpp:469)
!!! test fft.2d FAILED
elapsed time = 5.4336981773376465 s for test fft.2d
~~~~~~~~~~~~~~~~~~~~~~~~~~~~~~~~~~~~~~~~~

~~~~~~~~~~~~~~~~~~~~~~~~~~~~~~~~~~~~~~~~~
dir = /hpc/data/cfd-students/nnoventa/regression_runs/gpu_pr623_1217022/examples/regions
test = regions
200 
read 5 log entries
200 
read 5 log entries
==== generating gold standard for test regions ====
==== comparing log.ab.regions with log.archive.24Sep26.ab.regions ====
Step     error  0.0 wrt norm     1.0
Np       error 0.0001473125973315375 wrt norm     1.0
Natt     error 0.15789473684210525 wrt norm     1.0
Ncoll    error 0.23076923076923075 wrt norm     1.0
c_t      error 3.437956570854394e-05 wrt norm     1.0
c_n      error 0.00011664097681777904 wrt norm     1.0
!!! test regions FAILED
elapsed time = 1.6965999603271484 s for test regions
~~~~~~~~~~~~~~~~~~~~~~~~~~~~~~~~~~~~~~~~~

~~~~~~~~~~~~~~~~~~~~~~~~~~~~~~~~~~~~~~~~~
dir = /hpc/data/cfd-students/nnoventa/regression_runs/gpu_pr623_1217022/examples/python
test = circle.pyvar
==== generating gold standard for test circle.pyvar ====
==== comparing log.ab.circle.pyvar with log.archive.24Sep26.ab.circle.pyvar ====
ERROR: SPARTA is not built with Python embedded (/hpc/data/cfd-students/nnoventa/sparta/src/variable.cpp:482)
ERROR: SPARTA is not built with Python embedded (/hpc/data/cfd-students/nnoventa/sparta/src/variable.cpp:482)
!!! test circle.pyvar FAILED
elapsed time = 5.408477783203125 s for test circle.pyvar
~~~~~~~~~~~~~~~~~~~~~~~~~~~~~~~~~~~~~~~~~

~~~~~~~~~~~~~~~~~~~~~~~~~~~~~~~~~~~~~~~~~
dir = /hpc/data/cfd-students/nnoventa/regression_runs/gpu_pr623_1217022/examples/shock_tube
test = shocktube
10000 
read 101 log entries
10000 
read 101 log entries
==== generating gold standard for test shocktube ====
==== comparing log.ab.shocktube with log.archive.24Sep26.ab.shocktube ====
Step     error  0.0 wrt norm     1.0
Np       error  0.0 wrt norm     1.0
Natt     error 0.011502561710844508 wrt norm     1.0
Ncoll    error 0.012480189955548194 wrt norm     1.0
Nscoll            error  0.0
Nscheck           error  0.0

WARNING: Only 1 out of 101 rows are identical
*** test shocktube passed
elapsed time = 16.02234196662903 s for test shocktube
~~~~~~~~~~~~~~~~~~~~~~~~~~~~~~~~~~~~~~~~~

~~~~~~~~~~~~~~~~~~~~~~~~~~~~~~~~~~~~~~~~~
dir = /hpc/data/cfd-students/nnoventa/regression_runs/gpu_pr623_1217022/examples/qk
test = qk
400 
read 5 log entries
400 
read 5 log entries
==== generating gold standard for test qk ====
==== comparing log.ab.qk with log.archive.24Sep26.ab.qk ====
Step     error  0.0 wrt norm     1.0
Np       error 0.001233925231842983 wrt norm     1.0
Natt     error 0.01133076181292189 wrt norm     1.0
Ncoll    error 0.02434077079107505 wrt norm     1.0
Nreact   error 2.3333333333333335 wrt norm     1.0
c_temp   error 0.007037715612389916 wrt norm     1.0
!!! test qk FAILED
elapsed time = 1.8039498329162598 s for test qk
~~~~~~~~~~~~~~~~~~~~~~~~~~~~~~~~~~~~~~~~~

~~~~~~~~~~~~~~~~~~~~~~~~~~~~~~~~~~~~~~~~~
dir = /hpc/data/cfd-students/nnoventa/regression_runs/gpu_pr623_1217022/examples/collide
test = collide_3D
1000 
read 11 log entries
1000 
read 11 log entries
==== generating gold standard for test collide_3D ====
==== comparing log.ab.collide_3D with log.archive.24Sep26.ab.collide_3D ====
Step     error  0.0 wrt norm     1.0
Np       error  0.0 wrt norm     1.0
Natt     error 0.0013847346848343857 wrt norm     1.0
Ncoll    error 0.005993959575621466 wrt norm     1.0
c_temp   error  0.0 wrt norm     1.0

WARNING: Only 1 out of 11 rows are identical
*** test collide_3D passed
elapsed time = 2.4638564586639404 s for test collide_3D
~~~~~~~~~~~~~~~~~~~~~~~~~~~~~~~~~~~~~~~~~

~~~~~~~~~~~~~~~~~~~~~~~~~~~~~~~~~~~~~~~~~
dir = /hpc/data/cfd-students/nnoventa/regression_runs/gpu_pr623_1217022/examples/collide
test = collide.group
1000 
read 11 log entries
1000 
read 11 log entries
==== generating gold standard for test collide.group ====
==== comparing log.ab.collide.group with log.archive.24Sep26.ab.collide.group ====
Step     error  0.0 wrt norm     1.0
Np       error  0.0 wrt norm     1.0
Natt     error 0.014226933537903622 wrt norm     1.0
Ncoll    error 0.03453136011275546 wrt norm     1.0
c_temp   error 0.004429782194230016 wrt norm     1.0

WARNING: Only 1 out of 11 rows are identical
*** test collide.group passed
elapsed time = 1.9838788509368896 s for test collide.group
~~~~~~~~~~~~~~~~~~~~~~~~~~~~~~~~~~~~~~~~~

~~~~~~~~~~~~~~~~~~~~~~~~~~~~~~~~~~~~~~~~~
dir = /hpc/data/cfd-students/nnoventa/regression_runs/gpu_pr623_1217022/examples/collide
test = collide_2D_nn
1000 
read 11 log entries
1000 
read 11 log entries
==== generating gold standard for test collide_2D_nn ====
==== comparing log.ab.collide_2D_nn with log.archive.24Sep26.ab.collide_2D_nn ====
Step     error  0.0 wrt norm     1.0
Np       error  0.0 wrt norm     1.0
Natt     error 0.004314305117245237 wrt norm     1.0
Ncoll    error 0.016884397337934436 wrt norm     1.0
c_temp   error  0.0 wrt norm     1.0

WARNING: Only 1 out of 11 rows are identical
*** test collide_2D_nn passed
elapsed time = 3.4833102226257324 s for test collide_2D_nn
~~~~~~~~~~~~~~~~~~~~~~~~~~~~~~~~~~~~~~~~~

~~~~~~~~~~~~~~~~~~~~~~~~~~~~~~~~~~~~~~~~~
dir = /hpc/data/cfd-students/nnoventa/regression_runs/gpu_pr623_1217022/examples/collide
test = collideInterspecies
1000 
read 11 log entries
1000 
read 11 log entries
==== generating gold standard for test collideInterspecies ====
==== comparing log.ab.collideInterspecies with log.archive.24Sep26.ab.collideInterspecies ====
Step     error  0.0 wrt norm     1.0
Np       error  0.0 wrt norm     1.0
Natt     error 0.014561115668580805 wrt norm     1.0
Ncoll    error 0.03482864307606576 wrt norm     1.0
c_temp   error 0.003721911312671233 wrt norm     1.0

WARNING: Only 1 out of 11 rows are identical
*** test collideInterspecies passed
elapsed time = 1.933506965637207 s for test collideInterspecies
~~~~~~~~~~~~~~~~~~~~~~~~~~~~~~~~~~~~~~~~~

~~~~~~~~~~~~~~~~~~~~~~~~~~~~~~~~~~~~~~~~~
dir = /hpc/data/cfd-students/nnoventa/regression_runs/gpu_pr623_1217022/examples/collide
test = collide_3D_sub
1000 
read 11 log entries
1000 
read 11 log entries
==== generating gold standard for test collide_3D_sub ====
==== comparing log.ab.collide_3D_sub with log.archive.24Sep26.ab.collide_3D_sub ====
Step     error  0.0 wrt norm     1.0
Np       error  0.0 wrt norm     1.0
Natt     error 0.0006245624285404883 wrt norm     1.0
Ncoll    error 0.007373400111296606 wrt norm     1.0
c_temp   error  0.0 wrt norm     1.0

WARNING: Only 1 out of 11 rows are identical
*** test collide_3D_sub passed
elapsed time = 4.723440885543823 s for test collide_3D_sub
~~~~~~~~~~~~~~~~~~~~~~~~~~~~~~~~~~~~~~~~~

~~~~~~~~~~~~~~~~~~~~~~~~~~~~~~~~~~~~~~~~~
dir = /hpc/data/cfd-students/nnoventa/regression_runs/gpu_pr623_1217022/examples/collide
test = collide
1000 
read 11 log entries
1000 
read 11 log entries
==== generating gold standard for test collide ====
==== comparing log.ab.collide with log.archive.24Sep26.ab.collide ====
Step     error  0.0 wrt norm     1.0
Np       error  0.0 wrt norm     1.0
Natt     error 0.013029949436017114 wrt norm     1.0
Ncoll    error 0.016094573422589378 wrt norm     1.0
c_temp   error  0.0 wrt norm     1.0

WARNING: Only 1 out of 11 rows are identical
*** test collide passed
elapsed time = 1.9188785552978516 s for test collide
~~~~~~~~~~~~~~~~~~~~~~~~~~~~~~~~~~~~~~~~~

~~~~~~~~~~~~~~~~~~~~~~~~~~~~~~~~~~~~~~~~~
dir = /hpc/data/cfd-students/nnoventa/regression_runs/gpu_pr623_1217022/examples/collide
test = collide_2D_sub
1000 
read 11 log entries
1000 
read 11 log entries
==== generating gold standard for test collide_2D_sub ====
==== comparing log.ab.collide_2D_sub with log.archive.24Sep26.ab.collide_2D_sub ====
Step     error  0.0 wrt norm     1.0
Np       error  0.0 wrt norm     1.0
Natt     error 0.005136024396115882 wrt norm     1.0
Ncoll    error 0.02586953830919668 wrt norm     1.0
c_temp   error  0.0 wrt norm     1.0

WARNING: Only 1 out of 11 rows are identical
*** test collide_2D_sub passed
elapsed time = 3.11393404006958 s for test collide_2D_sub
~~~~~~~~~~~~~~~~~~~~~~~~~~~~~~~~~~~~~~~~~

~~~~~~~~~~~~~~~~~~~~~~~~~~~~~~~~~~~~~~~~~
dir = /hpc/data/cfd-students/nnoventa/regression_runs/gpu_pr623_1217022/examples/collide
test = collide_2D
1000 
read 11 log entries
1000 
read 11 log entries
==== generating gold standard for test collide_2D ====
==== comparing log.ab.collide_2D with log.archive.24Sep26.ab.collide_2D ====
Step     error  0.0 wrt norm     1.0
Np       error  0.0 wrt norm     1.0
Natt     error 0.0018445745448712808 wrt norm     1.0
Ncoll    error 0.009483079211602826 wrt norm     1.0
c_temp   error  0.0 wrt norm     1.0

WARNING: Only 1 out of 11 rows are identical
*** test collide_2D passed
elapsed time = 2.250234603881836 s for test collide_2D
~~~~~~~~~~~~~~~~~~~~~~~~~~~~~~~~~~~~~~~~~

~~~~~~~~~~~~~~~~~~~~~~~~~~~~~~~~~~~~~~~~~
dir = /hpc/data/cfd-students/nnoventa/regression_runs/gpu_pr623_1217022/examples/collide
test = collide_3D_nn
1000 
read 11 log entries
1000 
read 11 log entries
==== generating gold standard for test collide_3D_nn ====
==== comparing log.ab.collide_3D_nn with log.archive.24Sep26.ab.collide_3D_nn ====
Step     error  0.0 wrt norm     1.0
Np       error  0.0 wrt norm     1.0
Natt     error 0.0008714882298713926 wrt norm     1.0
Ncoll    error 0.00887516732824191 wrt norm     1.0
c_temp   error  0.0 wrt norm     1.0

WARNING: Only 1 out of 11 rows are identical
*** test collide_3D_nn passed
elapsed time = 4.9180872440338135 s for test collide_3D_nn
~~~~~~~~~~~~~~~~~~~~~~~~~~~~~~~~~~~~~~~~~

~~~~~~~~~~~~~~~~~~~~~~~~~~~~~~~~~~~~~~~~~
dir = /hpc/data/cfd-students/nnoventa/regression_runs/gpu_pr623_1217022/examples/adjust_temp
test = circle.adjust
2000 
read 9 log entries
2000 
read 9 log entries
==== generating gold standard for test circle.adjust ====
==== comparing log.ab.circle.adjust with log.archive.24Sep26.ab.circle.adjust ====
Step     error  0.0 wrt norm     1.0
Np       error 0.002731523634623991 wrt norm     1.0
Natt     error 0.055475504322766565 wrt norm     1.0
Ncoll    error 0.06199186991869919 wrt norm     1.0
Nscoll   error 0.3888888888888889 wrt norm     1.0
Ngrid    error 0.020188604064284767 wrt norm     1.0
Maxlevel  error  0.0 wrt norm     1.0
!!! test circle.adjust FAILED
elapsed time = 4.511306285858154 s for test circle.adjust
~~~~~~~~~~~~~~~~~~~~~~~~~~~~~~~~~~~~~~~~~

~~~~~~~~~~~~~~~~~~~~~~~~~~~~~~~~~~~~~~~~~
dir = /hpc/data/cfd-students/nnoventa/regression_runs/gpu_pr623_1217022/examples/adjust_temp
test = sphere.constant
2000 
read 9 log entries
2000 
read 9 log entries
==== generating gold standard for test sphere.constant ====
==== comparing log.ab.sphere.constant with log.archive.24Sep26.ab.sphere.constant ====
Step     error  0.0 wrt norm     1.0
Np       error 0.0011618381461001622 wrt norm     1.0
Natt     error 0.11820330969267138 wrt norm     1.0
Ncoll    error 0.11598746081504702 wrt norm     1.0
Nscoll   error 0.3888888888888889 wrt norm     1.0
Ngrid    error 0.0017245091871957543 wrt norm     1.0
Maxlevel  error  0.0 wrt norm     1.0
!!! test sphere.constant FAILED
elapsed time = 24.660219430923462 s for test sphere.constant
~~~~~~~~~~~~~~~~~~~~~~~~~~~~~~~~~~~~~~~~~

~~~~~~~~~~~~~~~~~~~~~~~~~~~~~~~~~~~~~~~~~
dir = /hpc/data/cfd-students/nnoventa/regression_runs/gpu_pr623_1217022/examples/adjust_temp
test = circle.constant
2000 
read 9 log entries
2000 
read 9 log entries
==== generating gold standard for test circle.constant ====
==== comparing log.ab.circle.constant with log.archive.24Sep26.ab.circle.constant ====
Step     error  0.0 wrt norm     1.0
Np       error 0.0017306290988583922 wrt norm     1.0
Natt     error 0.05410628019323672 wrt norm     1.0
Ncoll    error 0.06666666666666667 wrt norm     1.0
Nscoll   error 0.125 wrt norm     1.0
Ngrid    error 0.014456118176791214 wrt norm     1.0
Maxlevel  error  0.0 wrt norm     1.0
!!! test circle.constant FAILED
elapsed time = 4.69610595703125 s for test circle.constant
~~~~~~~~~~~~~~~~~~~~~~~~~~~~~~~~~~~~~~~~~

~~~~~~~~~~~~~~~~~~~~~~~~~~~~~~~~~~~~~~~~~
dir = /hpc/data/cfd-students/nnoventa/regression_runs/gpu_pr623_1217022/examples/adjust_temp
test = sphere.adjust
2000 
read 9 log entries
2000 
read 9 log entries
==== generating gold standard for test sphere.adjust ====
==== comparing log.ab.sphere.adjust with log.archive.24Sep26.ab.sphere.adjust ====
Step     error  0.0 wrt norm     1.0
Np       error 0.0009024592013236068 wrt norm     1.0
Natt     error 0.2833333333333333 wrt norm     1.0
Ncoll    error 0.2835820895522388 wrt norm     1.0
Nscoll   error 0.20833333333333334 wrt norm     1.0
Ngrid    error 0.003361287973879508 wrt norm     1.0
Maxlevel  error  0.0 wrt norm     1.0
!!! test sphere.adjust FAILED
elapsed time = 24.27461814880371 s for test sphere.adjust
~~~~~~~~~~~~~~~~~~~~~~~~~~~~~~~~~~~~~~~~~

~~~~~~~~~~~~~~~~~~~~~~~~~~~~~~~~~~~~~~~~~
dir = /hpc/data/cfd-students/nnoventa/regression_runs/gpu_pr623_1217022/examples/step
test = step
1000 
read 11 log entries
1000 
read 11 log entries
==== generating gold standard for test step ====
==== comparing log.ab.step with log.archive.24Sep26.ab.step ====
Step     error  0.0 wrt norm     1.0
Np       error  0.0 wrt norm     1.0
Natt              error  0.0
Ncoll             error  0.0
Nscoll   error  0.0 wrt norm     1.0
Nscheck  error  0.0 wrt norm     1.0

All rows are identical
*** test step passed
elapsed time = 2.6750738620758057 s for test step
~~~~~~~~~~~~~~~~~~~~~~~~~~~~~~~~~~~~~~~~~

~~~~~~~~~~~~~~~~~~~~~~~~~~~~~~~~~~~~~~~~~
dir = /hpc/data/cfd-students/nnoventa/regression_runs/gpu_pr623_1217022/examples/vibrate
test = vibrate
100 
read 11 log entries
100 
read 11 log entries
==== generating gold standard for test vibrate ====
==== comparing log.ab.vibrate with log.archive.24Sep26.ab.vibrate ====
Step     error  0.0 wrt norm     1.0
Np       error  0.0 wrt norm     1.0
Natt     error 0.030660377358490566 wrt norm     1.0
Ncoll    error 0.05902777777777777 wrt norm     1.0
c_St     error 0.019952460251373365 wrt norm     1.0
c_Sr     error 0.010516509878586171 wrt norm     1.0
c_Srv    error 0.13224218212704947 wrt norm     1.0
c_Sv     error 0.26369720203843416 wrt norm     1.0
!!! test vibrate FAILED
elapsed time = 1.5738983154296875 s for test vibrate
~~~~~~~~~~~~~~~~~~~~~~~~~~~~~~~~~~~~~~~~~

~~~~~~~~~~~~~~~~~~~~~~~~~~~~~~~~~~~~~~~~~
dir = /hpc/data/cfd-students/nnoventa/regression_runs/gpu_pr623_1217022/examples/surf_react_adsorb
test = beam.face.gs_ps
1000 
read 101 log entries
1000 
read 101 log entries
==== generating gold standard for test beam.face.gs_ps ====
==== comparing log.ab.beam.face.gs_ps with log.archive.24Sep26.ab.beam.face.gs_ps ====
Step     error  0.0 wrt norm     1.0
Np       error 0.015311467603202475 wrt norm     1.0
Natt              error  0.0
Ncoll             error  0.0
Nscoll            error  0.0
Nscheck           error  0.0

WARNING: Only 21 out of 101 rows are identical
*** test beam.face.gs_ps passed
elapsed time = 3.531162977218628 s for test beam.face.gs_ps
~~~~~~~~~~~~~~~~~~~~~~~~~~~~~~~~~~~~~~~~~

~~~~~~~~~~~~~~~~~~~~~~~~~~~~~~~~~~~~~~~~~
dir = /hpc/data/cfd-students/nnoventa/regression_runs/gpu_pr623_1217022/examples/surf_react_adsorb
test = beam.face.gs
1000 
read 101 log entries
1000 
read 101 log entries
==== generating gold standard for test beam.face.gs ====
==== comparing log.ab.beam.face.gs with log.archive.24Sep26.ab.beam.face.gs ====
Step     error  0.0 wrt norm     1.0
Np       error 0.0008244769096192325 wrt norm     1.0
Natt              error  0.0
Ncoll             error  0.0
Nscoll            error  0.0
Nscheck           error  0.0

WARNING: Only 48 out of 101 rows are identical
*** test beam.face.gs passed
elapsed time = 2.254955530166626 s for test beam.face.gs
~~~~~~~~~~~~~~~~~~~~~~~~~~~~~~~~~~~~~~~~~

~~~~~~~~~~~~~~~~~~~~~~~~~~~~~~~~~~~~~~~~~
dir = /hpc/data/cfd-students/nnoventa/regression_runs/gpu_pr623_1217022/examples/surf_react_adsorb
test = beam.surf.ps
1000 
read 101 log entries
1000 
read 101 log entries
==== generating gold standard for test beam.surf.ps ====
==== comparing log.ab.beam.surf.ps with log.archive.24Sep26.ab.beam.surf.ps ====
Step     error  0.0 wrt norm     1.0
Np       error 0.0009942767167638237 wrt norm     1.0
Natt              error  0.0
Ncoll             error  0.0
Nscoll   error  0.0 wrt norm     1.0
Nscheck  error 0.0017022768750149428 wrt norm     1.0

WARNING: Only 29 out of 101 rows are identical
*** test beam.surf.ps passed
elapsed time = 4.708609104156494 s for test beam.surf.ps
~~~~~~~~~~~~~~~~~~~~~~~~~~~~~~~~~~~~~~~~~

~~~~~~~~~~~~~~~~~~~~~~~~~~~~~~~~~~~~~~~~~
dir = /hpc/data/cfd-students/nnoventa/regression_runs/gpu_pr623_1217022/examples/surf_react_adsorb
test = circle.ps
500 
read 51 log entries
500 
read 51 log entries
==== generating gold standard for test circle.ps ====
==== comparing log.ab.circle.ps with log.archive.24Sep26.ab.circle.ps ====
Step     error  0.0 wrt norm     1.0
Np       error 0.0010668707375813095 wrt norm     1.0
Natt              error  0.0
Ncoll             error  0.0
Nscoll   error 0.04276211593284764 wrt norm     1.0
Nscheck  error 0.010345782708618741 wrt norm     1.0

WARNING: Only 15 out of 51 rows are identical
*** test circle.ps passed
elapsed time = 2.9066760540008545 s for test circle.ps
~~~~~~~~~~~~~~~~~~~~~~~~~~~~~~~~~~~~~~~~~

~~~~~~~~~~~~~~~~~~~~~~~~~~~~~~~~~~~~~~~~~
dir = /hpc/data/cfd-students/nnoventa/regression_runs/gpu_pr623_1217022/examples/surf_react_adsorb
test = beam.face.ps
1000 
read 101 log entries
1000 
read 101 log entries
==== generating gold standard for test beam.face.ps ====
==== comparing log.ab.beam.face.ps with log.archive.24Sep26.ab.beam.face.ps ====
Step     error  0.0 wrt norm     1.0
Np       error 0.0007556574883005661 wrt norm     1.0
Natt              error  0.0
Ncoll             error  0.0
Nscoll            error  0.0
Nscheck           error  0.0

WARNING: Only 40 out of 101 rows are identical
*** test beam.face.ps passed
elapsed time = 3.453321695327759 s for test beam.face.ps
~~~~~~~~~~~~~~~~~~~~~~~~~~~~~~~~~~~~~~~~~

~~~~~~~~~~~~~~~~~~~~~~~~~~~~~~~~~~~~~~~~~
dir = /hpc/data/cfd-students/nnoventa/regression_runs/gpu_pr623_1217022/examples/surf_react_adsorb
test = circle.gs
500 
read 51 log entries
500 
read 51 log entries
==== generating gold standard for test circle.gs ====
==== comparing log.ab.circle.gs with log.archive.24Sep26.ab.circle.gs ====
Step     error  0.0 wrt norm     1.0
Np       error 0.0011022283308380729 wrt norm     1.0
Natt              error  0.0
Ncoll             error  0.0
Nscoll   error 0.005147058823529412 wrt norm     1.0
Nscheck  error 0.00719207579672696 wrt norm     1.0

WARNING: Only 14 out of 51 rows are identical
*** test circle.gs passed
elapsed time = 2.056828022003174 s for test circle.gs
~~~~~~~~~~~~~~~~~~~~~~~~~~~~~~~~~~~~~~~~~

~~~~~~~~~~~~~~~~~~~~~~~~~~~~~~~~~~~~~~~~~
dir = /hpc/data/cfd-students/nnoventa/regression_runs/gpu_pr623_1217022/examples/surf_react_adsorb
test = beam.surf.gs_ps
1000 
read 101 log entries
1000 
read 101 log entries
==== generating gold standard for test beam.surf.gs_ps ====
==== comparing log.ab.beam.surf.gs_ps with log.archive.24Sep26.ab.beam.surf.gs_ps ====
Step     error  0.0 wrt norm     1.0
Np       error 0.0152123482865807 wrt norm     1.0
Natt              error  0.0
Ncoll             error  0.0
Nscoll   error  0.0 wrt norm     1.0
Nscheck  error 0.02474840773112024 wrt norm     1.0

WARNING: Only 20 out of 101 rows are identical
*** test beam.surf.gs_ps passed
elapsed time = 4.766871452331543 s for test beam.surf.gs_ps
~~~~~~~~~~~~~~~~~~~~~~~~~~~~~~~~~~~~~~~~~

~~~~~~~~~~~~~~~~~~~~~~~~~~~~~~~~~~~~~~~~~
dir = /hpc/data/cfd-students/nnoventa/regression_runs/gpu_pr623_1217022/examples/surf_react_adsorb
test = beam.surf.gs
1000 
read 101 log entries
1000 
read 101 log entries
==== generating gold standard for test beam.surf.gs ====
==== comparing log.ab.beam.surf.gs with log.archive.24Sep26.ab.beam.surf.gs ====
Step     error  0.0 wrt norm     1.0
Np       error 0.0004942037489148803 wrt norm     1.0
Natt              error  0.0
Ncoll             error  0.0
Nscoll   error  0.0 wrt norm     1.0
Nscheck  error 0.000699086817844191 wrt norm     1.0

WARNING: Only 39 out of 101 rows are identical
*** test beam.surf.gs passed
elapsed time = 2.66109299659729 s for test beam.surf.gs
~~~~~~~~~~~~~~~~~~~~~~~~~~~~~~~~~~~~~~~~~

~~~~~~~~~~~~~~~~~~~~~~~~~~~~~~~~~~~~~~~~~
dir = /hpc/data/cfd-students/nnoventa/regression_runs/gpu_pr623_1217022/examples/surf_react_adsorb
test = circle.gs_ps
500 
read 51 log entries
500 
read 51 log entries
==== generating gold standard for test circle.gs_ps ====
==== comparing log.ab.circle.gs_ps with log.archive.24Sep26.ab.circle.gs_ps ====
Step     error  0.0 wrt norm     1.0
Np       error 0.0013956387941283957 wrt norm     1.0
Natt              error  0.0
Ncoll             error  0.0
Nscoll   error 0.037 wrt norm     1.0
Nscheck  error 0.015063476132621979 wrt norm     1.0

WARNING: Only 14 out of 51 rows are identical
*** test circle.gs_ps passed
elapsed time = 3.0344512462615967 s for test circle.gs_ps
~~~~~~~~~~~~~~~~~~~~~~~~~~~~~~~~~~~~~~~~~

~~~~~~~~~~~~~~~~~~~~~~~~~~~~~~~~~~~~~~~~~
dir = /hpc/data/cfd-students/nnoventa/regression_runs/gpu_pr623_1217022/examples/surf_collide
test = circle.diffuse
1000 
read 11 log entries
1000 
read 11 log entries
==== generating gold standard for test circle.diffuse ====
==== comparing log.ab.circle.diffuse with log.archive.24Sep26.ab.circle.diffuse ====
Step     error  0.0 wrt norm     1.0
Np       error 0.001428314074684098 wrt norm     1.0
Natt              error  0.0
Ncoll             error  0.0
Nscoll   error 0.022637238256932656 wrt norm     1.0
Nscheck  error 0.012710558751027116 wrt norm     1.0

WARNING: Only 2 out of 11 rows are identical
*** test circle.diffuse passed
elapsed time = 2.785372734069824 s for test circle.diffuse
~~~~~~~~~~~~~~~~~~~~~~~~~~~~~~~~~~~~~~~~~

~~~~~~~~~~~~~~~~~~~~~~~~~~~~~~~~~~~~~~~~~
dir = /hpc/data/cfd-students/nnoventa/regression_runs/gpu_pr623_1217022/examples/surf_collide
test = beam.cll
1000 
read 11 log entries
1000 
read 11 log entries
==== generating gold standard for test beam.cll ====
==== comparing log.ab.beam.cll with log.archive.24Sep26.ab.beam.cll ====
Step     error  0.0 wrt norm     1.0
Np       error 0.001031023377586247 wrt norm     1.0
Natt              error  0.0
Ncoll             error  0.0
Nscoll            error  0.0
Nscheck           error  0.0

WARNING: Only 4 out of 11 rows are identical
*** test beam.cll passed
elapsed time = 1.9458961486816406 s for test beam.cll
~~~~~~~~~~~~~~~~~~~~~~~~~~~~~~~~~~~~~~~~~

~~~~~~~~~~~~~~~~~~~~~~~~~~~~~~~~~~~~~~~~~
dir = /hpc/data/cfd-students/nnoventa/regression_runs/gpu_pr623_1217022/examples/surf_collide
test = circle.td
1000 
read 11 log entries
1000 
read 11 log entries
==== generating gold standard for test circle.td ====
==== comparing log.ab.circle.td with log.archive.24Sep26.ab.circle.td ====
Step     error  0.0 wrt norm     1.0
Np       error 0.0021082090702304853 wrt norm     1.0
Natt              error  0.0
Ncoll             error  0.0
Nscoll   error 0.03923766816143497 wrt norm     1.0
Nscheck  error 0.01028825946488504 wrt norm     1.0

WARNING: Only 2 out of 11 rows are identical
*** test circle.td passed
elapsed time = 2.6385133266448975 s for test circle.td
~~~~~~~~~~~~~~~~~~~~~~~~~~~~~~~~~~~~~~~~~

~~~~~~~~~~~~~~~~~~~~~~~~~~~~~~~~~~~~~~~~~
dir = /hpc/data/cfd-students/nnoventa/regression_runs/gpu_pr623_1217022/examples/surf_collide
test = beam.specular
1000 
read 11 log entries
1000 
read 11 log entries
==== generating gold standard for test beam.specular ====
==== comparing log.ab.beam.specular with log.archive.24Sep26.ab.beam.specular ====
Step     error  0.0 wrt norm     1.0
Np       error  0.0 wrt norm     1.0
Natt              error  0.0
Ncoll             error  0.0
Nscoll            error  0.0
Nscheck           error  0.0

All rows are identical
*** test beam.specular passed
elapsed time = 1.8400704860687256 s for test beam.specular
~~~~~~~~~~~~~~~~~~~~~~~~~~~~~~~~~~~~~~~~~

~~~~~~~~~~~~~~~~~~~~~~~~~~~~~~~~~~~~~~~~~
dir = /hpc/data/cfd-students/nnoventa/regression_runs/gpu_pr623_1217022/examples/surf_collide
test = circle.cll
1000 
read 11 log entries
1000 
read 11 log entries
==== generating gold standard for test circle.cll ====
==== comparing log.ab.circle.cll with log.archive.24Sep26.ab.circle.cll ====
Step     error  0.0 wrt norm     1.0
Np       error 0.0009134997818890972 wrt norm     1.0
Natt              error  0.0
Ncoll             error  0.0
Nscoll   error 0.029201101928374655 wrt norm     1.0
Nscheck  error 0.012758885195602148 wrt norm     1.0

WARNING: Only 2 out of 11 rows are identical
*** test circle.cll passed
elapsed time = 2.6672027111053467 s for test circle.cll
~~~~~~~~~~~~~~~~~~~~~~~~~~~~~~~~~~~~~~~~~

~~~~~~~~~~~~~~~~~~~~~~~~~~~~~~~~~~~~~~~~~
dir = /hpc/data/cfd-students/nnoventa/regression_runs/gpu_pr623_1217022/examples/surf_collide
test = beam.impulsive
1000 
read 11 log entries
1000 
read 11 log entries
==== generating gold standard for test beam.impulsive ====
==== comparing log.ab.beam.impulsive with log.archive.24Sep26.ab.beam.impulsive ====
Step     error  0.0 wrt norm     1.0
Np       error 0.0009149000042885939 wrt norm     1.0
Natt              error  0.0
Ncoll             error  0.0
Nscoll            error  0.0
Nscheck           error  0.0

WARNING: Only 5 out of 11 rows are identical
*** test beam.impulsive passed
elapsed time = 1.9007182121276855 s for test beam.impulsive
~~~~~~~~~~~~~~~~~~~~~~~~~~~~~~~~~~~~~~~~~

~~~~~~~~~~~~~~~~~~~~~~~~~~~~~~~~~~~~~~~~~
dir = /hpc/data/cfd-students/nnoventa/regression_runs/gpu_pr623_1217022/examples/surf_collide
test = beam.td
1000 
read 11 log entries
1000 
read 11 log entries
==== generating gold standard for test beam.td ====
==== comparing log.ab.beam.td with log.archive.24Sep26.ab.beam.td ====
Step     error  0.0 wrt norm     1.0
Np       error 0.0010640829984738809 wrt norm     1.0
Natt              error  0.0
Ncoll             error  0.0
Nscoll            error  0.0
Nscheck           error  0.0

WARNING: Only 4 out of 11 rows are identical
*** test beam.td passed
elapsed time = 1.9558038711547852 s for test beam.td
~~~~~~~~~~~~~~~~~~~~~~~~~~~~~~~~~~~~~~~~~

~~~~~~~~~~~~~~~~~~~~~~~~~~~~~~~~~~~~~~~~~
dir = /hpc/data/cfd-students/nnoventa/regression_runs/gpu_pr623_1217022/examples/surf_collide
test = beam.diffuse
1000 
read 11 log entries
1000 
read 11 log entries
==== generating gold standard for test beam.diffuse ====
==== comparing log.ab.beam.diffuse with log.archive.24Sep26.ab.beam.diffuse ====
Step     error  0.0 wrt norm     1.0
Np       error 0.0006938171726295671 wrt norm     1.0
Natt              error  0.0
Ncoll             error  0.0
Nscoll            error  0.0
Nscheck           error  0.0

WARNING: Only 6 out of 11 rows are identical
*** test beam.diffuse passed
elapsed time = 1.891934871673584 s for test beam.diffuse
~~~~~~~~~~~~~~~~~~~~~~~~~~~~~~~~~~~~~~~~~

~~~~~~~~~~~~~~~~~~~~~~~~~~~~~~~~~~~~~~~~~
dir = /hpc/data/cfd-students/nnoventa/regression_runs/gpu_pr623_1217022/examples/surf_collide
test = beam.adiabatic
1000 
read 11 log entries
1000 
read 11 log entries
==== generating gold standard for test beam.adiabatic ====
==== comparing log.ab.beam.adiabatic with log.archive.24Sep26.ab.beam.adiabatic ====
Step     error  0.0 wrt norm     1.0
Np       error 0.0018603516369569528 wrt norm     1.0
Natt              error  0.0
Ncoll             error  0.0
Nscoll            error  0.0
Nscheck           error  0.0

WARNING: Only 4 out of 11 rows are identical
*** test beam.adiabatic passed
elapsed time = 1.888645887374878 s for test beam.adiabatic
~~~~~~~~~~~~~~~~~~~~~~~~~~~~~~~~~~~~~~~~~

~~~~~~~~~~~~~~~~~~~~~~~~~~~~~~~~~~~~~~~~~
dir = /hpc/data/cfd-students/nnoventa/regression_runs/gpu_pr623_1217022/examples/surf_collide
test = circle.impulsive
1000 
read 11 log entries
1000 
read 11 log entries
==== generating gold standard for test circle.impulsive ====
==== comparing log.ab.circle.impulsive with log.archive.24Sep26.ab.circle.impulsive ====
Step     error  0.0 wrt norm     1.0
Np       error 0.0016902122067363073 wrt norm     1.0
Natt              error  0.0
Ncoll             error  0.0
Nscoll   error 0.023482245131729668 wrt norm     1.0
Nscheck  error 0.012105611020280377 wrt norm     1.0

WARNING: Only 2 out of 11 rows are identical
*** test circle.impulsive passed
elapsed time = 2.837557315826416 s for test circle.impulsive
~~~~~~~~~~~~~~~~~~~~~~~~~~~~~~~~~~~~~~~~~

~~~~~~~~~~~~~~~~~~~~~~~~~~~~~~~~~~~~~~~~~
dir = /hpc/data/cfd-students/nnoventa/regression_runs/gpu_pr623_1217022/examples/surf_collide
test = piston
300 
read 7 log entries
300 
read 7 log entries
==== generating gold standard for test piston ====
==== comparing log.ab.piston with log.archive.24Sep26.ab.piston ====
Step     error  0.0 wrt norm     1.0
Np       error 0.002673473204757242 wrt norm     1.0
Natt     error 0.06279620853080568 wrt norm     1.0
Ncoll    error 0.09355131698455948 wrt norm     1.0
c_t      error 0.004089819262794043 wrt norm     1.0
!!! test piston FAILED
elapsed time = 1.7203049659729004 s for test piston
~~~~~~~~~~~~~~~~~~~~~~~~~~~~~~~~~~~~~~~~~

~~~~~~~~~~~~~~~~~~~~~~~~~~~~~~~~~~~~~~~~~
dir = /hpc/data/cfd-students/nnoventa/regression_runs/gpu_pr623_1217022/examples/surf_collide
test = circle.specular
1000 
read 11 log entries
1000 
read 11 log entries
==== generating gold standard for test circle.specular ====
==== comparing log.ab.circle.specular with log.archive.24Sep26.ab.circle.specular ====
Step     error  0.0 wrt norm     1.0
Np       error  0.0 wrt norm     1.0
Natt              error  0.0
Ncoll             error  0.0
Nscoll   error  0.0 wrt norm     1.0
Nscheck  error  0.0 wrt norm     1.0

All rows are identical
*** test circle.specular passed
elapsed time = 2.638549566268921 s for test circle.specular
~~~~~~~~~~~~~~~~~~~~~~~~~~~~~~~~~~~~~~~~~

~~~~~~~~~~~~~~~~~~~~~~~~~~~~~~~~~~~~~~~~~
dir = /hpc/data/cfd-students/nnoventa/regression_runs/gpu_pr623_1217022/examples/surf_collide
test = circle.adiabatic
1000 
read 11 log entries
1000 
read 11 log entries
==== generating gold standard for test circle.adiabatic ====
==== comparing log.ab.circle.adiabatic with log.archive.24Sep26.ab.circle.adiabatic ====
Step     error  0.0 wrt norm     1.0
Np       error 0.0013715485959261086 wrt norm     1.0
Natt              error  0.0
Ncoll             error  0.0
Nscoll   error 0.021372328458942633 wrt norm     1.0
Nscheck  error 0.009615384615384616 wrt norm     1.0

WARNING: Only 1 out of 11 rows are identical
*** test circle.adiabatic passed
elapsed time = 2.665234327316284 s for test circle.adiabatic
~~~~~~~~~~~~~~~~~~~~~~~~~~~~~~~~~~~~~~~~~

~~~~~~~~~~~~~~~~~~~~~~~~~~~~~~~~~~~~~~~~~
dir = /hpc/data/cfd-students/nnoventa/regression_runs/gpu_pr623_1217022/examples/vtk
test = vtk.3d
==== generating gold standard for test vtk.3d ====
==== comparing log.ab.vtk.3d with log.archive.24Sep26.ab.vtk.3d ====
ERROR: Unrecognized dump style (/hpc/data/cfd-students/nnoventa/sparta/src/output.cpp:547)
ERROR: Unrecognized dump style (/hpc/data/cfd-students/nnoventa/sparta/src/output.cpp:547)
!!! test vtk.3d FAILED
elapsed time = 5.456725835800171 s for test vtk.3d
~~~~~~~~~~~~~~~~~~~~~~~~~~~~~~~~~~~~~~~~~

~~~~~~~~~~~~~~~~~~~~~~~~~~~~~~~~~~~~~~~~~
dir = /hpc/data/cfd-students/nnoventa/regression_runs/gpu_pr623_1217022/examples/vtk
test = vtk
==== generating gold standard for test vtk ====
==== comparing log.ab.vtk with log.archive.24Sep26.ab.vtk ====
ERROR: Unrecognized dump style (/hpc/data/cfd-students/nnoventa/sparta/src/output.cpp:547)
ERROR: Unrecognized dump style (/hpc/data/cfd-students/nnoventa/sparta/src/output.cpp:547)
!!! test vtk FAILED
elapsed time = 5.434545993804932 s for test vtk
~~~~~~~~~~~~~~~~~~~~~~~~~~~~~~~~~~~~~~~~~

~~~~~~~~~~~~~~~~~~~~~~~~~~~~~~~~~~~~~~~~~
dir = /hpc/data/cfd-students/nnoventa/regression_runs/gpu_pr623_1217022/examples/jagged
test = jagged.2d.distributed
1000 
read 11 log entries
1000 
read 11 log entries
==== generating gold standard for test jagged.2d.distributed ====
==== comparing log.ab.jagged.2d.distributed with log.archive.24Sep26.ab.jagged.2d.distributed ====
Step     error  0.0 wrt norm     1.0
Np       error  0.0 wrt norm     1.0
Natt              error  0.0
Ncoll             error  0.0
Nscoll   error  0.0 wrt norm     1.0
Nscheck  error  0.0 wrt norm     1.0

All rows are identical
*** test jagged.2d.distributed passed
elapsed time = 5.326184272766113 s for test jagged.2d.distributed
~~~~~~~~~~~~~~~~~~~~~~~~~~~~~~~~~~~~~~~~~

~~~~~~~~~~~~~~~~~~~~~~~~~~~~~~~~~~~~~~~~~
dir = /hpc/data/cfd-students/nnoventa/regression_runs/gpu_pr623_1217022/examples/jagged
test = jagged.2d
1000 
read 11 log entries
1000 
read 11 log entries
==== generating gold standard for test jagged.2d ====
==== comparing log.ab.jagged.2d with log.archive.24Sep26.ab.jagged.2d ====
Step     error  0.0 wrt norm     1.0
Np       error  0.0 wrt norm     1.0
Natt              error  0.0
Ncoll             error  0.0
Nscoll   error  0.0 wrt norm     1.0
Nscheck  error  0.0 wrt norm     1.0

All rows are identical
*** test jagged.2d passed
elapsed time = 5.293639659881592 s for test jagged.2d
~~~~~~~~~~~~~~~~~~~~~~~~~~~~~~~~~~~~~~~~~

~~~~~~~~~~~~~~~~~~~~~~~~~~~~~~~~~~~~~~~~~
dir = /hpc/data/cfd-students/nnoventa/regression_runs/gpu_pr623_1217022/examples/jagged
test = jagged.3d
==== generating gold standard for test jagged.3d ====
==== comparing log.ab.jagged.3d with log.archive.24Sep26.ab.jagged.3d ====
ERROR on proc 0: Cannot open file sdata.20x20x10x10x10 (/hpc/data/cfd-students/nnoventa/sparta/src/read_surf.cpp:2264)
!!! test jagged.3d FAILED
elapsed time = 3.256633758544922 s for test jagged.3d
~~~~~~~~~~~~~~~~~~~~~~~~~~~~~~~~~~~~~~~~~

~~~~~~~~~~~~~~~~~~~~~~~~~~~~~~~~~~~~~~~~~
dir = /hpc/data/cfd-students/nnoventa/regression_runs/gpu_pr623_1217022/examples/jagged
test = jagged.3d.distributed
==== generating gold standard for test jagged.3d.distributed ====
==== comparing log.ab.jagged.3d.distributed with log.archive.24Sep26.ab.jagged.3d.distributed ====
ERROR on proc 0: Cannot open file sdata.20x20x10x10x10 (/hpc/data/cfd-students/nnoventa/sparta/src/read_surf.cpp:2264)
!!! test jagged.3d.distributed FAILED
elapsed time = 3.2592756748199463 s for test jagged.3d.distributed
~~~~~~~~~~~~~~~~~~~~~~~~~~~~~~~~~~~~~~~~~

~~~~~~~~~~~~~~~~~~~~~~~~~~~~~~~~~~~~~~~~~
dir = /hpc/data/cfd-students/nnoventa/regression_runs/gpu_pr623_1217022/examples/ambi
test = ambi.group.react
300 
read 13 log entries
300 
read 13 log entries
==== generating gold standard for test ambi.group.react ====
==== comparing log.ab.ambi.group.react with log.archive.24Sep26.ab.ambi.group.react ====
Step     error  0.0 wrt norm     1.0
Np       error 0.00013031513265313944 wrt norm     1.0
Natt     error 0.0037353676180455087 wrt norm     1.0
Ncoll    error 0.025009807767752062 wrt norm     1.0
Nreact   error 1.6666666666666667 wrt norm     1.0
c_temp   error 0.001328930887858643 wrt norm     1.0
!!! test ambi.group.react FAILED
elapsed time = 1.8435418605804443 s for test ambi.group.react
~~~~~~~~~~~~~~~~~~~~~~~~~~~~~~~~~~~~~~~~~

~~~~~~~~~~~~~~~~~~~~~~~~~~~~~~~~~~~~~~~~~
dir = /hpc/data/cfd-students/nnoventa/regression_runs/gpu_pr623_1217022/examples/ambi
test = ambi
1000 
read 11 log entries
==== generating gold standard for test ambi ====
==== comparing log.ab.ambi with log.archive.24Sep26.ab.ambi ====
Invalid logfile found
!!! test ambi FAILED
elapsed time = 15.882826566696167 s for test ambi
~~~~~~~~~~~~~~~~~~~~~~~~~~~~~~~~~~~~~~~~~

~~~~~~~~~~~~~~~~~~~~~~~~~~~~~~~~~~~~~~~~~
dir = /hpc/data/cfd-students/nnoventa/regression_runs/gpu_pr623_1217022/examples/ambi
test = ambi.group
300 
read 7 log entries
300 
read 7 log entries
==== generating gold standard for test ambi.group ====
==== comparing log.ab.ambi.group with log.archive.24Sep26.ab.ambi.group ====
Step     error  0.0 wrt norm     1.0
Np       error  0.0 wrt norm     1.0
Natt     error  0.0 wrt norm     1.0
Ncoll    error 0.06077348066298342 wrt norm     1.0
c_temp   error 1.43106718249365e-05 wrt norm     1.0
!!! test ambi.group FAILED
elapsed time = 1.6677167415618896 s for test ambi.group
~~~~~~~~~~~~~~~~~~~~~~~~~~~~~~~~~~~~~~~~~

~~~~~~~~~~~~~~~~~~~~~~~~~~~~~~~~~~~~~~~~~
dir = /hpc/data/cfd-students/nnoventa/regression_runs/gpu_pr623_1217022/examples/chem
test = chem.gastally
500 
read 6 log entries
500 
read 6 log entries
==== generating gold standard for test chem.gastally ====
==== comparing log.ab.chem.gastally with log.archive.24Sep26.ab.chem.gastally ====
Step     error  0.0 wrt norm     1.0
Np       error 0.0012658633508524546 wrt norm     1.0
Natt     error 0.016500383729854184 wrt norm     1.0
Ncoll    error 0.07164404223227754 wrt norm     1.0
Nreact   error  0.6 wrt norm     1.0
c_temp   error 0.004388013971053854 wrt norm     1.0
c_sumcc  error 0.067629179331307 wrt norm     1.0
c_sumcr  error  0.6 wrt norm     1.0
!!! test chem.gastally FAILED
elapsed time = 1.8287525177001953 s for test chem.gastally
~~~~~~~~~~~~~~~~~~~~~~~~~~~~~~~~~~~~~~~~~

~~~~~~~~~~~~~~~~~~~~~~~~~~~~~~~~~~~~~~~~~
dir = /hpc/data/cfd-students/nnoventa/regression_runs/gpu_pr623_1217022/examples/chem
test = chem
1000 
read 11 log entries
1000 
read 11 log entries
==== generating gold standard for test chem ====
==== comparing log.ab.chem with log.archive.24Sep26.ab.chem ====
Step     error  0.0 wrt norm     1.0
Np       error 0.00260308116339013 wrt norm     1.0
Natt     error 0.01914486279514997 wrt norm     1.0
Ncoll    error 0.07132132132132132 wrt norm     1.0
Nreact   error 1.0909090909090908 wrt norm     1.0
c_temp   error 0.008482987006164512 wrt norm     1.0
!!! test chem FAILED
elapsed time = 2.038763999938965 s for test chem
~~~~~~~~~~~~~~~~~~~~~~~~~~~~~~~~~~~~~~~~~

~~~~~~~~~~~~~~~~~~~~~~~~~~~~~~~~~~~~~~~~~
dir = /hpc/data/cfd-students/nnoventa/regression_runs/gpu_pr623_1217022/examples/torque
test = torque
9000 
read 4 log entries
9000 
read 4 log entries
==== generating gold standard for test torque ====
==== comparing log.ab.torque with log.archive.24Sep26.ab.torque ====
Step     error  0.0 wrt norm     1.0
Time              error  0.0
Np       error 0.0028620492272467086 wrt norm     1.0
v_Cd     error 0.032293458241167965 wrt norm     1.0
v_Cy              error 0.0214990545
v_Cl              error 0.027540461250000002
v_Cmx             error 0.0129743446
v_Cmy             error 0.01950248775
v_Cmz             error 0.025746934099999997
v_Cmx2            error 0.013205889725
v_Cmy2            error 0.020647818750000005
v_Cmz2            error 0.025439240499999998

WARNING: Only 1 out of 4 rows are identical
*** test torque passed
elapsed time = 82.44490432739258 s for test torque
~~~~~~~~~~~~~~~~~~~~~~~~~~~~~~~~~~~~~~~~~

~~~~~~~~~~~~~~~~~~~~~~~~~~~~~~~~~~~~~~~~~
dir = /hpc/data/cfd-students/nnoventa/regression_runs/gpu_pr623_1217022/examples/variable_timestep
test = variable_dt
1000 
read 11 log entries
1000 
read 11 log entries
==== generating gold standard for test variable_dt ====
==== comparing log.ab.variable_dt with log.archive.24Sep26.ab.variable_dt ====
Step     error  0.0 wrt norm     1.0
Np       error  0.0 wrt norm     1.0
Natt     error 0.0414524954402255 wrt norm     1.0
Ncoll    error 0.04625498943413947 wrt norm     1.0
Time              error 3.550250000000001e-08
Dt                error 1.2744847272727266e-10

WARNING: Only 1 out of 11 rows are identical
*** test variable_dt passed
elapsed time = 2.014800548553467 s for test variable_dt
~~~~~~~~~~~~~~~~~~~~~~~~~~~~~~~~~~~~~~~~~

~~~~~~~~~~~~~~~~~~~~~~~~~~~~~~~~~~~~~~~~~
dir = /hpc/data/cfd-students/nnoventa/regression_runs/gpu_pr623_1217022/examples/implicit
test = implicit.2d
==== generating gold standard for test implicit.2d ====
==== comparing log.ab.implicit.2d with log.archive.24Sep26.ab.implicit.2d ====
ERROR on proc 0: Cannot open read_isurf grid corner point file binary.101x101 (/hpc/data/cfd-students/nnoventa/sparta/src/read_isurf.cpp:302)
!!! test implicit.2d FAILED
elapsed time = 3.298746109008789 s for test implicit.2d
~~~~~~~~~~~~~~~~~~~~~~~~~~~~~~~~~~~~~~~~~

~~~~~~~~~~~~~~~~~~~~~~~~~~~~~~~~~~~~~~~~~
dir = /hpc/data/cfd-students/nnoventa/regression_runs/gpu_pr623_1217022/examples/implicit
test = implicit.3d.big
==== generating gold standard for test implicit.3d.big ====
==== comparing log.ab.implicit.3d.big with log.archive.24Sep26.ab.implicit.3d.big ====
ERROR on proc 0: Cannot open read_isurf grid corner point file binary.101x101x101 (/hpc/data/cfd-students/nnoventa/sparta/src/read_isurf.cpp:302)
!!! test implicit.3d.big FAILED
elapsed time = 5.207673788070679 s for test implicit.3d.big
~~~~~~~~~~~~~~~~~~~~~~~~~~~~~~~~~~~~~~~~~

~~~~~~~~~~~~~~~~~~~~~~~~~~~~~~~~~~~~~~~~~
dir = /hpc/data/cfd-students/nnoventa/regression_runs/gpu_pr623_1217022/examples/implicit
test = implicit.2d.rectangle
==== generating gold standard for test implicit.2d.rectangle ====
==== comparing log.ab.implicit.2d.rectangle with log.archive.24Sep26.ab.implicit.2d.rectangle ====
ERROR on proc 0: Cannot open read_isurf grid corner point file binary.51x101 (/hpc/data/cfd-students/nnoventa/sparta/src/read_isurf.cpp:302)
!!! test implicit.2d.rectangle FAILED
elapsed time = 3.325087785720825 s for test implicit.2d.rectangle
~~~~~~~~~~~~~~~~~~~~~~~~~~~~~~~~~~~~~~~~~

~~~~~~~~~~~~~~~~~~~~~~~~~~~~~~~~~~~~~~~~~
dir = /hpc/data/cfd-students/nnoventa/regression_runs/gpu_pr623_1217022/examples/implicit
test = implicit.3d.small
==== generating gold standard for test implicit.3d.small ====
==== comparing log.ab.implicit.3d.small with log.archive.24Sep26.ab.implicit.3d.small ====
ERROR on proc 0: Cannot open read_isurf grid corner point file binary.21x21x21 (/hpc/data/cfd-students/nnoventa/sparta/src/read_isurf.cpp:302)
!!! test implicit.3d.small FAILED
elapsed time = 3.372469902038574 s for test implicit.3d.small
~~~~~~~~~~~~~~~~~~~~~~~~~~~~~~~~~~~~~~~~~

~~~~~~~~~~~~~~~~~~~~~~~~~~~~~~~~~~~~~~~~~
dir = /hpc/data/cfd-students/nnoventa/regression_runs/gpu_pr623_1217022/examples/ambi_3body
test = ambi_3body
500 
read 11 log entries
500 
read 11 log entries
==== generating gold standard for test ambi_3body ====
==== comparing log.ab.ambi_3body with log.archive.24Sep26.ab.ambi_3body ====
Step     error  0.0 wrt norm     1.0
Np       error 0.0004290297709354092 wrt norm     1.0
Natt     error 0.0009084190496478731 wrt norm     1.0
Ncoll    error 0.008042545129066188 wrt norm     1.0
Nreact   error 0.3666666666666667 wrt norm     1.0
c_c[1]   error 0.0009202383855627362 wrt norm     1.0
c_c[2]   error 0.0025336176440503263 wrt norm     1.0
c_c[3]   error  0.0 wrt norm     1.0
c_c[4]            error  0.0
!!! test ambi_3body FAILED
elapsed time = 7.749197244644165 s for test ambi_3body
~~~~~~~~~~~~~~~~~~~~~~~~~~~~~~~~~~~~~~~~~

~~~~~~~~~~~~~~~~~~~~~~~~~~~~~~~~~~~~~~~~~
dir = /hpc/data/cfd-students/nnoventa/regression_runs/gpu_pr623_1217022/examples/custom
test = custom.circle.file.fix.distributed
2000 
read 21 log entries
2000 
read 21 log entries
==== generating gold standard for test custom.circle.file.fix.distributed ====
==== comparing log.ab.custom.circle.file.fix.distributed with log.archive.24Sep26.ab.custom.circle.file.fix.distributed ====
Step     error  0.0 wrt norm     1.0
Np       error  0.0 wrt norm     1.0
Natt              error  0.0
Ncoll             error  0.0
Nscoll   error  0.0 wrt norm     1.0
Nscheck  error  0.0 wrt norm     1.0

All rows are identical
*** test custom.circle.file.fix.distributed passed
elapsed time = 2.7666854858398438 s for test custom.circle.file.fix.distributed
~~~~~~~~~~~~~~~~~~~~~~~~~~~~~~~~~~~~~~~~~

~~~~~~~~~~~~~~~~~~~~~~~~~~~~~~~~~~~~~~~~~
dir = /hpc/data/cfd-students/nnoventa/regression_runs/gpu_pr623_1217022/examples/custom
test = custom.step.temp.variable
500 
read 11 log entries
500 
read 11 log entries
==== generating gold standard for test custom.step.temp.variable ====
==== comparing log.ab.custom.step.temp.variable with log.archive.24Sep26.ab.custom.step.temp.variable ====
Step     error  0.0 wrt norm     1.0
Np       error  0.0 wrt norm     1.0
Natt              error  0.0
Ncoll             error  0.0
Nscoll   error  0.0 wrt norm     1.0
Nscheck  error  0.0 wrt norm     1.0

All rows are identical
*** test custom.step.temp.variable passed
elapsed time = 2.0871660709381104 s for test custom.step.temp.variable
~~~~~~~~~~~~~~~~~~~~~~~~~~~~~~~~~~~~~~~~~

~~~~~~~~~~~~~~~~~~~~~~~~~~~~~~~~~~~~~~~~~
dir = /hpc/data/cfd-students/nnoventa/regression_runs/gpu_pr623_1217022/examples/custom
test = custom.circle.set.fix.distributed
2000 
read 21 log entries
2000 
read 21 log entries
==== generating gold standard for test custom.circle.set.fix.distributed ====
==== comparing log.ab.custom.circle.set.fix.distributed with log.archive.24Sep26.ab.custom.circle.set.fix.distributed ====
Step     error  0.0 wrt norm     1.0
Np       error  0.0 wrt norm     1.0
Natt              error  0.0
Ncoll             error  0.0
Nscoll   error  0.0 wrt norm     1.0
Nscheck  error  0.0 wrt norm     1.0

All rows are identical
*** test custom.circle.set.fix.distributed passed
elapsed time = 2.7973732948303223 s for test custom.circle.set.fix.distributed
~~~~~~~~~~~~~~~~~~~~~~~~~~~~~~~~~~~~~~~~~

~~~~~~~~~~~~~~~~~~~~~~~~~~~~~~~~~~~~~~~~~
dir = /hpc/data/cfd-students/nnoventa/regression_runs/gpu_pr623_1217022/examples/custom
test = custom.coarse.3d
10 
read 2 log entries
10 
read 2 log entries
==== generating gold standard for test custom.coarse.3d ====
==== comparing log.ab.custom.coarse.3d with log.archive.24Sep26.ab.custom.coarse.3d ====
Step     error  0.0 wrt norm     1.0
Np                error  0.0
Natt              error  0.0
Ncoll             error  0.0
c_temp            error  0.0

All rows are identical
*** test custom.coarse.3d passed
elapsed time = 1.4519972801208496 s for test custom.coarse.3d
~~~~~~~~~~~~~~~~~~~~~~~~~~~~~~~~~~~~~~~~~

~~~~~~~~~~~~~~~~~~~~~~~~~~~~~~~~~~~~~~~~~
dir = /hpc/data/cfd-students/nnoventa/regression_runs/gpu_pr623_1217022/examples/custom
test = custom.circle.set.distributed
1000 2000 
read 21 log entries
1000 2000 
read 21 log entries
==== generating gold standard for test custom.circle.set.distributed ====
==== comparing log.ab.custom.circle.set.distributed with log.archive.24Sep26.ab.custom.circle.set.distributed ====
Step     error  0.0 wrt norm     1.0
Np       error  0.0 wrt norm     1.0
Natt              error  0.0
Ncoll             error  0.0
Nscoll   error  0.0 wrt norm     1.0
Nscheck  error  0.0 wrt norm     1.0

All rows are identical
*** test custom.circle.set.distributed passed
elapsed time = 2.745262622833252 s for test custom.circle.set.distributed
~~~~~~~~~~~~~~~~~~~~~~~~~~~~~~~~~~~~~~~~~

~~~~~~~~~~~~~~~~~~~~~~~~~~~~~~~~~~~~~~~~~
dir = /hpc/data/cfd-students/nnoventa/regression_runs/gpu_pr623_1217022/examples/custom
test = custom.cube.read.restart
==== generating gold standard for test custom.cube.read.restart ====
==== comparing log.ab.custom.cube.read.restart with log.archive.24Sep26.ab.custom.cube.read.restart ====
ERROR on proc 0: Cannot open restart file tmp.cube.read.restart.base (/hpc/data/cfd-students/nnoventa/sparta/src/read_restart.cpp:114)
!!! test custom.cube.read.restart FAILED
elapsed time = 3.235321521759033 s for test custom.cube.read.restart
~~~~~~~~~~~~~~~~~~~~~~~~~~~~~~~~~~~~~~~~~

~~~~~~~~~~~~~~~~~~~~~~~~~~~~~~~~~~~~~~~~~
dir = /hpc/data/cfd-students/nnoventa/regression_runs/gpu_pr623_1217022/examples/custom
test = custom.step.temp.remove
500 1000 
read 21 log entries
500 1000 
read 21 log entries
==== generating gold standard for test custom.step.temp.remove ====
==== comparing log.ab.custom.step.temp.remove with log.archive.24Sep26.ab.custom.step.temp.remove ====
Step     error  0.0 wrt norm     1.0
Np       error  0.0 wrt norm     1.0
Natt              error  0.0
Ncoll             error  0.0
Nscoll   error  0.0 wrt norm     1.0
Nscheck  error  0.0 wrt norm     1.0

All rows are identical
*** test custom.step.temp.remove passed
elapsed time = 2.7182765007019043 s for test custom.step.temp.remove
~~~~~~~~~~~~~~~~~~~~~~~~~~~~~~~~~~~~~~~~~

~~~~~~~~~~~~~~~~~~~~~~~~~~~~~~~~~~~~~~~~~
dir = /hpc/data/cfd-students/nnoventa/regression_runs/gpu_pr623_1217022/examples/custom
test = custom.step.temp.read
500 
read 11 log entries
500 
read 11 log entries
==== generating gold standard for test custom.step.temp.read ====
==== comparing log.ab.custom.step.temp.read with log.archive.24Sep26.ab.custom.step.temp.read ====
Step     error  0.0 wrt norm     1.0
Np       error  0.0 wrt norm     1.0
Natt              error  0.0
Ncoll             error  0.0
Nscoll   error  0.0 wrt norm     1.0
Nscheck  error  0.0 wrt norm     1.0

All rows are identical
*** test custom.step.temp.read passed
elapsed time = 2.088925361633301 s for test custom.step.temp.read
~~~~~~~~~~~~~~~~~~~~~~~~~~~~~~~~~~~~~~~~~

~~~~~~~~~~~~~~~~~~~~~~~~~~~~~~~~~~~~~~~~~
dir = /hpc/data/cfd-students/nnoventa/regression_runs/gpu_pr623_1217022/examples/custom
test = custom.step.clip
500 
read 11 log entries
500 
read 11 log entries
==== generating gold standard for test custom.step.clip ====
==== comparing log.ab.custom.step.clip with log.archive.24Sep26.ab.custom.step.clip ====
Step     error  0.0 wrt norm     1.0
Np       error  0.0 wrt norm     1.0
Natt              error  0.0
Ncoll             error  0.0
Nscoll   error  0.0 wrt norm     1.0
Nscheck  error  0.0 wrt norm     1.0
f_1[1]   error  0.0 wrt norm     1.0
f_1[2]   error  0.0 wrt norm     1.0
f_1[3]            error  0.0

All rows are identical
*** test custom.step.clip passed
elapsed time = 2.108402729034424 s for test custom.step.clip
~~~~~~~~~~~~~~~~~~~~~~~~~~~~~~~~~~~~~~~~~

~~~~~~~~~~~~~~~~~~~~~~~~~~~~~~~~~~~~~~~~~
dir = /hpc/data/cfd-students/nnoventa/regression_runs/gpu_pr623_1217022/examples/custom
test = custom.circle.set.fix
2000 
read 21 log entries
2000 
read 21 log entries
==== generating gold standard for test custom.circle.set.fix ====
==== comparing log.ab.custom.circle.set.fix with log.archive.24Sep26.ab.custom.circle.set.fix ====
Step     error  0.0 wrt norm     1.0
Np       error  0.0 wrt norm     1.0
Natt              error  0.0
Ncoll             error  0.0
Nscoll   error  0.0 wrt norm     1.0
Nscheck  error  0.0 wrt norm     1.0

All rows are identical
*** test custom.circle.set.fix passed
elapsed time = 2.7408933639526367 s for test custom.circle.set.fix
~~~~~~~~~~~~~~~~~~~~~~~~~~~~~~~~~~~~~~~~~

~~~~~~~~~~~~~~~~~~~~~~~~~~~~~~~~~~~~~~~~~
dir = /hpc/data/cfd-students/nnoventa/regression_runs/gpu_pr623_1217022/examples/custom
test = custom.step.read
500 1000 1500 
read 31 log entries
500 1000 1500 
read 31 log entries
==== generating gold standard for test custom.step.read ====
==== comparing log.ab.custom.step.read with log.archive.24Sep26.ab.custom.step.read ====
Step     error  0.0 wrt norm     1.0
Np       error  0.0 wrt norm     1.0
Natt              error  0.0
Ncoll             error  0.0
Nscoll   error  0.0 wrt norm     1.0
Nscheck  error  0.0 wrt norm     1.0
f_1[1]   error  0.0 wrt norm     1.0
f_1[2]   error  0.0 wrt norm     1.0
f_1[3]            error  0.0

All rows are identical
*** test custom.step.read passed
elapsed time = 3.637493133544922 s for test custom.step.read
~~~~~~~~~~~~~~~~~~~~~~~~~~~~~~~~~~~~~~~~~

~~~~~~~~~~~~~~~~~~~~~~~~~~~~~~~~~~~~~~~~~
dir = /hpc/data/cfd-students/nnoventa/regression_runs/gpu_pr623_1217022/examples/custom
test = custom.circle.file
1000 2000 
read 21 log entries
1000 2000 
read 21 log entries
==== generating gold standard for test custom.circle.file ====
==== comparing log.ab.custom.circle.file with log.archive.24Sep26.ab.custom.circle.file ====
Step     error  0.0 wrt norm     1.0
Np       error  0.0 wrt norm     1.0
Natt              error  0.0
Ncoll             error  0.0
Nscoll   error  0.0 wrt norm     1.0
Nscheck  error  0.0 wrt norm     1.0

All rows are identical
*** test custom.circle.file passed
elapsed time = 2.770020008087158 s for test custom.circle.file
~~~~~~~~~~~~~~~~~~~~~~~~~~~~~~~~~~~~~~~~~

~~~~~~~~~~~~~~~~~~~~~~~~~~~~~~~~~~~~~~~~~
dir = /hpc/data/cfd-students/nnoventa/regression_runs/gpu_pr623_1217022/examples/custom
test = custom.coarse.2d
10 
read 2 log entries
10 
read 2 log entries
==== generating gold standard for test custom.coarse.2d ====
==== comparing log.ab.custom.coarse.2d with log.archive.24Sep26.ab.custom.coarse.2d ====
Step     error  0.0 wrt norm     1.0
Np                error  0.0
Natt              error  0.0
Ncoll             error  0.0
c_temp            error  0.0

All rows are identical
*** test custom.coarse.2d passed
elapsed time = 1.4022257328033447 s for test custom.coarse.2d
~~~~~~~~~~~~~~~~~~~~~~~~~~~~~~~~~~~~~~~~~

~~~~~~~~~~~~~~~~~~~~~~~~~~~~~~~~~~~~~~~~~
dir = /hpc/data/cfd-students/nnoventa/regression_runs/gpu_pr623_1217022/examples/custom
test = custom.step.set.restart
==== generating gold standard for test custom.step.set.restart ====
==== comparing log.ab.custom.step.set.restart with log.archive.24Sep26.ab.custom.step.set.restart ====
Kokkos::DualView::modify_host ERROR: Concurrent modification of host and device views in DualView "grid:ivector"
mpirun noticed that process rank 0 with PID 0 on node an5007 exited on signal 6 (Aborted).
!!! test custom.step.set.restart FAILED
elapsed time = 7.8115880489349365 s for test custom.step.set.restart
~~~~~~~~~~~~~~~~~~~~~~~~~~~~~~~~~~~~~~~~~

~~~~~~~~~~~~~~~~~~~~~~~~~~~~~~~~~~~~~~~~~
dir = /hpc/data/cfd-students/nnoventa/regression_runs/gpu_pr623_1217022/examples/custom
test = custom.step.read.restart
==== generating gold standard for test custom.step.read.restart ====
==== comparing log.ab.custom.step.read.restart with log.archive.24Sep26.ab.custom.step.read.restart ====
Kokkos::DualView::modify_host ERROR: Concurrent modification of host and device views in DualView "grid:ivector"
mpirun noticed that process rank 0 with PID 0 on node an5007 exited on signal 6 (Aborted).
!!! test custom.step.read.restart FAILED
elapsed time = 7.783212661743164 s for test custom.step.read.restart
~~~~~~~~~~~~~~~~~~~~~~~~~~~~~~~~~~~~~~~~~

~~~~~~~~~~~~~~~~~~~~~~~~~~~~~~~~~~~~~~~~~
dir = /hpc/data/cfd-students/nnoventa/regression_runs/gpu_pr623_1217022/examples/custom
test = custom.spiky.set
0 500 1000 
read 21 log entries
0 500 1000 
read 21 log entries
==== generating gold standard for test custom.spiky.set ====
==== comparing log.ab.custom.spiky.set with log.archive.24Sep26.ab.custom.spiky.set ====
Step     error  0.0 wrt norm     1.0
Np       error  0.0 wrt norm     1.0

All rows are identical
*** test custom.spiky.set passed
elapsed time = 4.0215904712677 s for test custom.spiky.set
~~~~~~~~~~~~~~~~~~~~~~~~~~~~~~~~~~~~~~~~~

~~~~~~~~~~~~~~~~~~~~~~~~~~~~~~~~~~~~~~~~~
dir = /hpc/data/cfd-students/nnoventa/regression_runs/gpu_pr623_1217022/examples/custom
test = custom.cube.read
500 1000 1500 
read 31 log entries
500 1000 1500 
read 31 log entries
==== generating gold standard for test custom.cube.read ====
==== comparing log.ab.custom.cube.read with log.archive.24Sep26.ab.custom.cube.read ====
Step     error  0.0 wrt norm     1.0
Np       error  0.0 wrt norm     1.0
Natt              error  0.0
Ncoll             error  0.0
Nscoll   error  0.0 wrt norm     1.0
Nscheck  error  0.0 wrt norm     1.0
f_1[1]   error  0.0 wrt norm     1.0
f_1[2]   error  0.0 wrt norm     1.0
f_1[3]            error  0.0

All rows are identical
*** test custom.cube.read passed
elapsed time = 3.820939779281616 s for test custom.cube.read
~~~~~~~~~~~~~~~~~~~~~~~~~~~~~~~~~~~~~~~~~

~~~~~~~~~~~~~~~~~~~~~~~~~~~~~~~~~~~~~~~~~
dir = /hpc/data/cfd-students/nnoventa/regression_runs/gpu_pr623_1217022/examples/custom
test = custom.circle.file.distributed
1000 2000 
read 21 log entries
1000 2000 
read 21 log entries
==== generating gold standard for test custom.circle.file.distributed ====
==== comparing log.ab.custom.circle.file.distributed with log.archive.24Sep26.ab.custom.circle.file.distributed ====
Step     error  0.0 wrt norm     1.0
Np       error  0.0 wrt norm     1.0
Natt              error  0.0
Ncoll             error  0.0
Nscoll   error  0.0 wrt norm     1.0
Nscheck  error  0.0 wrt norm     1.0

All rows are identical
*** test custom.circle.file.distributed passed
elapsed time = 2.87382173538208 s for test custom.circle.file.distributed
~~~~~~~~~~~~~~~~~~~~~~~~~~~~~~~~~~~~~~~~~

~~~~~~~~~~~~~~~~~~~~~~~~~~~~~~~~~~~~~~~~~
dir = /hpc/data/cfd-students/nnoventa/regression_runs/gpu_pr623_1217022/examples/custom
test = custom.circle.set
1000 2000 
read 21 log entries
1000 2000 
read 21 log entries
==== generating gold standard for test custom.circle.set ====
==== comparing log.ab.custom.circle.set with log.archive.24Sep26.ab.custom.circle.set ====
Step     error  0.0 wrt norm     1.0
Np       error  0.0 wrt norm     1.0
Natt              error  0.0
Ncoll             error  0.0
Nscoll   error  0.0 wrt norm     1.0
Nscheck  error  0.0 wrt norm     1.0

All rows are identical
*** test custom.circle.set passed
elapsed time = 2.8253872394561768 s for test custom.circle.set
~~~~~~~~~~~~~~~~~~~~~~~~~~~~~~~~~~~~~~~~~

~~~~~~~~~~~~~~~~~~~~~~~~~~~~~~~~~~~~~~~~~
dir = /hpc/data/cfd-students/nnoventa/regression_runs/gpu_pr623_1217022/examples/custom
test = custom.collide.create
0 1000 
read 11 log entries
0 1000 
read 11 log entries
==== generating gold standard for test custom.collide.create ====
==== comparing log.ab.custom.collide.create with log.archive.24Sep26.ab.custom.collide.create ====
Step     error  0.0 wrt norm     1.0
Np       error  0.0 wrt norm     1.0

All rows are identical
*** test custom.collide.create passed
elapsed time = 1.9909205436706543 s for test custom.collide.create
~~~~~~~~~~~~~~~~~~~~~~~~~~~~~~~~~~~~~~~~~

~~~~~~~~~~~~~~~~~~~~~~~~~~~~~~~~~~~~~~~~~
dir = /hpc/data/cfd-students/nnoventa/regression_runs/gpu_pr623_1217022/examples/custom
test = custom.step.set
0 0 500 1000 1500 
read 31 log entries
0 0 500 1000 1500 
read 31 log entries
==== generating gold standard for test custom.step.set ====
==== comparing log.ab.custom.step.set with log.archive.24Sep26.ab.custom.step.set ====
Step     error  0.0 wrt norm     1.0
Np       error  0.0 wrt norm     1.0

All rows are identical
*** test custom.step.set passed
elapsed time = 3.7811567783355713 s for test custom.step.set
~~~~~~~~~~~~~~~~~~~~~~~~~~~~~~~~~~~~~~~~~

~~~~~~~~~~~~~~~~~~~~~~~~~~~~~~~~~~~~~~~~~
dir = /hpc/data/cfd-students/nnoventa/regression_runs/gpu_pr623_1217022/examples/custom
test = custom.circle.file.fix
2000 
read 21 log entries
2000 
read 21 log entries
==== generating gold standard for test custom.circle.file.fix ====
==== comparing log.ab.custom.circle.file.fix with log.archive.24Sep26.ab.custom.circle.file.fix ====
Step     error  0.0 wrt norm     1.0
Np       error  0.0 wrt norm     1.0
Natt              error  0.0
Ncoll             error  0.0
Nscoll   error  0.0 wrt norm     1.0
Nscheck  error  0.0 wrt norm     1.0

All rows are identical
*** test custom.circle.file.fix passed
elapsed time = 2.854160785675049 s for test custom.circle.file.fix
~~~~~~~~~~~~~~~~~~~~~~~~~~~~~~~~~~~~~~~~~

~~~~~~~~~~~~~~~~~~~~~~~~~~~~~~~~~~~~~~~~~
dir = /hpc/data/cfd-students/nnoventa/regression_runs/gpu_pr623_1217022/examples/custom
test = custom.cube.clip
500 
read 11 log entries
500 
read 11 log entries
==== generating gold standard for test custom.cube.clip ====
==== comparing log.ab.custom.cube.clip with log.archive.24Sep26.ab.custom.cube.clip ====
Step     error  0.0 wrt norm     1.0
Np       error  0.0 wrt norm     1.0
Natt              error  0.0
Ncoll             error  0.0
Nscoll   error  0.0 wrt norm     1.0
Nscheck  error  0.0 wrt norm     1.0
f_1[1]   error  0.0 wrt norm     1.0
f_1[2]   error  0.0 wrt norm     1.0
f_1[3]            error  0.0

All rows are identical
*** test custom.cube.clip passed
elapsed time = 2.172362804412842 s for test custom.cube.clip
~~~~~~~~~~~~~~~~~~~~~~~~~~~~~~~~~~~~~~~~~

~~~~~~~~~~~~~~~~~~~~~~~~~~~~~~~~~~~~~~~~~
dir = /hpc/data/cfd-students/nnoventa/regression_runs/gpu_pr623_1217022/examples/custom
test = custom.cube.reread
50 
read 6 log entries
50 
read 6 log entries
==== generating gold standard for test custom.cube.reread ====
==== comparing log.ab.custom.cube.reread with log.archive.24Sep26.ab.custom.cube.reread ====
Step     error  0.0 wrt norm     1.0
Np                error  0.0
Natt              error  0.0
Ncoll             error  0.0
Nscoll            error  0.0
Nscheck           error  0.0

All rows are identical
*** test custom.cube.reread passed
elapsed time = 1.450793743133545 s for test custom.cube.reread
~~~~~~~~~~~~~~~~~~~~~~~~~~~~~~~~~~~~~~~~~

~~~~~~~~~~~~~~~~~~~~~~~~~~~~~~~~~~~~~~~~~
dir = /hpc/data/cfd-students/nnoventa/regression_runs/gpu_pr623_1217022/examples/custom
test = custom.cube.set.restart
==== generating gold standard for test custom.cube.set.restart ====
==== comparing log.ab.custom.cube.set.restart with log.archive.24Sep26.ab.custom.cube.set.restart ====
Kokkos::DualView::modify_host ERROR: Concurrent modification of host and device views in DualView "grid:ivector"
mpirun noticed that process rank 0 with PID 0 on node an5007 exited on signal 6 (Aborted).
!!! test custom.cube.set.restart FAILED
elapsed time = 7.805322647094727 s for test custom.cube.set.restart
~~~~~~~~~~~~~~~~~~~~~~~~~~~~~~~~~~~~~~~~~

~~~~~~~~~~~~~~~~~~~~~~~~~~~~~~~~~~~~~~~~~
dir = /hpc/data/cfd-students/nnoventa/regression_runs/gpu_pr623_1217022/examples/custom
test = custom.cube.set
0 0 500 1000 1500 
read 31 log entries
0 0 500 1000 1500 
read 31 log entries
==== generating gold standard for test custom.cube.set ====
==== comparing log.ab.custom.cube.set with log.archive.24Sep26.ab.custom.cube.set ====
Step     error  0.0 wrt norm     1.0
Np       error  0.0 wrt norm     1.0

All rows are identical
*** test custom.cube.set passed
elapsed time = 3.9669644832611084 s for test custom.cube.set
~~~~~~~~~~~~~~~~~~~~~~~~~~~~~~~~~~~~~~~~~

~~~~~~~~~~~~~~~~~~~~~~~~~~~~~~~~~~~~~~~~~
dir = /hpc/data/cfd-students/nnoventa/regression_runs/gpu_pr623_1217022/examples/ablation
test = ablation.2d
500 
read 6 log entries
500 
read 6 log entries
==== generating gold standard for test ablation.2d ====
==== comparing log.ab.ablation.2d with log.archive.24Sep26.ab.ablation.2d ====
Step     error  0.0 wrt norm     1.0
Np       error  0.0 wrt norm     1.0
Natt              error  0.0
Ncoll             error  0.0
Nscoll   error  0.0 wrt norm     1.0
Nscheck  error  0.0 wrt norm     1.0
f_bal    error  0.0 wrt norm     1.0
f_bal[2]  error  0.0 wrt norm     1.0
f_ablate  error  0.0 wrt norm     1.0

All rows are identical
*** test ablation.2d passed
elapsed time = 2.6165988445281982 s for test ablation.2d
~~~~~~~~~~~~~~~~~~~~~~~~~~~~~~~~~~~~~~~~~

~~~~~~~~~~~~~~~~~~~~~~~~~~~~~~~~~~~~~~~~~
dir = /hpc/data/cfd-students/nnoventa/regression_runs/gpu_pr623_1217022/examples/ablation
test = ablation.3d
100 
read 11 log entries
100 
read 11 log entries
==== generating gold standard for test ablation.3d ====
==== comparing log.ab.ablation.3d with log.archive.24Sep26.ab.ablation.3d ====
Step     error  0.0 wrt norm     1.0
Np       error  0.0 wrt norm     1.0
Natt              error  0.0
Ncoll             error  0.0
Nscoll   error  0.0 wrt norm     1.0
Nscheck  error  0.0 wrt norm     1.0
f_ablate  error  0.0 wrt norm     1.0

All rows are identical
*** test ablation.3d passed
elapsed time = 134.9417703151703 s for test ablation.3d
~~~~~~~~~~~~~~~~~~~~~~~~~~~~~~~~~~~~~~~~~

~~~~~~~~~~~~~~~~~~~~~~~~~~~~~~~~~~~~~~~~~
dir = /hpc/data/cfd-students/nnoventa/regression_runs/gpu_pr623_1217022/examples/ablation
test = ablation.3d.reactions
200 
read 21 log entries
200 
read 21 log entries
==== generating gold standard for test ablation.3d.reactions ====
==== comparing log.ab.ablation.3d.reactions with log.archive.24Sep26.ab.ablation.3d.reactions ====
Step     error  0.0 wrt norm     1.0
Np       error 0.023097423748889546 wrt norm     1.0
Nscoll   error 0.05776515151515151 wrt norm     1.0
Nsreact  error 0.11142857142857142 wrt norm     1.0
f_ablate  error 1.5117332451639813e-05 wrt norm     1.0
!!! test ablation.3d.reactions FAILED
elapsed time = 41.601975440979004 s for test ablation.3d.reactions
~~~~~~~~~~~~~~~~~~~~~~~~~~~~~~~~~~~~~~~~~

~~~~~~~~~~~~~~~~~~~~~~~~~~~~~~~~~~~~~~~~~
dir = /hpc/data/cfd-students/nnoventa/regression_runs/gpu_pr623_1217022/examples/ablation
test = ablation.multi.inner.3d
100 
read 101 log entries
100 
read 101 log entries
==== generating gold standard for test ablation.multi.inner.3d ====
==== comparing log.ab.ablation.multi.inner.3d with log.archive.24Sep26.ab.ablation.multi.inner.3d ====
Step     error  0.0 wrt norm     1.0
c_1r     error  0.0 wrt norm     1.0

All rows are identical
*** test ablation.multi.inner.3d passed
elapsed time = 1.8465850353240967 s for test ablation.multi.inner.3d
~~~~~~~~~~~~~~~~~~~~~~~~~~~~~~~~~~~~~~~~~

~~~~~~~~~~~~~~~~~~~~~~~~~~~~~~~~~~~~~~~~~
dir = /hpc/data/cfd-students/nnoventa/regression_runs/gpu_pr623_1217022/examples/relax_variable
test = relax_variable
200 
read 201 log entries
200 
read 201 log entries
==== generating gold standard for test relax_variable ====
==== comparing log.ab.relax_variable with log.archive.24Sep26.ab.relax_variable ====
Step     error  0.0 wrt norm     1.0
Np       error  0.0 wrt norm     1.0
Natt     error 8.431598539740817e-06 wrt norm     1.0
Ncoll    error 0.0016542546467771659 wrt norm     1.0
c_Ttrans  error 0.0005741057104931002 wrt norm     1.0
c_Trot   error 0.0010175831584091498 wrt norm     1.0

WARNING: Only 1 out of 201 rows are identical
*** test relax_variable passed
elapsed time = 180.48040461540222 s for test relax_variable
~~~~~~~~~~~~~~~~~~~~~~~~~~~~~~~~~~~~~~~~~

~~~~~~~~~~~~~~~~~~~~~~~~~~~~~~~~~~~~~~~~~
dir = /hpc/data/cfd-students/nnoventa/regression_runs/gpu_pr623_1217022/examples/axi
test = axi
1000 
read 11 log entries
1000 
read 11 log entries
==== generating gold standard for test axi ====
==== comparing log.ab.axi with log.archive.24Sep26.ab.axi ====
Step     error  0.0 wrt norm     1.0
Np       error 0.005210062901192575 wrt norm     1.0
Natt     error 0.010060826198506732 wrt norm     1.0
Ncoll    error 0.025066401062416997 wrt norm     1.0
Nscoll   error 0.14457831325301204 wrt norm     1.0
Nscheck  error 0.023312923081894116 wrt norm     1.0
!!! test axi FAILED
elapsed time = 4.240158796310425 s for test axi
~~~~~~~~~~~~~~~~~~~~~~~~~~~~~~~~~~~~~~~~~

~~~~~~~~~~~~~~~~~~~~~~~~~~~~~~~~~~~~~~~~~
dir = /hpc/data/cfd-students/nnoventa/regression_runs/gpu_pr623_1217022/examples/cylinder
test = cylinder
