Loading hpcx/2.17.1-gcc-8.5.0
  Loading requirement: zlib-ng/2.1.4-gcc-8.5.0 zstd/1.5.5-gcc-8.5.0
    binutils/2.41-gcc-8.5.0
job        1210981.pbs60
date       2026-09-22T12:23:34+02:00
arch       gpu
nodes      1
ranks      4 (4 per node)
nsteps     1000
npart      120000000
gpu_aware  1
commit     af7c35bc51262d56ac53067d6871fefedef20abc
build      arch    v100 commit  b7c3d8561f2539035449274b4d194c0b224d869a date    2026-09-22T10:16:03+02:00 
exe        /hpc/data/cfd-students/nnoventa/sparta/install_v100/bin/spa_kokkos_cuda
hosts      an5017.cm.cluster 
GPU 0: Tesla V100-SXM2-32GB (UUID: GPU-6e7f8578-2656-16cf-fb95-95be1039bf3f)
GPU 1: Tesla V100-SXM2-32GB (UUID: GPU-ec99e342-5760-7086-cc31-27b44bbc6862)
GPU 2: Tesla V100-SXM2-32GB (UUID: GPU-9e332e99-41c2-3c82-1e74-740d7a1e4774)
GPU 3: Tesla V100-SXM2-32GB (UUID: GPU-55dc5711-cd8c-6a73-a478-60fcc72e0de4)
Kokkos::OpenMP::initialize WARNING: OMP_PROC_BIND environment variable not set
  In general, for best performance with OpenMP 4.0 or better set OMP_PROC_BIND=spread and OMP_PLACES=threads
  For best performance with OpenMP 3.1 set OMP_PROC_BIND=true
  For unit testing set OMP_PROC_BIND=false

MPI detected: For OpenMP binding to work as intended, MPI ranks must be bound to exclusive CPU sets.

Kokkos::OpenMP::initialize WARNING: OMP_PROC_BIND environment variable not set
  In general, for best performance with OpenMP 4.0 or better set OMP_PROC_BIND=spread and OMP_PLACES=threads
  For best performance with OpenMP 3.1 set OMP_PROC_BIND=true
  For unit testing set OMP_PROC_BIND=false

MPI detected: For OpenMP binding to work as intended, MPI ranks must be bound to exclusive CPU sets.

Kokkos::OpenMP::initialize WARNING: OMP_PROC_BIND environment variable not set
  In general, for best performance with OpenMP 4.0 or better set OMP_PROC_BIND=spread and OMP_PLACES=threads
  For best performance with OpenMP 3.1 set OMP_PROC_BIND=true
  For unit testing set OMP_PROC_BIND=false

MPI detected: For OpenMP binding to work as intended, MPI ranks must be bound to exclusive CPU sets.

SPARTA (27 Aug 2026)
KOKKOS mode is enabled (/hpc/data/cfd-students/nnoventa/sparta/src/KOKKOS/kokkos.cpp:50)
  requested 4 GPU(s) per node
  requested 1 thread(s) per MPI task
WARNING: When using a single thread, the Kokkos Serial backend (i.e. Makefile.kokkos_mpi_only) gives better performance than the OpenMP backend (/hpc/data/cfd-students/nnoventa/sparta/src/KOKKOS/kokkos.cpp:148)
Kokkos::OpenMP::initialize WARNING: OMP_PROC_BIND environment variable not set
  In general, for best performance with OpenMP 4.0 or better set OMP_PROC_BIND=spread and OMP_PLACES=threads
  For best performance with OpenMP 3.1 set OMP_PROC_BIND=true
  For unit testing set OMP_PROC_BIND=false

MPI detected: For OpenMP binding to work as intended, MPI ranks must be bound to exclusive CPU sets.

Running on 4 MPI task(s)
Created orthogonal box = (-0.002001 -1e-06 -1e-06) to (0.02801 0.003001 0.087501)
WARNING: Per-processor grid cell memory will be large because global gridcut < 0.0 (/hpc/data/cfd-students/nnoventa/sparta/src/grid.cpp:518)
Created 864000 child grid cells
  CPU time = 0.399055 secs
  create/ghost percent = 8.99543 91.0046
Balance grid migrated 648000 cells
  CPU time = 0.191557 secs
  reassign/sort/migrate/ghost percent = 17.272 1.15737 29.2553 52.3154
Reading surface file ...
  80998 triangles
  clipped to 80998 tris
  -0.002 0.028 xlo xhi
  0 0.003 ylo yhi
  0 0.0875 zlo zhi
  0.000245331 min triangle edge length
  3.15715e-08 min triangle area
  43848 0 = cells overlapping surfs, overlap cells with unmarked corner pts
  25 tiny edges removed
  269352 550800 43848 = cells outside/inside/overlapping surfs
  43848 = surf cells with 1,2,etc splits
  2.72343750000268e-06 2.7234375e-06 = cell-wise and global flow volume
  CPU time = 0.633932 secs
  read/check/sort/surf2grid/ghost/inout/particle percent = 6.61547 17.0335 2.97464 42.9506 30.4258 8.24137 0.000203177
  surf2grid time = 0.272277 secs
  map/comm1/comm2/comm3/comm4/split percent = 20.1003 2.11581 7.35629 2.87436 6.1178 57.3705
0 = initial surface count in group inlet
382 = final surface count in group inlet
0 = initial surface count in group outlet
690 = final surface count in group outlet
0 = initial surface count in group yminus
41336 = final surface count in group yminus
0 = initial surface count in group yplus
33810 = final surface count in group yplus
0 = initial surface count in group yplus_inlet
382 = final surface count in group yplus_inlet
0 = initial surface count in group yplus_inlet_wall
1314 = final surface count in group yplus_inlet_wall
0 = initial surface count in group yplus_outlet
718 = final surface count in group yplus_outlet
0 = initial surface count in group yplus_outlet_wall
1598 = final surface count in group yplus_outlet_wall
0 = initial surface count in group zminus
393 = final surface count in group zminus
0 = initial surface count in group zplus
375 = final surface count in group zplus
Creating particles ...
WARNING: Created unexpected # of particles: 119999564 versus 120000000 (/hpc/data/cfd-students/nnoventa/sparta/src/create_particles.cpp:445)
Created 119999564 particles
  CPU time = 24.9467 secs
Memory usage per proc in Mbytes:
  particles (ave,min,max) = 5789.82 5789.82 5789.82
  grid      (ave,min,max) = 278.402 278.384 278.419
  surf      (ave,min,max) = 20.309 20.309 20.309
  modify    (ave,min,max) = 56.0303 56.0303 56.0303
  total     (ave,min,max) = 6144.56 6144.54 6144.57
Step CPU T/CPU S/CPU Dt Np Natt Ncoll Nbound Nexit c_temp 
       0            0            0            0        3e-09 119999564        0        0        0        0    299.97736 
     100    7.9742098 3.7621272e-08    12.540422        3e-09 117872906  1753130   932580        0        0    297.54054 
     200    16.036459 3.7210461e-08    12.403487        3e-09 115510092  1742210   897471        0        0    295.84495 
     300    24.105778 3.7177858e-08    12.392619        3e-09 113118793  1705608   863314        0        0    294.46993 
     400    32.146232 3.7311321e-08    12.437107        3e-09 110733291  1660646   830578        0        0    293.42202 
     500    40.132339 3.7565239e-08    12.521746        3e-09 108367274  1611117   798735        0        0    292.65728 
     600    48.105235 3.7627483e-08    12.542494        3e-09 106033212  1560993   768580        0        0    292.14125 
     700    55.938716 3.8297149e-08    12.765716        3e-09 103743563  1512467   739919        0        0    291.75743 
     800    63.689426 3.8706131e-08    12.902043        3e-09 101518411  1466710   714491        0        0    291.48467 
     900    71.344057 3.9191961e-08    13.063987        3e-09 99368586  1423757   690965        0        0    291.33207 
    1000    78.942292 3.9482853e-08    13.160951        3e-09 97313014  1383974   669535        0        0    291.24872 
Loop time of 78.9423 on 4 procs for 1000 steps with 97313014 particles
Performance: 12.667 timesteps/s, 1.233 Gparticle-step/s

MPI task timing breakdown:
Section |  min time  |  avg time  |  max time  |%varavg| %total
---------------------------------------------------------------
Move    | 53.367     | 53.545     | 53.757     |   2.2 | 67.83
Coll    | 7.5303     | 7.6062     | 7.6825     |   2.4 |  9.64
Sort    | 8.7614     | 8.8213     | 8.863      |   1.5 | 11.17
Comm    | 0.49654    | 0.55947    | 0.58933    |   4.9 |  0.71
Modify  | 1.4302     | 1.5493     | 1.6465     |   6.2 |  1.96
Output  | 6.5692     | 6.5711     | 6.573      |   0.1 |  8.32
MPI Sync| 0.044837   | 0.2893     | 0.46094    |  29.7 |  0.37
Other   |            | 0.0001634  |            |       |  0.00

Particle moves    = 108483560563 (108B)
Cells touched     = 121265667740 (121B)
Particle comms    = 9816549 (9.82M)
Boundary collides = 0 (0K)
Boundary exits    = 0 (0K)
SurfColl checks   = 81338479693 (81.3B)
SurfColl occurs   = 337202899 (337M)
Surf reactions    = 0 (0K)
Collide attempts  = 1593870892 (1.59B)
Collide occurs    = 804857824 (805M)
Gas reactions     = 0 (0K)
Particles stuck   = 0
Axisymm bad moves = 0

Particle-moves/CPUsec/proc: 3.43553e+08
Particle-moves/step: 1.08484e+08
Cell-touches/particle/step: 1.11783
Particle comm iterations/step: 2.895
Particle fraction communicated: 9.04888e-05
Particle fraction colliding with boundary: 0
Particle fraction exiting boundary: 0
Surface-checks/particle/step: 0.749777
Surface-collisions/particle/step: 0.00310833
Surface-reactions/particle/step: 0
Collision-attempts/particle/step: 0.0146923
Collisions/particle/step: 0.00741917
Gas-reactions/particle/step: 0

Particles: 2.43283e+07 ave 2.43309e+07 max 2.43269e+07 min
Histogram: 2 0 1 0 0 0 0 0 0 1
Cells:     216000 ave 216000 max 216000 min
Histogram: 4 0 0 0 0 0 0 0 0 0
GhostCell: 21600 ave 28800 max 14400 min
Histogram: 2 0 0 0 0 0 0 0 0 2
EmptyCell: 21600 ave 28800 max 14400 min
Histogram: 2 0 0 0 0 0 0 0 0 2
Surfs:     80998 ave 80998 max 80998 min
Histogram: 4 0 0 0 0 0 0 0 0 0
GhostSurf: 0 ave 0 max 0 min
Histogram: 4 0 0 0 0 0 0 0 0 0
sparta exit status: 0
