HOST=an6006
COMMIT=45125d690e6b7979ea7b79e6885099c916b25e10
EXE=/hpc/data/cfd-students/nnoventa/sparta/install_h200/bin/spa_kokkos_cuda
BUILD=arch    h200 commit  45125d690e6b7979ea7b79e6885099c916b25e10 date    2026-09-22T13:58:48+02:00 
INPUT=/hpc/data/cfd-students/nnoventa/sparta/nicola/input/in.sparta.gpu
RUNDIR=/hpc/data/cfd-students/nnoventa/sparta/nicola/results/sparta_h200_1211841_pmlob1
NPART=30000000 NSTEPS=10000 KP=1 (>= 100 MB) PML=ob1
GPU 0: NVIDIA H200 (UUID: GPU-553f76cc-3bf8-d275-c240-7e2c03488b89)
[an6006:2155589] mca: base: components_register: registering framework pml components
[an6006:2155589] mca: base: components_register: found loaded component ob1
[an6006:2155589] mca: base: components_register: component ob1 register function successful
[an6006:2155589] mca: base: components_open: opening pml components
[an6006:2155589] mca: base: components_open: found loaded component ob1
[an6006:2155589] mca: base: components_open: component ob1 open function successful
[an6006:2155589] select: initializing pml component ob1
[an6006:2155589] select: init returned priority 20
[an6006:2155589] selected ob1 best priority 20
[an6006:2155589] select: component ob1 selected
[an6006:2155589] check:select: PML check not necessary on self
SPARTA (27 Aug 2026)
KOKKOS mode is enabled (/hpc/data/cfd-students/nnoventa/sparta/src/KOKKOS/kokkos.cpp:50)
  requested 1 GPU(s) per node
  requested 1 thread(s) per MPI task
WARNING: When using a single thread, the Kokkos Serial backend (i.e. Makefile.kokkos_mpi_only) gives better performance than the OpenMP backend (/hpc/data/cfd-students/nnoventa/sparta/src/KOKKOS/kokkos.cpp:148)
Kokkos::OpenMP::initialize WARNING: OMP_PROC_BIND environment variable not set
  In general, for best performance with OpenMP 4.0 or better set OMP_PROC_BIND=spread and OMP_PLACES=threads
  For best performance with OpenMP 3.1 set OMP_PROC_BIND=true
  For unit testing set OMP_PROC_BIND=false

MPI detected: For OpenMP binding to work as intended, MPI ranks must be bound to exclusive CPU sets.

[kp] logging allocations >= 100 MB
Running on 1 MPI task(s)
ERROR: Illegal package kokkos command (/hpc/data/cfd-students/nnoventa/sparta/src/KOKKOS/kokkos.cpp:281)
Last command: package kokkos gpu/aware off
[kp] finalize, peak live in any space 0.0 MB
[an6006:2155589] mca: base: close: component ob1 closed
[an6006:2155589] mca: base: close: unloading component ob1
--------------------------------------------------------------------------
Primary job  terminated normally, but 1 process returned
a non-zero exit code. Per user-direction, the job has been aborted.
--------------------------------------------------------------------------
--------------------------------------------------------------------------
mpirun detected that one or more processes exited with non-zero status, thus causing
the job to be terminated. The first process to do so was:

  Process name: [[27971,1],0]
  Exit code:    1
--------------------------------------------------------------------------
