Loading hpcx/2.17.1-gcc-8.5.0
  Loading requirement: zlib-ng/2.1.4-gcc-8.5.0 zstd/1.5.5-gcc-8.5.0
    binutils/2.41-gcc-8.5.0
job        1217606.pbs60
date       2026-09-24T14:51:57+02:00
arch       v100
nodes      4
ranks      16 (4 per node, 1 per GPU)
nsteps     1000
npart      120000000
gpu_aware  1
balance    deck (rcb cell)
input      /hpc/data/cfd-students/nnoventa/sparta/nicola/input/in.sparta.gpu
commit     7fb3c7bd2978d271a2f91575735b56617b7d84e2
build      arch    v100 reduce  0 branch  master commit  2115ed93737525c90139f1854f05694bbf723553 date    2026-09-24T14:38:24+02:00 
exe        /hpc/data/cfd-students/nnoventa/sparta/install_v100/bin/spa_kokkos_cuda
hosts      an5011.cm.cluster an5012.cm.cluster an5021.cm.cluster an5022.cm.cluster 
GPU 0: Tesla V100-SXM2-32GB (UUID: GPU-81ea47c4-4a13-96bc-898c-b53aeb6a68e0)
GPU 1: Tesla V100-SXM2-32GB (UUID: GPU-0fdca3b9-57d0-875b-6d23-e22520517198)
GPU 2: Tesla V100-SXM2-32GB (UUID: GPU-727880a6-2d96-5622-7b86-6af9fce28529)
GPU 3: Tesla V100-SXM2-32GB (UUID: GPU-b8eae476-dc72-79dc-2259-774837fba2a7)
Driver Version                            : 575.57.08
CUDA Version                              : 12.9
    Addressing Mode                       : N/A
    Addressing Mode                       : N/A
    Addressing Mode                       : N/A
    Addressing Mode                       : N/A
Kokkos::OpenMP::initialize WARNING: OMP_PROC_BIND environment variable not set
  In general, for best performance with OpenMP 4.0 or better set OMP_PROC_BIND=spread and OMP_PLACES=threads
  For best performance with OpenMP 3.1 set OMP_PROC_BIND=true
  For unit testing set OMP_PROC_BIND=false

Kokkos::OpenMP::initialize WARNING: OMP_PROC_BIND environment variable not set
  In general, for best performance with OpenMP 4.0 or better set OMP_PROC_BIND=spread and OMP_PLACES=threads
  For best performance with OpenMP 3.1 set OMP_PROC_BIND=true
  For unit testing set OMP_PROC_BIND=false

MPI detected: For OpenMP binding to work as intended, MPI ranks must be bound to exclusive CPU sets.

Kokkos::OpenMP::initialize WARNING: OMP_PROC_BIND environment variable not set
  In general, for best performance with OpenMP 4.0 or better set OMP_PROC_BIND=spread and OMP_PLACES=threads
  For best performance with OpenMP 3.1 set OMP_PROC_BIND=true
  For unit testing set OMP_PROC_BIND=false

MPI detected: For OpenMP binding to work as intended, MPI ranks must be bound to exclusive CPU sets.

MPI detected: For OpenMP binding to work as intended, MPI ranks must be bound to exclusive CPU sets.

Kokkos::OpenMP::initialize WARNING: OMP_PROC_BIND environment variable not set
  In general, for best performance with OpenMP 4.0 or better set OMP_PROC_BIND=spread and OMP_PLACES=threads
  For best performance with OpenMP 3.1 set OMP_PROC_BIND=true
  For unit testing set OMP_PROC_BIND=false
Kokkos::OpenMP::initialize WARNING: OMP_PROC_BIND environment variable not set
  In general, for best performance with OpenMP 4.0 or better set OMP_PROC_BIND=spread and OMP_PLACES=threads
  For best performance with OpenMP 3.1 set OMP_PROC_BIND=true
  For unit testing set OMP_PROC_BIND=false

MPI detected: For OpenMP binding to work as intended, MPI ranks must be bound to exclusive CPU sets.

Kokkos::OpenMP::initialize WARNING: OMP_PROC_BIND environment variable not set
  In general, for best performance with OpenMP 4.0 or better set OMP_PROC_BIND=spread and OMP_PLACES=threads
  For best performance with OpenMP 3.1 set OMP_PROC_BIND=true
  For unit testing set OMP_PROC_BIND=false

MPI detected: For OpenMP binding to work as intended, MPI ranks must be bound to exclusive CPU sets.

Kokkos::OpenMP::initialize WARNING: OMP_PROC_BIND environment variable not set
  In general, for best performance with OpenMP 4.0 or better set OMP_PROC_BIND=spread and OMP_PLACES=threads
  For best performance with OpenMP 3.1 set OMP_PROC_BIND=true
  For unit testing set OMP_PROC_BIND=false

MPI detected: For OpenMP binding to work as intended, MPI ranks must be bound to exclusive CPU sets.

Kokkos::OpenMP::initialize WARNING: OMP_PROC_BIND environment variable not set
  In general, for best performance with OpenMP 4.0 or better set OMP_PROC_BIND=spread and OMP_PLACES=threads
  For best performance with OpenMP 3.1 set OMP_PROC_BIND=true
  For unit testing set OMP_PROC_BIND=false
Kokkos::OpenMP::initialize WARNING: OMP_PROC_BIND environment variable not set
  In general, for best performance with OpenMP 4.0 or better set OMP_PROC_BIND=spread and OMP_PLACES=threads
  For best performance with OpenMP 3.1 set OMP_PROC_BIND=true
  For unit testing set OMP_PROC_BIND=false

MPI detected: For OpenMP binding to work as intended, MPI ranks must be bound to exclusive CPU sets.


MPI detected: For OpenMP binding to work as intended, MPI ranks must be bound to exclusive CPU sets.

Kokkos::OpenMP::initialize WARNING: OMP_PROC_BIND environment variable not set
  In general, for best performance with OpenMP 4.0 or better set OMP_PROC_BIND=spread and OMP_PLACES=threads
  For best performance with OpenMP 3.1 set OMP_PROC_BIND=true
  For unit testing set OMP_PROC_BIND=false

MPI detected: For OpenMP binding to work as intended, MPI ranks must be bound to exclusive CPU sets.

Kokkos::OpenMP::initialize WARNING: OMP_PROC_BIND environment variable not set
  In general, for best performance with OpenMP 4.0 or better set OMP_PROC_BIND=spread and OMP_PLACES=threads
  For best performance with OpenMP 3.1 set OMP_PROC_BIND=true
  For unit testing set OMP_PROC_BIND=false

MPI detected: For OpenMP binding to work as intended, MPI ranks must be bound to exclusive CPU sets.

Kokkos::OpenMP::initialize WARNING: OMP_PROC_BIND environment variable not set
  In general, for best performance with OpenMP 4.0 or better set OMP_PROC_BIND=spread and OMP_PLACES=threads
  For best performance with OpenMP 3.1 set OMP_PROC_BIND=true
  For unit testing set OMP_PROC_BIND=false

MPI detected: For OpenMP binding to work as intended, MPI ranks must be bound to exclusive CPU sets.

Kokkos::OpenMP::initialize WARNING: OMP_PROC_BIND environment variable not set
  In general, for best performance with OpenMP 4.0 or better set OMP_PROC_BIND=spread and OMP_PLACES=threads
  For best performance with OpenMP 3.1 set OMP_PROC_BIND=true
  For unit testing set OMP_PROC_BIND=false

MPI detected: For OpenMP binding to work as intended, MPI ranks must be bound to exclusive CPU sets.

Kokkos::OpenMP::initialize WARNING: OMP_PROC_BIND environment variable not set
  In general, for best performance with OpenMP 4.0 or better set OMP_PROC_BIND=spread and OMP_PLACES=threads
  For best performance with OpenMP 3.1 set OMP_PROC_BIND=true
  For unit testing set OMP_PROC_BIND=false

MPI detected: For OpenMP binding to work as intended, MPI ranks must be bound to exclusive CPU sets.

Kokkos::OpenMP::initialize WARNING: OMP_PROC_BIND environment variable not set
  In general, for best performance with OpenMP 4.0 or better set OMP_PROC_BIND=spread and OMP_PLACES=threads
  For best performance with OpenMP 3.1 set OMP_PROC_BIND=true
  For unit testing set OMP_PROC_BIND=false


MPI detected: For OpenMP binding to work as intended, MPI ranks must be bound to exclusive CPU sets.
MPI detected: For OpenMP binding to work as intended, MPI ranks must be bound to exclusive CPU sets.


SPARTA (27 Aug 2026)
KOKKOS mode is enabled (/hpc/data/cfd-students/nnoventa/sparta/src/KOKKOS/kokkos.cpp:50)
  requested 4 GPU(s) per node
  requested 1 thread(s) per MPI task
WARNING: When using a single thread, the Kokkos Serial backend (i.e. Makefile.kokkos_mpi_only) gives better performance than the OpenMP backend (/hpc/data/cfd-students/nnoventa/sparta/src/KOKKOS/kokkos.cpp:148)
Kokkos::OpenMP::initialize WARNING: OMP_PROC_BIND environment variable not set
  In general, for best performance with OpenMP 4.0 or better set OMP_PROC_BIND=spread and OMP_PLACES=threads
  For best performance with OpenMP 3.1 set OMP_PROC_BIND=true
  For unit testing set OMP_PROC_BIND=false

MPI detected: For OpenMP binding to work as intended, MPI ranks must be bound to exclusive CPU sets.

Running on 16 MPI task(s)
Created orthogonal box = (-0.002001 -1e-06 -1e-06) to (0.02801 0.003001 0.087501)
WARNING: Per-processor grid cell memory will be large because global gridcut < 0.0 (/hpc/data/cfd-students/nnoventa/sparta/src/grid.cpp:518)
Created 864000 child grid cells
  CPU time = 0.415728 secs
  create/ghost percent = 3.04565 96.9544
Balance grid migrated 810000 cells
  CPU time = 0.223819 secs
  reassign/sort/migrate/ghost percent = 69.0981 0.451026 9.4839 20.967
Reading surface file ...
  80998 triangles
  clipped to 80998 tris
  -0.002 0.028 xlo xhi
  0 0.003 ylo yhi
  0 0.0875 zlo zhi
  0.000245331 min triangle edge length
  3.15715e-08 min triangle area
  43848 0 = cells overlapping surfs, overlap cells with unmarked corner pts
  25 tiny edges removed
  269352 550800 43848 = cells outside/inside/overlapping surfs
  43848 = surf cells with 1,2,etc splits
  2.72343750000086e-06 2.7234375e-06 = cell-wise and global flow volume
  CPU time = 0.295018 secs
  read/check/sort/surf2grid/ghost/inout/particle percent = 15.622 35.0977 1.14059 28.8202 19.3195 4.76963 0.00195581
  surf2grid time = 0.0850247 secs
  map/comm1/comm2/comm3/comm4/split percent = 18.7721 3.24803 5.87726 2.58879 10.603 56.5091
0 = initial surface count in group inlet
382 = final surface count in group inlet
0 = initial surface count in group outlet
690 = final surface count in group outlet
0 = initial surface count in group yminus
41336 = final surface count in group yminus
0 = initial surface count in group yplus
33810 = final surface count in group yplus
0 = initial surface count in group yplus_inlet
382 = final surface count in group yplus_inlet
0 = initial surface count in group yplus_inlet_wall
1314 = final surface count in group yplus_inlet_wall
0 = initial surface count in group yplus_outlet
718 = final surface count in group yplus_outlet
0 = initial surface count in group yplus_outlet_wall
1598 = final surface count in group yplus_outlet_wall
0 = initial surface count in group zminus
393 = final surface count in group zminus
0 = initial surface count in group zplus
375 = final surface count in group zplus
Creating particles ...
WARNING: Created unexpected # of particles: 119999538 versus 120000000 (/hpc/data/cfd-students/nnoventa/sparta/src/create_particles.cpp:445)
Created 119999538 particles
  CPU time = 7.05513 secs
Memory usage per proc in Mbytes:
  particles (ave,min,max) = 1468.57 1260.03 1677.1
  grid      (ave,min,max) = 257.513 257.5 257.524
  surf      (ave,min,max) = 20.309 20.309 20.309
  modify    (ave,min,max) = 14.0076 14.0076 14.0076
  total     (ave,min,max) = 1760.4 1551.85 1968.94
Step CPU T/CPU S/CPU Dt Np Natt Ncoll Nbound Nexit c_temp 
       0            0            0            0        3e-09 119999538        0        0        0        0    299.99887 
     100    1.5261074 1.9657837e-07    65.526074        3e-09 117878604  1750292   931230        0        0    297.58168 
     200    2.9859712 2.0549861e-07    68.499543        3e-09 115513136  1739857   897088        0        0    295.89698 
     300    4.4447848 2.0564654e-07    68.548835        3e-09 113126368  1703986   863546        0        0    294.60143 
     400    5.8958978 2.0673789e-07    68.912649        3e-09 110746544  1659162   830347        0        0    293.58376 
     500    7.3247013 2.0996581e-07     69.98859        3e-09 108383497  1609792   798053        0        0    292.83805 
     600    8.7475334 2.1084715e-07    70.282389        3e-09 106053256  1560412   768486        0        0    292.27457 
     700    10.140377 2.1538662e-07     71.79555        3e-09 103765204  1511791   740160        0        0    291.87449 
     800    11.512445 2.1864811e-07    72.882688        3e-09 101537916  1465959   713966        0        0    291.57162 
     900    12.862975 2.2213491e-07    74.044857        3e-09 99391072  1423439   691118        0        0    291.40024 
    1000    14.190408 2.2600028e-07    75.333559        3e-09 97335007  1383468   668916        0        0    291.33147 
Loop time of 14.3554 on 16 procs for 1000 steps with 97335007 particles
Performance: 69.660 timesteps/s, 6.780 Gparticle-step/s

MPI task timing breakdown:
Section |  min time  |  avg time  |  max time  |%varavg| %total
---------------------------------------------------------------
Move    | 6.7414     | 7.8441     | 9.5138     |  30.7 | 54.64
Coll    | 1.2601     | 1.4855     | 1.7104     |  16.3 | 10.35
Sort    | 0.85389    | 1.013      | 1.182      |  15.1 |  7.06
Comm    | 0.83779    | 1.0059     | 1.0869     |   6.9 |  7.01
Modify  | 0.58249    | 0.86689    | 1.1477     |  27.8 |  6.04
Output  | 0.014234   | 0.017701   | 0.021615   |   2.5 |  0.12
MPI Sync| 0.20039    | 1.9684     | 3.2507     |  66.4 | 13.71
Other   |            | 0.1539     |            |       |  1.07

Particle moves    = 108497569231 (108B)
Cells touched     = 33458824808 (33.5B)
Particle comms    = 105317191 (105M)
Boundary collides = 0 (0K)
Boundary exits    = 0 (0K)
SurfColl checks   = 81353161533 (81.4B)
SurfColl occurs   = 337142931 (337M)
Surf reactions    = 0 (0K)
Collide attempts  = 1592513275 (1.59B)
Collide occurs    = 804441650 (804M)
Gas reactions     = 0 (0K)
Particles stuck   = 0
Axisymm bad moves = 0

Particle-moves/CPUsec/proc: 4.72371e+08
Particle-moves/step: 1.08498e+08
Cell-touches/particle/step: 0.308383
Particle comm iterations/step: 2.999
Particle fraction communicated: 0.000970687
Particle fraction colliding with boundary: 0
Particle fraction exiting boundary: 0
Surface-checks/particle/step: 0.749816
Surface-collisions/particle/step: 0.00310738
Surface-reactions/particle/step: 0
Collision-attempts/particle/step: 0.0146779
Collisions/particle/step: 0.00741437
Gas-reactions/particle/step: 0

Particles: 6.08344e+06 ave 6.71277e+06 max 5.45423e+06 min
Histogram: 8 0 0 0 0 0 0 0 0 8
Cells:     54000 ave 54000 max 54000 min
Histogram: 16 0 0 0 0 0 0 0 0 0
GhostCell: 17370 ave 19200 max 11880 min
Histogram: 4 0 0 0 0 0 0 0 0 12
EmptyCell: 13770 ave 15600 max 8280 min
Histogram: 4 0 0 0 0 0 0 0 0 12
Surfs:     80998 ave 80998 max 80998 min
Histogram: 16 0 0 0 0 0 0 0 0 0
GhostSurf: 0 ave 0 max 0 min
Histogram: 16 0 0 0 0 0 0 0 0 0
sparta exit status: 0
