~~~~~~~~~~~~~~~~~~~~~~~~~~~~~~~~~~~~~~~~~
start:  Thu Sep 24 13:43:12 2026
ntests: 3
default descriptor: ab
default norm: L1
default tolerance: 0.05
default relative error: True
~~~~~~~~~~~~~~~~~~~~~~~~~~~~~~~~~~~~~~~~~

subdirs = ['free', 'optmove', 'tally_computes', 'surf', 'circle', 'adapt', 'bfield', 'flowfile', 'surf_react_heatflux', 'relax_const', 'paraview', 'chem_rates', 'spiky', 'fft', 'regions', 'python', 'shock_tube', 'qk', 'collide', 'adjust_temp', 'step', 'vibrate', 'surf_react_adsorb', 'surf_collide', 'vtk', 'jagged', 'ambi', 'chem', 'torque', 'variable_timestep', 'implicit', 'ambi_3body', 'custom', 'ablation', 'relax_variable', 'axi', 'cylinder', 'explicit2implicit', 'emit', 'mfp_mct', 'thermostat', 'sphere']

~~~~~~~~~~~~~~~~~~~~~~~~~~~~~~~~~~~~~~~~~
dir = /hpc/data/cfd-students/nnoventa/regression_runs/gpu_pr623_1217312/examples/ambi
test = ambi.group.react
300 
read 13 log entries
300 
read 13 log entries
==== generating gold standard for test ambi.group.react ====
==== comparing log.ab.ambi.group.react with log.archive.24Sep26.ab.ambi.group.react ====
Step     error  0.0 wrt norm     1.0
Np       error 0.0005824915308797154 wrt norm     1.0
Natt     error 0.004905175353461165 wrt norm     1.0
Ncoll    error 0.034807058367267794 wrt norm     1.0
Nreact   error 0.6666666666666666 wrt norm     1.0
c_temp   error 0.002041067474511731 wrt norm     1.0
!!! test ambi.group.react FAILED
elapsed time = 2.0944604873657227 s for test ambi.group.react
~~~~~~~~~~~~~~~~~~~~~~~~~~~~~~~~~~~~~~~~~

~~~~~~~~~~~~~~~~~~~~~~~~~~~~~~~~~~~~~~~~~
dir = /hpc/data/cfd-students/nnoventa/regression_runs/gpu_pr623_1217312/examples/ambi
test = ambi
==== generating gold standard for test ambi ====
==== comparing log.ab.ambi with log.archive.24Sep26.ab.ambi ====
ERROR on proc 0: Ran out of space in Kokkos collisions, increase react/extra or use react/retry (/hpc/data/cfd-students/nnoventa/sparta/src/KOKKOS/collide_vss_kokkos.cpp:2625)
!!! test ambi FAILED
elapsed time = 5.519556045532227 s for test ambi
~~~~~~~~~~~~~~~~~~~~~~~~~~~~~~~~~~~~~~~~~

~~~~~~~~~~~~~~~~~~~~~~~~~~~~~~~~~~~~~~~~~
dir = /hpc/data/cfd-students/nnoventa/regression_runs/gpu_pr623_1217312/examples/ambi
test = ambi.group
300 
read 7 log entries
300 
read 7 log entries
==== generating gold standard for test ambi.group ====
==== comparing log.ab.ambi.group with log.archive.24Sep26.ab.ambi.group ====
Step     error  0.0 wrt norm     1.0
Np       error  0.0 wrt norm     1.0
Natt     error 0.0020964360587002098 wrt norm     1.0
Ncoll    error 0.049450549450549455 wrt norm     1.0
c_temp   error 7.140833601715344e-05 wrt norm     1.0

WARNING: Only 1 out of 7 rows are identical
*** test ambi.group passed
elapsed time = 1.707050085067749 s for test ambi.group
~~~~~~~~~~~~~~~~~~~~~~~~~~~~~~~~~~~~~~~~~

~~~~~~~~~~~~~~~~~~~~~~~~~~~~~~~~~~~~~~~~~
end: Thu Sep 24 13:43:21 2026
!!! 2 of 3 tests failed
['/hpc/data/cfd-students/nnoventa/regression_runs/gpu_pr623_1217312/examples/ambi', 'ambi.group.react']
['/hpc/data/cfd-students/nnoventa/regression_runs/gpu_pr623_1217312/examples/ambi', 'ambi']

!!! Warnings were generated in the following tests
['/hpc/data/cfd-students/nnoventa/regression_runs/gpu_pr623_1217312/examples/ambi', 'ambi.group']
~~~~~~~~~~~~~~~~~~~~~~~~~~~~~~~~~~~~~~~~~
~~~~~~~~~~~~~~~~~~~~~~~~~~~~~~~~~~~~~~~~~
start:  Thu Sep 24 13:43:21 2026
ntests: 3
default descriptor: ab
default norm: L1
default tolerance: 0.05
default relative error: True
~~~~~~~~~~~~~~~~~~~~~~~~~~~~~~~~~~~~~~~~~

subdirs = ['free', 'optmove', 'tally_computes', 'surf', 'circle', 'adapt', 'bfield', 'flowfile', 'surf_react_heatflux', 'relax_const', 'paraview', 'chem_rates', 'spiky', 'fft', 'regions', 'python', 'shock_tube', 'qk', 'collide', 'adjust_temp', 'step', 'vibrate', 'surf_react_adsorb', 'surf_collide', 'vtk', 'jagged', 'ambi', 'chem', 'torque', 'variable_timestep', 'implicit', 'ambi_3body', 'custom', 'ablation', 'relax_variable', 'axi', 'cylinder', 'explicit2implicit', 'emit', 'mfp_mct', 'thermostat', 'sphere']

~~~~~~~~~~~~~~~~~~~~~~~~~~~~~~~~~~~~~~~~~
dir = /hpc/data/cfd-students/nnoventa/regression_runs/gpu_pr623_1217312/examples/circle
test = circle.distributed
1000 
read 11 log entries
1000 
read 11 log entries
==== generating gold standard for test circle.distributed ====
==== comparing log.ab.circle.distributed with log.archive.24Sep26.ab.circle.distributed ====
Step     error  0.0 wrt norm     1.0
Np       error  0.0 wrt norm     1.0
Natt              error  0.0
Ncoll             error  0.0
Nscoll   error  0.0 wrt norm     1.0
Nscheck  error  0.0 wrt norm     1.0

All rows are identical
*** test circle.distributed passed
elapsed time = 2.6580309867858887 s for test circle.distributed
~~~~~~~~~~~~~~~~~~~~~~~~~~~~~~~~~~~~~~~~~

~~~~~~~~~~~~~~~~~~~~~~~~~~~~~~~~~~~~~~~~~
dir = /hpc/data/cfd-students/nnoventa/regression_runs/gpu_pr623_1217312/examples/circle
test = circle
1000 
read 11 log entries
1000 
read 11 log entries
==== generating gold standard for test circle ====
==== comparing log.ab.circle with log.archive.24Sep26.ab.circle ====
Step     error  0.0 wrt norm     1.0
Np       error  0.0 wrt norm     1.0
Natt              error  0.0
Ncoll             error  0.0
Nscoll   error  0.0 wrt norm     1.0
Nscheck  error  0.0 wrt norm     1.0

All rows are identical
*** test circle passed
elapsed time = 2.653672933578491 s for test circle
~~~~~~~~~~~~~~~~~~~~~~~~~~~~~~~~~~~~~~~~~

~~~~~~~~~~~~~~~~~~~~~~~~~~~~~~~~~~~~~~~~~
dir = /hpc/data/cfd-students/nnoventa/regression_runs/gpu_pr623_1217312/examples/circle
test = circle.transparent
1000 
read 11 log entries
1000 
read 11 log entries
==== generating gold standard for test circle.transparent ====
==== comparing log.ab.circle.transparent with log.archive.24Sep26.ab.circle.transparent ====
Step     error  0.0 wrt norm     1.0
Np       error  0.0 wrt norm     1.0
Natt              error  0.0
Ncoll             error  0.0
Nscoll   error  0.0 wrt norm     1.0
Nscheck  error  0.0 wrt norm     1.0
c_reduce[1]  error  0.0 wrt norm     1.0
c_reduce[2]           error  0.0
c_reduce[3]  error  0.0 wrt norm     1.0
c_reduce[4]           error  0.0

All rows are identical
*** test circle.transparent passed
elapsed time = 3.1221141815185547 s for test circle.transparent
~~~~~~~~~~~~~~~~~~~~~~~~~~~~~~~~~~~~~~~~~

~~~~~~~~~~~~~~~~~~~~~~~~~~~~~~~~~~~~~~~~~
end: Thu Sep 24 13:43:30 2026
3 tests passed
*** no failures ***
~~~~~~~~~~~~~~~~~~~~~~~~~~~~~~~~~~~~~~~~~
