Loading hpcx/2.17.1-gcc-8.5.0
  Loading requirement: zlib-ng/2.1.4-gcc-8.5.0 zstd/1.5.5-gcc-8.5.0
    binutils/2.41-gcc-8.5.0
job        1217312.pbs60
date       2026-09-24T13:43:12+02:00
host       an5007
arch       gpu (-np 1, -k on g 1 -sf kk)
reference  /hpc/data/cfd-students/nnoventa/sparta/install_v100/bin/spa_kokkos_cuda
           arch    v100 commit  b7c3d8561f2539035449274b4d194c0b224d869a date    2026-09-22T10:16:03+02:00 
test       /hpc/data/cfd-students/nnoventa/sparta/install_v100_pr623/bin/spa_kokkos_cuda
           arch    v100_pr623 reduce  0 branch  try-pr623 commit  15368f052514be7014cdf1d1e08a20dc87c772ce date    2026-09-24T11:39:59+02:00 
tolerance  0.05 relative, L1 norm per stats column
only       ambi:circle
skipped    custom.step.set.restart
commit     1fd80cddefe7aa7864d420324b4dcdabbba6ccac
work dir   /hpc/data/cfd-students/nnoventa/sparta/../regression_runs/gpu_pr623_1217312/examples
GPU 0: Tesla V100-SXM2-32GB (UUID: GPU-71b85c2e-c905-c3e7-44e1-d8276f9178d8)
==== pass ref: /hpc/data/cfd-students/nnoventa/sparta/install_v100/bin/spa_kokkos_cuda
passed: 4
failed: 2
==== pass test: /hpc/data/cfd-students/nnoventa/sparta/install_v100_pr623/bin/spa_kokkos_cuda
passed: 3
failed: 3
deck                                                   ref vs ref            test vs ref
ambi                                             FAILED    0.00%        FAILED    0.00% 
ambi.group                                  passed    4.95% Ncoll  FAILED    7.14% Ncoll  <--
ambi.group.react                           FAILED   66.67% Nreact FAILED  316.67% Nreact
circle                                           passed    0.00%        passed    0.00% 
circle.distributed                               passed    0.00%        passed    0.00% 
circle.transparent                               passed    0.00%        passed    0.00% 

passed: reference 4/6, test 3/6
<-- : passes against itself with the reference build, fails with the test build
DRIVER : regression.py raised an exception on this deck, not compared
