job        1216487.pbs60
date       2026-09-24T10:09:27+02:00
arch       h200
nodes      1
ranks      4 (4 per node, 1 per GPU)
nsteps     1000
npart      120000000
gpu_aware  1
balance    deck (rcb cell)
input      /hpc/data/cfd-students/nnoventa/sparta/nicola/input/in.sparta.gpu
commit     0d744348e714f85f7da89eea57aad5b04877af85
build      arch    h200_pr623 reduce  0 branch  try-pr623 commit  cc1f923ec08392e77ccf5a54dcfee8bdd01b4e46 date    2026-09-24T10:07:12+02:00 
exe        /hpc/data/cfd-students/nnoventa/sparta/install_h200_pr623/bin/spa_kokkos_cuda
hosts      an6006.cm.cluster 
GPU 0: NVIDIA H200 (UUID: GPU-f89eb344-d7ff-03d0-d27f-4895ffb9493b)
GPU 1: NVIDIA H200 (UUID: GPU-9f32e6ff-4761-72cd-8197-dd5022453dad)
GPU 2: NVIDIA H200 (UUID: GPU-97138e6e-af5c-cb88-1126-780eaabe7f95)
GPU 3: NVIDIA H200 (UUID: GPU-56888e0e-9f96-d14b-ddcc-e63c35511505)
Driver Version                            : 560.28.03
CUDA Version                              : 12.6
    Addressing Mode                       : None
    Addressing Mode                       : None
    Addressing Mode                       : None
    Addressing Mode                       : None
[LOG_CAT_SBGP] libnuma.so: cannot open shared object file: No such file or directory
[LOG_CAT_SBGP] libnuma.so: cannot open shared object file: No such file or directory
[LOG_CAT_SBGP] Failed to dlopen libnuma.so. Fallback to GROUP_BY_SOCKET manual.
[LOG_CAT_SBGP] libnuma.so: cannot open shared object file: No such file or directory
[LOG_CAT_SBGP] Failed to dlopen libnuma.so. Fallback to GROUP_BY_SOCKET manual.
[LOG_CAT_SBGP] libnuma.so: cannot open shared object file: No such file or directory
[LOG_CAT_SBGP] Failed to dlopen libnuma.so. Fallback to GROUP_BY_SOCKET manual.
[LOG_CAT_SBGP] Failed to dlopen libnuma.so. Fallback to GROUP_BY_SOCKET manual.
Kokkos::OpenMP::initialize WARNING: OMP_PROC_BIND environment variable not set
  In general, for best performance with OpenMP 4.0 or better set OMP_PROC_BIND=spread and OMP_PLACES=threads
  For best performance with OpenMP 3.1 set OMP_PROC_BIND=true
  For unit testing set OMP_PROC_BIND=false

Kokkos::OpenMP::initialize WARNING: OMP_PROC_BIND environment variable not set
  In general, for best performance with OpenMP 4.0 or better set OMP_PROC_BIND=spread and OMP_PLACES=threads
  For best performance with OpenMP 3.1 set OMP_PROC_BIND=true
  For unit testing set OMP_PROC_BIND=false

Kokkos::OpenMP::initialize WARNING: OMP_PROC_BIND environment variable not set
  In general, for best performance with OpenMP 4.0 or better set OMP_PROC_BIND=spread and OMP_PLACES=threads
  For best performance with OpenMP 3.1 set OMP_PROC_BIND=true
  For unit testing set OMP_PROC_BIND=false

MPI detected: For OpenMP binding to work as intended, MPI ranks must be bound to exclusive CPU sets.

MPI detected: For OpenMP binding to work as intended, MPI ranks must be bound to exclusive CPU sets.

MPI detected: For OpenMP binding to work as intended, MPI ranks must be bound to exclusive CPU sets.

SPARTA (27 Aug 2026)
KOKKOS mode is enabled (/hpc/data/cfd-students/nnoventa/sparta/src/KOKKOS/kokkos.cpp:50)
  requested 4 GPU(s) per node
  requested 1 thread(s) per MPI task
WARNING: When using a single thread, the Kokkos Serial backend (i.e. Makefile.kokkos_mpi_only) gives better performance than the OpenMP backend (/hpc/data/cfd-students/nnoventa/sparta/src/KOKKOS/kokkos.cpp:148)
Kokkos::OpenMP::initialize WARNING: OMP_PROC_BIND environment variable not set
  In general, for best performance with OpenMP 4.0 or better set OMP_PROC_BIND=spread and OMP_PLACES=threads
  For best performance with OpenMP 3.1 set OMP_PROC_BIND=true
  For unit testing set OMP_PROC_BIND=false

MPI detected: For OpenMP binding to work as intended, MPI ranks must be bound to exclusive CPU sets.

Running on 4 MPI task(s)
Created orthogonal box = (-0.002001 -1e-06 -1e-06) to (0.02801 0.003001 0.087501)
WARNING: Per-processor grid cell memory will be large because global gridcut < 0.0 (/hpc/data/cfd-students/nnoventa/sparta/src/grid.cpp:518)
Created 864000 child grid cells
  CPU time = 0.140328 secs
  create/ghost percent = 7.72912 92.2709
Balance grid migrated 648000 cells
  CPU time = 0.0780325 secs
  reassign/sort/migrate/ghost percent = 18.8971 2.43743 31.891 46.7745
Reading surface file ...
  80998 triangles
  clipped to 80998 tris
  -0.002 0.028 xlo xhi
  0 0.003 ylo yhi
  0 0.0875 zlo zhi
  0.000245331 min triangle edge length
  3.15715e-08 min triangle area
  43848 0 = cells overlapping surfs, overlap cells with unmarked corner pts
  25 tiny edges removed
  269352 550800 43848 = cells outside/inside/overlapping surfs
  43848 = surf cells with 1,2,etc splits
  2.72343750000264e-06 2.7234375e-06 = cell-wise and global flow volume
  CPU time = 0.276403 secs
  read/check/sort/surf2grid/ghost/inout/particle percent = 6.26274 17.4994 2.82573 42.3732 31.0389 9.29069 0.000202603
  surf2grid time = 0.117121 secs
  map/comm1/comm2/comm3/comm4/split percent = 16.1733 2.42239 7.00462 3.44794 5.61196 59.5971
0 = initial surface count in group inlet
382 = final surface count in group inlet
0 = initial surface count in group outlet
690 = final surface count in group outlet
0 = initial surface count in group yminus
41336 = final surface count in group yminus
0 = initial surface count in group yplus
33810 = final surface count in group yplus
0 = initial surface count in group yplus_inlet
382 = final surface count in group yplus_inlet
0 = initial surface count in group yplus_inlet_wall
1314 = final surface count in group yplus_inlet_wall
0 = initial surface count in group yplus_outlet
718 = final surface count in group yplus_outlet
0 = initial surface count in group yplus_outlet_wall
1598 = final surface count in group yplus_outlet_wall
0 = initial surface count in group zminus
393 = final surface count in group zminus
0 = initial surface count in group zplus
375 = final surface count in group zplus
Creating particles ...
WARNING: Created unexpected # of particles: 119999544 versus 120000000 (/hpc/data/cfd-students/nnoventa/sparta/src/create_particles.cpp:445)
Created 119999544 particles
  CPU time = 11.2469 secs
Memory usage per proc in Mbytes:
  particles (ave,min,max) = 5789.82 5789.82 5789.82
  grid      (ave,min,max) = 278.402 278.384 278.419
  surf      (ave,min,max) = 20.309 20.309 20.309
  modify    (ave,min,max) = 56.0303 56.0303 56.0303
  total     (ave,min,max) = 6144.56 6144.54 6144.57
Step CPU T/CPU S/CPU Dt Np Natt Ncoll Nbound Nexit c_temp 
       0            0            0            0        3e-09 119999544        0        0        0        0    300.02426 
     100    1.5682509 1.9129557e-07    63.765153        3e-09 117876235  1752572   931644        0        0    297.57285 
     200    2.9873374 2.1140387e-07    70.467958        3e-09 115515897  1741720   897916        0        0    295.87014 
     300    4.3908152 2.1375469e-07    71.251566        3e-09 113128101  1705953   862940        0        0    294.45914 
     400    5.7733806 2.1698792e-07    72.329314        3e-09 110741121  1660259   830144        0        0    293.39566 
     500    7.1411764 2.1933103e-07    73.110342        3e-09 108373849  1611108   798390        0        0    292.66663 
     600     8.489515 2.2249599e-07     74.16533        3e-09 106040350  1561332   769256        0        0    292.15825 
     700    9.8210996 2.2529554e-07    75.098519        3e-09 103747742  1512655   741053        0        0    291.78143 
     800    11.132861 2.2869999e-07    76.233331        3e-09 101521943  1466419   715889        0        0    291.51942 
     900     12.42655 2.3189509e-07     77.29836        3e-09 99373108  1423455   690145        0        0    291.34733 
    1000    13.700991 2.3539708e-07    78.465705        3e-09 97318494  1383963   670244        0        0    291.27335 
Loop time of 18.8685 on 4 procs for 1000 steps with 97318494 particles
Performance: 52.998 timesteps/s, 5.158 Gparticle-step/s

MPI task timing breakdown:
Section |  min time  |  avg time  |  max time  |%varavg| %total
---------------------------------------------------------------
Move    | 8.8469     | 9.3402     | 9.8299     |  12.5 | 49.50
Coll    | 1.2542     | 1.2651     | 1.273      |   0.6 |  6.70
Sort    | 1.3403     | 1.3482     | 1.3674     |   1.0 |  7.15
Comm    | 0.3474     | 0.39747    | 0.42582    |   5.0 |  2.11
Modify  | 0.77837    | 0.8019     | 0.81997    |   1.7 |  4.25
Output  | 0.0062988  | 0.0065135  | 0.0066939  |   0.2 |  0.03
MPI Sync| 0.02485    | 1.9485     | 3.8597     | 115.3 | 10.33
Other   |            | 3.761      |            |       | 19.93

Particle moves    = 108489219691 (108B)
Cells touched     = 33458869367 (33.5B)
Particle comms    = 9810789 (9.81M)
Boundary collides = 0 (0K)
Boundary exits    = 0 (0K)
SurfColl checks   = 81344322685 (81.3B)
SurfColl occurs   = 337223390 (337M)
Surf reactions    = 0 (0K)
Collide attempts  = 1593834016 (1.59B)
Collide occurs    = 804852502 (805M)
Gas reactions     = 0 (0K)
Particles stuck   = 0
Axisymm bad moves = 0

Particle-moves/CPUsec/proc: 1.43743e+09
Particle-moves/step: 1.08489e+08
Cell-touches/particle/step: 0.308407
Particle comm iterations/step: 2.904
Particle fraction communicated: 9.0431e-05
Particle fraction colliding with boundary: 0
Particle fraction exiting boundary: 0
Surface-checks/particle/step: 0.749792
Surface-collisions/particle/step: 0.00310836
Surface-reactions/particle/step: 0
Collision-attempts/particle/step: 0.0146912
Collisions/particle/step: 0.00741873
Gas-reactions/particle/step: 0

Particles: 2.43296e+07 ave 2.4331e+07 max 2.43287e+07 min
Histogram: 2 0 0 0 1 0 0 0 0 1
Cells:     216000 ave 216000 max 216000 min
Histogram: 4 0 0 0 0 0 0 0 0 0
GhostCell: 21600 ave 28800 max 14400 min
Histogram: 2 0 0 0 0 0 0 0 0 2
EmptyCell: 21600 ave 28800 max 14400 min
Histogram: 2 0 0 0 0 0 0 0 0 2
Surfs:     80998 ave 80998 max 80998 min
Histogram: 4 0 0 0 0 0 0 0 0 0
GhostSurf: 0 ave 0 max 0 min
Histogram: 4 0 0 0 0 0 0 0 0 0
sparta exit status: 0
