job        1216441.pbs60
date       2026-09-24T09:38:07+02:00
arch       h200
nodes      1
ranks      4 (4 per node, 1 per GPU)
nsteps     1000
npart      120000000
gpu_aware  1
balance    deck (rcb cell)
input      /hpc/data/cfd-students/nnoventa/sparta/nicola/input/in.sparta.gpu
commit     d824086e6a0c1e81af8fcf6c0fa8c474e8e28550
build      arch    h200 commit  45125d690e6b7979ea7b79e6885099c916b25e10 date    2026-09-22T13:58:48+02:00 
exe        /hpc/data/cfd-students/nnoventa/sparta/install_h200/bin/spa_kokkos_cuda
hosts      an6006.cm.cluster 
GPU 0: NVIDIA H200 (UUID: GPU-f89eb344-d7ff-03d0-d27f-4895ffb9493b)
GPU 1: NVIDIA H200 (UUID: GPU-9f32e6ff-4761-72cd-8197-dd5022453dad)
GPU 2: NVIDIA H200 (UUID: GPU-97138e6e-af5c-cb88-1126-780eaabe7f95)
GPU 3: NVIDIA H200 (UUID: GPU-56888e0e-9f96-d14b-ddcc-e63c35511505)
Driver Version                            : 560.28.03
CUDA Version                              : 12.6
    Addressing Mode                       : None
    Addressing Mode                       : None
    Addressing Mode                       : None
    Addressing Mode                       : None
[LOG_CAT_SBGP] libnuma.so: cannot open shared object file: No such file or directory
[LOG_CAT_SBGP] Failed to dlopen libnuma.so. Fallback to GROUP_BY_SOCKET manual.
[LOG_CAT_SBGP] libnuma.so: cannot open shared object file: No such file or directory
[LOG_CAT_SBGP] Failed to dlopen libnuma.so. Fallback to GROUP_BY_SOCKET manual.
[LOG_CAT_SBGP] libnuma.so: cannot open shared object file: No such file or directory
[LOG_CAT_SBGP] Failed to dlopen libnuma.so. Fallback to GROUP_BY_SOCKET manual.
[LOG_CAT_SBGP] libnuma.so: cannot open shared object file: No such file or directory
[LOG_CAT_SBGP] Failed to dlopen libnuma.so. Fallback to GROUP_BY_SOCKET manual.
Kokkos::OpenMP::initialize WARNING: OMP_PROC_BIND environment variable not set
  In general, for best performance with OpenMP 4.0 or better set OMP_PROC_BIND=spread and OMP_PLACES=threads
  For best performance with OpenMP 3.1 set OMP_PROC_BIND=true
  For unit testing set OMP_PROC_BIND=false

Kokkos::OpenMP::initialize WARNING: OMP_PROC_BIND environment variable not set
  In general, for best performance with OpenMP 4.0 or better set OMP_PROC_BIND=spread and OMP_PLACES=threads
  For best performance with OpenMP 3.1 set OMP_PROC_BIND=true
  For unit testing set OMP_PROC_BIND=false

MPI detected: For OpenMP binding to work as intended, MPI ranks must be bound to exclusive CPU sets.

Kokkos::OpenMP::initialize WARNING: OMP_PROC_BIND environment variable not set
  In general, for best performance with OpenMP 4.0 or better set OMP_PROC_BIND=spread and OMP_PLACES=threads
  For best performance with OpenMP 3.1 set OMP_PROC_BIND=true
  For unit testing set OMP_PROC_BIND=false

MPI detected: For OpenMP binding to work as intended, MPI ranks must be bound to exclusive CPU sets.

MPI detected: For OpenMP binding to work as intended, MPI ranks must be bound to exclusive CPU sets.

SPARTA (27 Aug 2026)
KOKKOS mode is enabled (/hpc/data/cfd-students/nnoventa/sparta/src/KOKKOS/kokkos.cpp:50)
  requested 4 GPU(s) per node
  requested 1 thread(s) per MPI task
WARNING: When using a single thread, the Kokkos Serial backend (i.e. Makefile.kokkos_mpi_only) gives better performance than the OpenMP backend (/hpc/data/cfd-students/nnoventa/sparta/src/KOKKOS/kokkos.cpp:148)
Kokkos::OpenMP::initialize WARNING: OMP_PROC_BIND environment variable not set
  In general, for best performance with OpenMP 4.0 or better set OMP_PROC_BIND=spread and OMP_PLACES=threads
  For best performance with OpenMP 3.1 set OMP_PROC_BIND=true
  For unit testing set OMP_PROC_BIND=false

MPI detected: For OpenMP binding to work as intended, MPI ranks must be bound to exclusive CPU sets.

Running on 4 MPI task(s)
Created orthogonal box = (-0.002001 -1e-06 -1e-06) to (0.02801 0.003001 0.087501)
WARNING: Per-processor grid cell memory will be large because global gridcut < 0.0 (/hpc/data/cfd-students/nnoventa/sparta/src/grid.cpp:518)
Created 864000 child grid cells
  CPU time = 0.140451 secs
  create/ghost percent = 8.72615 91.2739
Balance grid migrated 648000 cells
  CPU time = 0.0781173 secs
  reassign/sort/migrate/ghost percent = 19.0834 2.41636 32.1219 46.3784
Reading surface file ...
  80998 triangles
  clipped to 80998 tris
  -0.002 0.028 xlo xhi
  0 0.003 ylo yhi
  0 0.0875 zlo zhi
  0.000245331 min triangle edge length
  3.15715e-08 min triangle area
  43848 0 = cells overlapping surfs, overlap cells with unmarked corner pts
  25 tiny edges removed
  269352 550800 43848 = cells outside/inside/overlapping surfs
  43848 = surf cells with 1,2,etc splits
  2.72343750000268e-06 2.7234375e-06 = cell-wise and global flow volume
  CPU time = 0.285032 secs
  read/check/sort/surf2grid/ghost/inout/particle percent = 6.08304 20.4436 3.03333 40.4143 30.0257 8.97281 0.000326279
  surf2grid time = 0.115194 secs
  map/comm1/comm2/comm3/comm4/split percent = 16.5972 2.40976 7.2158 2.7641 5.88749 59.5308
0 = initial surface count in group inlet
382 = final surface count in group inlet
0 = initial surface count in group outlet
690 = final surface count in group outlet
0 = initial surface count in group yminus
41336 = final surface count in group yminus
0 = initial surface count in group yplus
33810 = final surface count in group yplus
0 = initial surface count in group yplus_inlet
382 = final surface count in group yplus_inlet
0 = initial surface count in group yplus_inlet_wall
1314 = final surface count in group yplus_inlet_wall
0 = initial surface count in group yplus_outlet
718 = final surface count in group yplus_outlet
0 = initial surface count in group yplus_outlet_wall
1598 = final surface count in group yplus_outlet_wall
0 = initial surface count in group zminus
393 = final surface count in group zminus
0 = initial surface count in group zplus
375 = final surface count in group zplus
Creating particles ...
WARNING: Created unexpected # of particles: 119999559 versus 120000000 (/hpc/data/cfd-students/nnoventa/sparta/src/create_particles.cpp:445)
Created 119999559 particles
  CPU time = 18.1874 secs
Memory usage per proc in Mbytes:
  particles (ave,min,max) = 5789.82 5789.82 5789.82
  grid      (ave,min,max) = 278.402 278.384 278.419
  surf      (ave,min,max) = 20.309 20.309 20.309
  modify    (ave,min,max) = 56.0303 56.0303 56.0303
  total     (ave,min,max) = 6144.56 6144.54 6144.57
Step CPU T/CPU S/CPU Dt Np Natt Ncoll Nbound Nexit c_temp 
       0            0            0            0        3e-09 119999559        0        0        0        0    300.00195 
     100    9.1744349 3.2699556e-08    10.899851        3e-09 117872750  1752726   930866        0        0    297.53861 
     200    18.160617 3.338459e-08    11.128197        3e-09 115511123  1742038   896717        0        0    295.83622 
     300    26.786919 3.4777357e-08    11.592452        3e-09 113123635  1705364   862863        0        0    294.42227 
     400    34.737858 3.773139e-08     12.57713        3e-09 110733390  1659801   829414        0        0    293.36665 
     500    43.446805 3.4447334e-08    11.482445        3e-09 108367906  1610759   798561        0        0    292.64589 
     600    51.327252 3.8068908e-08    12.689636        3e-09 106032999  1561128   769203        0        0    292.12195 
     700    58.895274 3.9640475e-08    13.213491        3e-09 103742053  1512700   739531        0        0    291.75149 
     800    66.706964 3.840398e-08    12.801327        3e-09 101516196  1466058   713861        0        0    291.51973 
     900    74.809171 3.702695e-08    12.342316        3e-09 99371170  1423473   690483        0        0    291.34645 
    1000     81.97593 4.1859935e-08    13.953312        3e-09 97316200  1384007   669325        0        0    291.27351 
Loop time of 81.9759 on 4 procs for 1000 steps with 97316200 particles
Performance: 12.199 timesteps/s, 1.187 Gparticle-step/s

MPI task timing breakdown:
Section |  min time  |  avg time  |  max time  |%varavg| %total
---------------------------------------------------------------
Move    | 46.351     | 46.403     | 46.442     |   0.5 | 56.61
Coll    | 1.8936     | 1.9862     | 2.0655     |   5.4 |  2.42
Sort    | 1.5883     | 1.5993     | 1.6105     |   0.7 |  1.95
Comm    | 0.35379    | 0.40408    | 0.43192    |   5.0 |  0.49
Modify  | 0.99704    | 1.0884     | 1.1853     |   8.1 |  1.33
Output  | 30.391     | 30.392     | 30.393     |   0.0 | 37.07
MPI Sync| 0.034672   | 0.10268    | 0.20602    |  21.4 |  0.13
Other   |            | 8.064e-05  |            |       |  0.00

Particle moves    = 108484012420 (108B)
Cells touched     = 121267317663 (121B)
Particle comms    = 9811209 (9.81M)
Boundary collides = 0 (0K)
Boundary exits    = 0 (0K)
SurfColl checks   = 81335813135 (81.3B)
SurfColl occurs   = 337204587 (337M)
Surf reactions    = 0 (0K)
Collide attempts  = 1593584715 (1.59B)
Collide occurs    = 804788299 (805M)
Gas reactions     = 0 (0K)
Particles stuck   = 0
Axisymm bad moves = 0

Particle-moves/CPUsec/proc: 3.30841e+08
Particle-moves/step: 1.08484e+08
Cell-touches/particle/step: 1.11784
Particle comm iterations/step: 2.883
Particle fraction communicated: 9.04392e-05
Particle fraction colliding with boundary: 0
Particle fraction exiting boundary: 0
Surface-checks/particle/step: 0.749749
Surface-collisions/particle/step: 0.00310833
Surface-reactions/particle/step: 0
Collision-attempts/particle/step: 0.0146896
Collisions/particle/step: 0.0074185
Gas-reactions/particle/step: 0

Particles: 2.4329e+07 ave 2.43311e+07 max 2.43276e+07 min
Histogram: 1 0 1 0 1 0 0 0 0 1
Cells:     216000 ave 216000 max 216000 min
Histogram: 4 0 0 0 0 0 0 0 0 0
GhostCell: 21600 ave 28800 max 14400 min
Histogram: 2 0 0 0 0 0 0 0 0 2
EmptyCell: 21600 ave 28800 max 14400 min
Histogram: 2 0 0 0 0 0 0 0 0 2
Surfs:     80998 ave 80998 max 80998 min
Histogram: 4 0 0 0 0 0 0 0 0 0
GhostSurf: 0 ave 0 max 0 min
Histogram: 4 0 0 0 0 0 0 0 0 0
sparta exit status: 0
