Loading hpcx/2.17.1-gcc-8.5.0
  Loading requirement: zlib-ng/2.1.4-gcc-8.5.0 zstd/1.5.5-gcc-8.5.0
    binutils/2.41-gcc-8.5.0
job        1214725.pbs60
date       2026-09-23T09:46:05+02:00
arch       gpu
nodes      1
ranks      8 (8 per node, 2 per GPU)
nsteps     1000
npart      120000000
gpu_aware  1
balance    deck (rcb cell)
input      /hpc/data/cfd-students/nnoventa/sparta/nicola/input/in.sparta.gpu
commit     c70483788e864ae5b1c5204c5ecae1dbde44ba90
build      arch    v100 commit  b7c3d8561f2539035449274b4d194c0b224d869a date    2026-09-22T10:16:03+02:00 
exe        /hpc/data/cfd-students/nnoventa/sparta/install_v100/bin/spa_kokkos_cuda
hosts      an5017.cm.cluster 
GPU 0: Tesla V100-SXM2-32GB (UUID: GPU-6e7f8578-2656-16cf-fb95-95be1039bf3f)
GPU 1: Tesla V100-SXM2-32GB (UUID: GPU-ec99e342-5760-7086-cc31-27b44bbc6862)
GPU 2: Tesla V100-SXM2-32GB (UUID: GPU-9e332e99-41c2-3c82-1e74-740d7a1e4774)
GPU 3: Tesla V100-SXM2-32GB (UUID: GPU-55dc5711-cd8c-6a73-a478-60fcc72e0de4)
Driver Version                            : 575.57.08
CUDA Version                              : 12.9
    Addressing Mode                       : N/A
    Addressing Mode                       : N/A
    Addressing Mode                       : N/A
    Addressing Mode                       : N/A
Kokkos::OpenMP::initialize WARNING: OMP_PROC_BIND environment variable not set
  In general, for best performance with OpenMP 4.0 or better set OMP_PROC_BIND=spread and OMP_PLACES=threads
  For best performance with OpenMP 3.1 set OMP_PROC_BIND=true
  For unit testing set OMP_PROC_BIND=false

MPI detected: For OpenMP binding to work as intended, MPI ranks must be bound to exclusive CPU sets.

Kokkos::OpenMP::initialize WARNING: OMP_PROC_BIND environment variable not set
  In general, for best performance with OpenMP 4.0 or better set OMP_PROC_BIND=spread and OMP_PLACES=threads
  For best performance with OpenMP 3.1 set OMP_PROC_BIND=true
  For unit testing set OMP_PROC_BIND=false

MPI detected: For OpenMP binding to work as intended, MPI ranks must be bound to exclusive CPU sets.

Kokkos::OpenMP::initialize WARNING: OMP_PROC_BIND environment variable not set
  In general, for best performance with OpenMP 4.0 or better set OMP_PROC_BIND=spread and OMP_PLACES=threads
  For best performance with OpenMP 3.1 set OMP_PROC_BIND=true
  For unit testing set OMP_PROC_BIND=false

MPI detected: For OpenMP binding to work as intended, MPI ranks must be bound to exclusive CPU sets.

Kokkos::OpenMP::initialize WARNING: OMP_PROC_BIND environment variable not set
  In general, for best performance with OpenMP 4.0 or better set OMP_PROC_BIND=spread and OMP_PLACES=threads
  For best performance with OpenMP 3.1 set OMP_PROC_BIND=true
  For unit testing set OMP_PROC_BIND=false

MPI detected: For OpenMP binding to work as intended, MPI ranks must be bound to exclusive CPU sets.

Kokkos::OpenMP::initialize WARNING: OMP_PROC_BIND environment variable not set
  In general, for best performance with OpenMP 4.0 or better set OMP_PROC_BIND=spread and OMP_PLACES=threads
  For best performance with OpenMP 3.1 set OMP_PROC_BIND=true
  For unit testing set OMP_PROC_BIND=false

MPI detected: For OpenMP binding to work as intended, MPI ranks must be bound to exclusive CPU sets.

Kokkos::OpenMP::initialize WARNING: OMP_PROC_BIND environment variable not set
  In general, for best performance with OpenMP 4.0 or better set OMP_PROC_BIND=spread and OMP_PLACES=threads
  For best performance with OpenMP 3.1 set OMP_PROC_BIND=true
  For unit testing set OMP_PROC_BIND=false

MPI detected: For OpenMP binding to work as intended, MPI ranks must be bound to exclusive CPU sets.

Kokkos::OpenMP::initialize WARNING: OMP_PROC_BIND environment variable not set
  In general, for best performance with OpenMP 4.0 or better set OMP_PROC_BIND=spread and OMP_PLACES=threads
  For best performance with OpenMP 3.1 set OMP_PROC_BIND=true
  For unit testing set OMP_PROC_BIND=false

MPI detected: For OpenMP binding to work as intended, MPI ranks must be bound to exclusive CPU sets.

SPARTA (27 Aug 2026)
KOKKOS mode is enabled (/hpc/data/cfd-students/nnoventa/sparta/src/KOKKOS/kokkos.cpp:50)
  requested 4 GPU(s) per node
  requested 1 thread(s) per MPI task
WARNING: When using a single thread, the Kokkos Serial backend (i.e. Makefile.kokkos_mpi_only) gives better performance than the OpenMP backend (/hpc/data/cfd-students/nnoventa/sparta/src/KOKKOS/kokkos.cpp:148)
Kokkos::OpenMP::initialize WARNING: OMP_PROC_BIND environment variable not set
  In general, for best performance with OpenMP 4.0 or better set OMP_PROC_BIND=spread and OMP_PLACES=threads
  For best performance with OpenMP 3.1 set OMP_PROC_BIND=true
  For unit testing set OMP_PROC_BIND=false

MPI detected: For OpenMP binding to work as intended, MPI ranks must be bound to exclusive CPU sets.

Running on 8 MPI task(s)
Created orthogonal box = (-0.002001 -1e-06 -1e-06) to (0.02801 0.003001 0.087501)
WARNING: Per-processor grid cell memory will be large because global gridcut < 0.0 (/hpc/data/cfd-students/nnoventa/sparta/src/grid.cpp:518)
Created 864000 child grid cells
  CPU time = 0.399251 secs
  create/ghost percent = 5.5164 94.4836
Balance grid migrated 756000 cells
  CPU time = 0.125741 secs
  reassign/sort/migrate/ghost percent = 19.6302 1.18216 30.909 48.2787
Reading surface file ...
  80998 triangles
  clipped to 80998 tris
  -0.002 0.028 xlo xhi
  0 0.003 ylo yhi
  0 0.0875 zlo zhi
  0.000245331 min triangle edge length
  3.15715e-08 min triangle area
  43848 0 = cells overlapping surfs, overlap cells with unmarked corner pts
  25 tiny edges removed
  269352 550800 43848 = cells outside/inside/overlapping surfs
  43848 = surf cells with 1,2,etc splits
  2.72343750000197e-06 2.7234375e-06 = cell-wise and global flow volume
  CPU time = 0.423644 secs
  read/check/sort/surf2grid/ghost/inout/particle percent = 9.25178 29.2048 2.41128 34.1856 24.9465 6.92614 0.000398211
  surf2grid time = 0.144825 secs
  map/comm1/comm2/comm3/comm4/split percent = 20.1466 2.99839 6.87544 2.94361 7.87163 55.2753
0 = initial surface count in group inlet
382 = final surface count in group inlet
0 = initial surface count in group outlet
690 = final surface count in group outlet
0 = initial surface count in group yminus
41336 = final surface count in group yminus
0 = initial surface count in group yplus
33810 = final surface count in group yplus
0 = initial surface count in group yplus_inlet
382 = final surface count in group yplus_inlet
0 = initial surface count in group yplus_inlet_wall
1314 = final surface count in group yplus_inlet_wall
0 = initial surface count in group yplus_outlet
718 = final surface count in group yplus_outlet
0 = initial surface count in group yplus_outlet_wall
1598 = final surface count in group yplus_outlet_wall
0 = initial surface count in group zminus
393 = final surface count in group zminus
0 = initial surface count in group zplus
375 = final surface count in group zplus
Creating particles ...
WARNING: Created unexpected # of particles: 119999517 versus 120000000 (/hpc/data/cfd-students/nnoventa/sparta/src/create_particles.cpp:445)
Created 119999517 particles
  CPU time = 14.6791 secs
Memory usage per proc in Mbytes:
  particles (ave,min,max) = 2861.82 2455.45 3268.2
  grid      (ave,min,max) = 264.783 264.765 264.801
  surf      (ave,min,max) = 20.309 20.309 20.309
  modify    (ave,min,max) = 28.0151 28.0151 28.0151
  total     (ave,min,max) = 3174.93 2768.54 3581.33
Step CPU T/CPU S/CPU Dt Np Natt Ncoll Nbound Nexit c_temp 
       0            0            0            0        3e-09 119999517        0        0        0        0    299.98919 
     100     10.21996 2.9354314e-08    9.7847704        3e-09 117871516  1752047   933258        0        0    297.51654 
     200    20.414808 2.942663e-08    9.8088767        3e-09 115511730  1741689   897341        0        0    295.78385 
     300     30.73404 2.907193e-08    9.6906431        3e-09 113128192  1705407   863259        0        0    294.46172 
     400    40.936024 2.9406048e-08    9.8020161        3e-09 110747928  1660254   830033        0        0    293.43441 
     500    51.046373 2.9672562e-08    9.8908541        3e-09 108384549  1610899   798219        0        0    292.65968 
     600     61.07726 2.9907626e-08    9.9692086        3e-09 106050320  1561402   768910        0        0    292.19133 
     700    70.939023 3.0420524e-08    10.140175        3e-09 103761075  1512700   740959        0        0    291.84532 
     800    80.669999 3.0829383e-08    10.276461        3e-09 101535340  1466772   714974        0        0    291.57062 
     900    90.248079 3.1321519e-08    10.440506        3e-09 99388991  1423677   691125        0        0    291.40705 
    1000    99.667464 3.1849215e-08    10.616405        3e-09 97330564  1384177   669736        0        0    291.31068 
Loop time of 99.6676 on 8 procs for 1000 steps with 97330564 particles
Performance: 10.033 timesteps/s, 976.552 Mparticle-step/s

MPI task timing breakdown:
Section |  min time  |  avg time  |  max time  |%varavg| %total
---------------------------------------------------------------
Move    | 53.182     | 60.74      | 69.009     |  93.7 | 60.94
Coll    | 4.7988     | 6.2976     | 8.1294     |  42.7 |  6.32
Sort    | 5.9083     | 8.3138     | 10.803     |  65.6 |  8.34
Comm    | 2.8776     | 3.0229     | 3.186      |   7.4 |  3.03
Modify  | 3.6092     | 7.2952     | 10.494     |  83.6 |  7.32
Output  | 4.3545     | 4.3968     | 4.4361     |   1.3 |  4.41
MPI Sync| 0.7799     | 9.601      | 17.91      | 255.5 |  9.63
Other   |            | 0.0001673  |            |       |  0.00

Particle moves    = 108495933083 (108B)
Cells touched     = 121281494754 (121B)
Particle comms    = 17249108 (17.2M)
Boundary collides = 0 (0K)
Boundary exits    = 0 (0K)
SurfColl checks   = 81355753776 (81.4B)
SurfColl occurs   = 337211165 (337M)
Surf reactions    = 0 (0K)
Collide attempts  = 1593542793 (1.59B)
Collide occurs    = 804763327 (805M)
Gas reactions     = 0 (0K)
Particles stuck   = 0
Axisymm bad moves = 0

Particle-moves/CPUsec/proc: 1.36072e+08
Particle-moves/step: 1.08496e+08
Cell-touches/particle/step: 1.11784
Particle comm iterations/step: 2.996
Particle fraction communicated: 0.000158984
Particle fraction colliding with boundary: 0
Particle fraction exiting boundary: 0
Surface-checks/particle/step: 0.749851
Surface-collisions/particle/step: 0.00310805
Surface-reactions/particle/step: 0
Collision-attempts/particle/step: 0.0146876
Collisions/particle/step: 0.00741745
Gas-reactions/particle/step: 0

Particles: 1.21663e+07 ave 1.34177e+07 max 1.0914e+07 min
Histogram: 4 0 0 0 0 0 0 0 0 4
Cells:     108000 ave 108000 max 108000 min
Histogram: 8 0 0 0 0 0 0 0 0 0
GhostCell: 12780 ave 16440 max 9120 min
Histogram: 4 0 0 0 0 0 0 0 0 4
EmptyCell: 12780 ave 16440 max 9120 min
Histogram: 4 0 0 0 0 0 0 0 0 4
Surfs:     80998 ave 80998 max 80998 min
Histogram: 8 0 0 0 0 0 0 0 0 0
GhostSurf: 0 ave 0 max 0 min
Histogram: 8 0 0 0 0 0 0 0 0 0
sparta exit status: 0
