job        1217617.pbs60
date       2026-09-24T14:49:57+02:00
arch       h200
nodes      1
ranks      4 (4 per node, 1 per GPU)
nsteps     1000
npart      120000000
gpu_aware  1
balance    deck (rcb cell)
input      /hpc/data/cfd-students/nnoventa/sparta/nicola/input/in.sparta.gpu
commit     7fb3c7bd2978d271a2f91575735b56617b7d84e2
build      arch    h200 reduce  0 branch  master commit  2115ed93737525c90139f1854f05694bbf723553 date    2026-09-24T14:39:32+02:00 
exe        /hpc/data/cfd-students/nnoventa/sparta/install_h200/bin/spa_kokkos_cuda
hosts      an6003.cm.cluster 
GPU 0: NVIDIA H200 (UUID: GPU-66f1b4ee-ffa8-5591-2b81-0d2772704394)
GPU 1: NVIDIA H200 (UUID: GPU-4d8c0d4f-4633-76df-ddb4-5c2c51a64824)
GPU 2: NVIDIA H200 (UUID: GPU-539bf9f5-819a-1b28-76f8-e4d958ec68f4)
GPU 3: NVIDIA H200 (UUID: GPU-cc1dcc91-6598-0ae2-5c23-e350ad7c1bb7)
Driver Version                            : 560.28.03
CUDA Version                              : 12.6
    Addressing Mode                       : None
    Addressing Mode                       : None
    Addressing Mode                       : None
    Addressing Mode                       : None
[LOG_CAT_SBGP] libnuma.so: cannot open shared object file: No such file or directory
[LOG_CAT_SBGP] Failed to dlopen libnuma.so. Fallback to GROUP_BY_SOCKET manual.
[LOG_CAT_SBGP] libnuma.so: cannot open shared object file: No such file or directory
[LOG_CAT_SBGP] Failed to dlopen libnuma.so. Fallback to GROUP_BY_SOCKET manual.
[LOG_CAT_SBGP] libnuma.so: cannot open shared object file: No such file or directory
[LOG_CAT_SBGP] libnuma.so: cannot open shared object file: No such file or directory
[LOG_CAT_SBGP] Failed to dlopen libnuma.so. Fallback to GROUP_BY_SOCKET manual.
[LOG_CAT_SBGP] Failed to dlopen libnuma.so. Fallback to GROUP_BY_SOCKET manual.
Kokkos::OpenMP::initialize WARNING: OMP_PROC_BIND environment variable not set
  In general, for best performance with OpenMP 4.0 or better set OMP_PROC_BIND=spread and OMP_PLACES=threads
  For best performance with OpenMP 3.1 set OMP_PROC_BIND=true
  For unit testing set OMP_PROC_BIND=false

Kokkos::OpenMP::initialize WARNING: OMP_PROC_BIND environment variable not set
  In general, for best performance with OpenMP 4.0 or better set OMP_PROC_BIND=spread and OMP_PLACES=threads
  For best performance with OpenMP 3.1 set OMP_PROC_BIND=true
  For unit testing set OMP_PROC_BIND=false

MPI detected: For OpenMP binding to work as intended, MPI ranks must be bound to exclusive CPU sets.

Kokkos::OpenMP::initialize WARNING: OMP_PROC_BIND environment variable not set
  In general, for best performance with OpenMP 4.0 or better set OMP_PROC_BIND=spread and OMP_PLACES=threads
  For best performance with OpenMP 3.1 set OMP_PROC_BIND=true
  For unit testing set OMP_PROC_BIND=false

MPI detected: For OpenMP binding to work as intended, MPI ranks must be bound to exclusive CPU sets.

MPI detected: For OpenMP binding to work as intended, MPI ranks must be bound to exclusive CPU sets.

SPARTA (27 Aug 2026)
KOKKOS mode is enabled (/hpc/data/cfd-students/nnoventa/sparta/src/KOKKOS/kokkos.cpp:50)
  requested 4 GPU(s) per node
  requested 1 thread(s) per MPI task
WARNING: When using a single thread, the Kokkos Serial backend (i.e. Makefile.kokkos_mpi_only) gives better performance than the OpenMP backend (/hpc/data/cfd-students/nnoventa/sparta/src/KOKKOS/kokkos.cpp:148)
Kokkos::OpenMP::initialize WARNING: OMP_PROC_BIND environment variable not set
  In general, for best performance with OpenMP 4.0 or better set OMP_PROC_BIND=spread and OMP_PLACES=threads
  For best performance with OpenMP 3.1 set OMP_PROC_BIND=true
  For unit testing set OMP_PROC_BIND=false

MPI detected: For OpenMP binding to work as intended, MPI ranks must be bound to exclusive CPU sets.

Running on 4 MPI task(s)
Created orthogonal box = (-0.002001 -1e-06 -1e-06) to (0.02801 0.003001 0.087501)
WARNING: Per-processor grid cell memory will be large because global gridcut < 0.0 (/hpc/data/cfd-students/nnoventa/sparta/src/grid.cpp:518)
Created 864000 child grid cells
  CPU time = 0.13739 secs
  create/ghost percent = 8.84894 91.1511
Balance grid migrated 648000 cells
  CPU time = 0.0755756 secs
  reassign/sort/migrate/ghost percent = 18.8227 1.33609 32.3867 47.4545
Reading surface file ...
  80998 triangles
  clipped to 80998 tris
  -0.002 0.028 xlo xhi
  0 0.003 ylo yhi
  0 0.0875 zlo zhi
  0.000245331 min triangle edge length
  3.15715e-08 min triangle area
  43848 0 = cells overlapping surfs, overlap cells with unmarked corner pts
  25 tiny edges removed
  269352 550800 43848 = cells outside/inside/overlapping surfs
  43848 = surf cells with 1,2,etc splits
  2.72343750000266e-06 2.7234375e-06 = cell-wise and global flow volume
  CPU time = 0.274193 secs
  read/check/sort/surf2grid/ghost/inout/particle percent = 6.8499 16.6036 3.19609 42.6466 30.7037 9.37959 0.000262589
  surf2grid time = 0.116934 secs
  map/comm1/comm2/comm3/comm4/split percent = 16.345 2.59874 7.03443 3.23704 5.54359 58.8972
0 = initial surface count in group inlet
382 = final surface count in group inlet
0 = initial surface count in group outlet
690 = final surface count in group outlet
0 = initial surface count in group yminus
41336 = final surface count in group yminus
0 = initial surface count in group yplus
33810 = final surface count in group yplus
0 = initial surface count in group yplus_inlet
382 = final surface count in group yplus_inlet
0 = initial surface count in group yplus_inlet_wall
1314 = final surface count in group yplus_inlet_wall
0 = initial surface count in group yplus_outlet
718 = final surface count in group yplus_outlet
0 = initial surface count in group yplus_outlet_wall
1598 = final surface count in group yplus_outlet_wall
0 = initial surface count in group zminus
393 = final surface count in group zminus
0 = initial surface count in group zplus
375 = final surface count in group zplus
Creating particles ...
WARNING: Created unexpected # of particles: 119999570 versus 120000000 (/hpc/data/cfd-students/nnoventa/sparta/src/create_particles.cpp:445)
Created 119999570 particles
  CPU time = 9.64976 secs
Memory usage per proc in Mbytes:
  particles (ave,min,max) = 5789.82 5789.82 5789.82
  grid      (ave,min,max) = 278.402 278.384 278.419
  surf      (ave,min,max) = 20.309 20.309 20.309
  modify    (ave,min,max) = 56.0303 56.0303 56.0303
  total     (ave,min,max) = 6144.56 6144.54 6144.57
Step CPU T/CPU S/CPU Dt Np Natt Ncoll Nbound Nexit c_temp 
       0            0            0            0        3e-09 119999570        0        0        0        0    300.01993 
     100    1.5742753 1.9056372e-07    63.521204        3e-09 117874468  1752325   932760        0        0    297.55436 
     200    2.9965872 2.1092423e-07    70.308082        3e-09 115513503  1741651   897804        0        0    295.85437 
     300    4.3983992 2.1400866e-07    71.336219        3e-09 113125169  1705409   862073        0        0    294.45572 
     400    5.7842854 2.1646802e-07    72.156014        3e-09 110739660  1660268   829982        0        0    293.37844 
     500    7.1522693 2.1930087e-07    73.100288        3e-09 108374554  1610952   799077        0        0    292.64933 
     600    8.5012746 2.2238603e-07    74.128681        3e-09 106038859  1561655   768708        0        0    292.11612 
     700    9.8334535 2.2519502e-07    75.065006        3e-09 103749354  1512287   739696        0        0    291.75197 
     800    11.144456 2.2883243e-07    76.277465        3e-09 101523184  1466354   714441        0        0    291.53857 
     900    12.440092 2.3154652e-07    77.182181        3e-09 99377070  1423269   689971        0        0    291.38517 
    1000    13.716573 2.3502114e-07    78.340372        3e-09 97319660  1383664   669415        0        0     291.2888 
Loop time of 14.0572 on 4 procs for 1000 steps with 97319660 particles
Performance: 71.138 timesteps/s, 6.923 Gparticle-step/s

MPI task timing breakdown:
Section |  min time  |  avg time  |  max time  |%varavg| %total
---------------------------------------------------------------
Move    | 8.8519     | 9.3342     | 9.8568     |  13.0 | 66.40
Coll    | 1.2529     | 1.2617     | 1.2691     |   0.5 |  8.98
Sort    | 1.3502     | 1.3652     | 1.3759     |   0.8 |  9.71
Comm    | 0.34218    | 0.38647    | 0.41376    |   4.5 |  2.75
Modify  | 0.78952    | 0.79901    | 0.80493    |   0.7 |  5.68
Output  | 0.0063299  | 0.0064253  | 0.0065472  |   0.1 |  0.05
MPI Sync| 0.017063   | 0.5642     | 1.0515     |  52.7 |  4.01
Other   |            | 0.3401     |            |       |  2.42

Particle moves    = 108488863053 (108B)
Cells touched     = 33458180989 (33.5B)
Particle comms    = 9807880 (9.81M)
Boundary collides = 0 (0K)
Boundary exits    = 0 (0K)
SurfColl checks   = 81345903995 (81.3B)
SurfColl occurs   = 337199028 (337M)
Surf reactions    = 0 (0K)
Collide attempts  = 1593582167 (1.59B)
Collide occurs    = 804822874 (805M)
Gas reactions     = 0 (0K)
Particles stuck   = 0
Axisymm bad moves = 0

Particle-moves/CPUsec/proc: 1.92942e+09
Particle-moves/step: 1.08489e+08
Cell-touches/particle/step: 0.308402
Particle comm iterations/step: 2.899
Particle fraction communicated: 9.04045e-05
Particle fraction colliding with boundary: 0
Particle fraction exiting boundary: 0
Surface-checks/particle/step: 0.749809
Surface-collisions/particle/step: 0.00310814
Surface-reactions/particle/step: 0
Collision-attempts/particle/step: 0.0146889
Collisions/particle/step: 0.00741848
Gas-reactions/particle/step: 0

Particles: 2.43299e+07 ave 2.43303e+07 max 2.43296e+07 min
Histogram: 1 1 0 0 0 0 0 1 0 1
Cells:     216000 ave 216000 max 216000 min
Histogram: 4 0 0 0 0 0 0 0 0 0
GhostCell: 21600 ave 28800 max 14400 min
Histogram: 2 0 0 0 0 0 0 0 0 2
EmptyCell: 21600 ave 28800 max 14400 min
Histogram: 2 0 0 0 0 0 0 0 0 2
Surfs:     80998 ave 80998 max 80998 min
Histogram: 4 0 0 0 0 0 0 0 0 0
GhostSurf: 0 ave 0 max 0 min
Histogram: 4 0 0 0 0 0 0 0 0 0
sparta exit status: 0
