~~~~~~~~~~~~~~~~~~~~~~~~~~~~~~~~~~~~~~~~~
start:  Thu Sep 24 11:43:33 2026
ntests: 147
default descriptor: ab
default norm: L1
default tolerance: 0.05
default relative error: True
~~~~~~~~~~~~~~~~~~~~~~~~~~~~~~~~~~~~~~~~~

subdirs = ['free', 'optmove', 'tally_computes', 'surf', 'circle', 'adapt', 'bfield', 'flowfile', 'surf_react_heatflux', 'relax_const', 'paraview', 'chem_rates', 'spiky', 'fft', 'regions', 'python', 'shock_tube', 'qk', 'collide', 'adjust_temp', 'step', 'vibrate', 'surf_react_adsorb', 'surf_collide', 'vtk', 'jagged', 'ambi', 'chem', 'torque', 'variable_timestep', 'implicit', 'ambi_3body', 'custom', 'ablation', 'relax_variable', 'axi', 'cylinder', 'explicit2implicit', 'emit', 'mfp_mct', 'thermostat', 'sphere']

~~~~~~~~~~~~~~~~~~~~~~~~~~~~~~~~~~~~~~~~~
dir = /hpc/data/cfd-students/nnoventa/regression_runs/cpu_pr623_1217021/examples/free
test = free.restart
20 40 
read 5 log entries
20 40 
read 5 log entries
==== generating gold standard for test free.restart ====
==== comparing log.ab.free.restart with log.archive.24Sep26.ab.free.restart ====
Step     error  0.0 wrt norm     1.0
Np       error  0.0 wrt norm     1.0
c_temp   error  0.0 wrt norm     1.0

All rows are identical
*** test free.restart passed
elapsed time = 1.1240484714508057 s for test free.restart
~~~~~~~~~~~~~~~~~~~~~~~~~~~~~~~~~~~~~~~~~

~~~~~~~~~~~~~~~~~~~~~~~~~~~~~~~~~~~~~~~~~
dir = /hpc/data/cfd-students/nnoventa/regression_runs/cpu_pr623_1217021/examples/free
test = free
1000 
read 11 log entries
1000 
read 11 log entries
==== generating gold standard for test free ====
==== comparing log.ab.free with log.archive.24Sep26.ab.free ====
Step     error  0.0 wrt norm     1.0
Np       error  0.0 wrt norm     1.0
Natt              error  0.0
Ncoll             error  0.0
c_temp   error  0.0 wrt norm     1.0
c_bound[1][1]  error  0.0 wrt norm     1.0
c_bound[1][3]  error  0.0 wrt norm     1.0
c_bound[4][3]  error  0.0 wrt norm     1.0
c_bound[6][3]  error  0.0 wrt norm     1.0

All rows are identical
*** test free passed
elapsed time = 1.0225327014923096 s for test free
~~~~~~~~~~~~~~~~~~~~~~~~~~~~~~~~~~~~~~~~~

~~~~~~~~~~~~~~~~~~~~~~~~~~~~~~~~~~~~~~~~~
dir = /hpc/data/cfd-students/nnoventa/regression_runs/cpu_pr623_1217021/examples/optmove
test = optmove.axi
500 
read 6 log entries
500 
read 6 log entries
==== generating gold standard for test optmove.axi ====
==== comparing log.ab.optmove.axi with log.archive.24Sep26.ab.optmove.axi ====
Step     error  0.0 wrt norm     1.0
Np       error  0.0 wrt norm     1.0
Natt     error  0.0 wrt norm     1.0
Ncoll    error  0.0 wrt norm     1.0
Nbound            error  0.0
Nexit    error  0.0 wrt norm     1.0

All rows are identical
*** test optmove.axi passed
elapsed time = 1.4010310173034668 s for test optmove.axi
~~~~~~~~~~~~~~~~~~~~~~~~~~~~~~~~~~~~~~~~~

~~~~~~~~~~~~~~~~~~~~~~~~~~~~~~~~~~~~~~~~~
dir = /hpc/data/cfd-students/nnoventa/regression_runs/cpu_pr623_1217021/examples/optmove
test = optmove
500 
read 6 log entries
500 
read 6 log entries
==== generating gold standard for test optmove ====
==== comparing log.ab.optmove with log.archive.24Sep26.ab.optmove ====
Step     error  0.0 wrt norm     1.0
Np       error  0.0 wrt norm     1.0
Natt     error  0.0 wrt norm     1.0
Ncoll    error  0.0 wrt norm     1.0
Nbound   error  0.0 wrt norm     1.0

All rows are identical
*** test optmove passed
elapsed time = 1.2789957523345947 s for test optmove
~~~~~~~~~~~~~~~~~~~~~~~~~~~~~~~~~~~~~~~~~

~~~~~~~~~~~~~~~~~~~~~~~~~~~~~~~~~~~~~~~~~
dir = /hpc/data/cfd-students/nnoventa/regression_runs/cpu_pr623_1217021/examples/optmove
test = optmove.surf
500 
read 6 log entries
500 
read 6 log entries
==== generating gold standard for test optmove.surf ====
==== comparing log.ab.optmove.surf with log.archive.24Sep26.ab.optmove.surf ====
Step     error  0.0 wrt norm     1.0
Np       error  0.0 wrt norm     1.0
Nbound   error  0.0 wrt norm     1.0
v_nsingle  error  0.0 wrt norm     1.0
v_ntotal  error  0.0 wrt norm     1.0

All rows are identical
*** test optmove.surf passed
elapsed time = 1.3459069728851318 s for test optmove.surf
~~~~~~~~~~~~~~~~~~~~~~~~~~~~~~~~~~~~~~~~~

~~~~~~~~~~~~~~~~~~~~~~~~~~~~~~~~~~~~~~~~~
dir = /hpc/data/cfd-students/nnoventa/regression_runs/cpu_pr623_1217021/examples/optmove
test = optmove.flow
500 
read 6 log entries
500 
read 6 log entries
==== generating gold standard for test optmove.flow ====
==== comparing log.ab.optmove.flow with log.archive.24Sep26.ab.optmove.flow ====
Step     error  0.0 wrt norm     1.0
Np       error  0.0 wrt norm     1.0
Nbound            error  0.0
Nexit    error  0.0 wrt norm     1.0

All rows are identical
*** test optmove.flow passed
elapsed time = 1.1307039260864258 s for test optmove.flow
~~~~~~~~~~~~~~~~~~~~~~~~~~~~~~~~~~~~~~~~~

~~~~~~~~~~~~~~~~~~~~~~~~~~~~~~~~~~~~~~~~~
dir = /hpc/data/cfd-students/nnoventa/regression_runs/cpu_pr623_1217021/examples/tally_computes
test = gas.reaction.tally
1000 
read 11 log entries
1000 
read 11 log entries
==== generating gold standard for test gas.reaction.tally ====
==== comparing log.ab.gas.reaction.tally with log.archive.24Sep26.ab.gas.reaction.tally ====
Step     error  0.0 wrt norm     1.0
Np       error  0.0 wrt norm     1.0
Natt     error  0.0 wrt norm     1.0
Ncoll    error  0.0 wrt norm     1.0
Nreact   error  0.0 wrt norm     1.0
c_temp   error  0.0 wrt norm     1.0

All rows are identical
*** test gas.reaction.tally passed
elapsed time = 1.8487823009490967 s for test gas.reaction.tally
~~~~~~~~~~~~~~~~~~~~~~~~~~~~~~~~~~~~~~~~~

~~~~~~~~~~~~~~~~~~~~~~~~~~~~~~~~~~~~~~~~~
dir = /hpc/data/cfd-students/nnoventa/regression_runs/cpu_pr623_1217021/examples/tally_computes
test = gas.collision.tally
1000 
read 11 log entries
1000 
read 11 log entries
==== generating gold standard for test gas.collision.tally ====
==== comparing log.ab.gas.collision.tally with log.archive.24Sep26.ab.gas.collision.tally ====
Step     error  0.0 wrt norm     1.0
Np       error  0.0 wrt norm     1.0
Natt     error  0.0 wrt norm     1.0
Ncoll    error  0.0 wrt norm     1.0
c_temp   error  0.0 wrt norm     1.0

All rows are identical
*** test gas.collision.tally passed
elapsed time = 1.334937334060669 s for test gas.collision.tally
~~~~~~~~~~~~~~~~~~~~~~~~~~~~~~~~~~~~~~~~~

~~~~~~~~~~~~~~~~~~~~~~~~~~~~~~~~~~~~~~~~~
dir = /hpc/data/cfd-students/nnoventa/regression_runs/cpu_pr623_1217021/examples/tally_computes
test = surf.collision.tally
1000 
read 11 log entries
1000 
read 11 log entries
==== generating gold standard for test surf.collision.tally ====
==== comparing log.ab.surf.collision.tally with log.archive.24Sep26.ab.surf.collision.tally ====
Step     error  0.0 wrt norm     1.0
Np       error  0.0 wrt norm     1.0
Natt              error  0.0
Ncoll             error  0.0
Nscoll   error  0.0 wrt norm     1.0
Nscheck  error  0.0 wrt norm     1.0

All rows are identical
*** test surf.collision.tally passed
elapsed time = 1.5048375129699707 s for test surf.collision.tally
~~~~~~~~~~~~~~~~~~~~~~~~~~~~~~~~~~~~~~~~~

~~~~~~~~~~~~~~~~~~~~~~~~~~~~~~~~~~~~~~~~~
dir = /hpc/data/cfd-students/nnoventa/regression_runs/cpu_pr623_1217021/examples/tally_computes
test = surf.reaction.tally
500 
read 51 log entries
500 
read 51 log entries
==== generating gold standard for test surf.reaction.tally ====
==== comparing log.ab.surf.reaction.tally with log.archive.24Sep26.ab.surf.reaction.tally ====
Step     error  0.0 wrt norm     1.0
Np       error  0.0 wrt norm     1.0
Natt              error  0.0
Ncoll             error  0.0
Nscoll   error  0.0 wrt norm     1.0
Nscheck  error  0.0 wrt norm     1.0

All rows are identical
*** test surf.reaction.tally passed
elapsed time = 0.9956259727478027 s for test surf.reaction.tally
~~~~~~~~~~~~~~~~~~~~~~~~~~~~~~~~~~~~~~~~~

~~~~~~~~~~~~~~~~~~~~~~~~~~~~~~~~~~~~~~~~~
dir = /hpc/data/cfd-students/nnoventa/regression_runs/cpu_pr623_1217021/examples/surf
test = surf.slide
500 2500 3500 
read 36 log entries
500 2500 3500 
read 36 log entries
==== generating gold standard for test surf.slide ====
==== comparing log.ab.surf.slide with log.archive.24Sep26.ab.surf.slide ====
Step     error  0.0 wrt norm     1.0
Np       error  0.0 wrt norm     1.0
Natt              error  0.0
Ncoll             error  0.0
Nscoll   error  0.0 wrt norm     1.0
Nscheck  error  0.0 wrt norm     1.0

All rows are identical
*** test surf.slide passed
elapsed time = 3.680999279022217 s for test surf.slide
~~~~~~~~~~~~~~~~~~~~~~~~~~~~~~~~~~~~~~~~~

~~~~~~~~~~~~~~~~~~~~~~~~~~~~~~~~~~~~~~~~~
dir = /hpc/data/cfd-students/nnoventa/regression_runs/cpu_pr623_1217021/examples/surf
test = surf.move
500 1000 1500 2000 2500 
read 26 log entries
500 1000 1500 2000 2500 
read 26 log entries
==== generating gold standard for test surf.move ====
==== comparing log.ab.surf.move with log.archive.24Sep26.ab.surf.move ====
Step     error  0.0 wrt norm     1.0
Np       error  0.0 wrt norm     1.0
Natt              error  0.0
Ncoll             error  0.0
Nscoll   error  0.0 wrt norm     1.0
Nscheck  error  0.0 wrt norm     1.0

All rows are identical
*** test surf.move passed
elapsed time = 2.487778902053833 s for test surf.move
~~~~~~~~~~~~~~~~~~~~~~~~~~~~~~~~~~~~~~~~~

~~~~~~~~~~~~~~~~~~~~~~~~~~~~~~~~~~~~~~~~~
dir = /hpc/data/cfd-students/nnoventa/regression_runs/cpu_pr623_1217021/examples/surf
test = surf.remove
1000 2000 
read 21 log entries
1000 2000 
read 21 log entries
==== generating gold standard for test surf.remove ====
==== comparing log.ab.surf.remove with log.archive.24Sep26.ab.surf.remove ====
Step     error  0.0 wrt norm     1.0
Np       error  0.0 wrt norm     1.0
Natt              error  0.0
Ncoll             error  0.0
Nscoll   error  0.0 wrt norm     1.0
Nscheck  error  0.0 wrt norm     1.0

All rows are identical
*** test surf.remove passed
elapsed time = 2.1977455615997314 s for test surf.remove
~~~~~~~~~~~~~~~~~~~~~~~~~~~~~~~~~~~~~~~~~

~~~~~~~~~~~~~~~~~~~~~~~~~~~~~~~~~~~~~~~~~
dir = /hpc/data/cfd-students/nnoventa/regression_runs/cpu_pr623_1217021/examples/surf
test = surf.add
1000 2000 
read 21 log entries
1000 2000 
read 21 log entries
==== generating gold standard for test surf.add ====
==== comparing log.ab.surf.add with log.archive.24Sep26.ab.surf.add ====
Step     error  0.0 wrt norm     1.0
Np       error  0.0 wrt norm     1.0
Natt              error  0.0
Ncoll             error  0.0
Nscoll   error  0.0 wrt norm     1.0
Nscheck  error  0.0 wrt norm     1.0

All rows are identical
*** test surf.add passed
elapsed time = 2.187105894088745 s for test surf.add
~~~~~~~~~~~~~~~~~~~~~~~~~~~~~~~~~~~~~~~~~

~~~~~~~~~~~~~~~~~~~~~~~~~~~~~~~~~~~~~~~~~
dir = /hpc/data/cfd-students/nnoventa/regression_runs/cpu_pr623_1217021/examples/surf
test = surf.rotate
500 2500 3000 
read 31 log entries
500 2500 3000 
read 31 log entries
==== generating gold standard for test surf.rotate ====
==== comparing log.ab.surf.rotate with log.archive.24Sep26.ab.surf.rotate ====
Step     error  0.0 wrt norm     1.0
Np       error  0.0 wrt norm     1.0
Natt              error  0.0
Ncoll             error  0.0
Nscoll   error  0.0 wrt norm     1.0
Nscheck  error  0.0 wrt norm     1.0

All rows are identical
*** test surf.rotate passed
elapsed time = 3.1693620681762695 s for test surf.rotate
~~~~~~~~~~~~~~~~~~~~~~~~~~~~~~~~~~~~~~~~~

~~~~~~~~~~~~~~~~~~~~~~~~~~~~~~~~~~~~~~~~~
dir = /hpc/data/cfd-students/nnoventa/regression_runs/cpu_pr623_1217021/examples/circle
test = circle.distributed
1000 
read 11 log entries
1000 
read 11 log entries
==== generating gold standard for test circle.distributed ====
==== comparing log.ab.circle.distributed with log.archive.24Sep26.ab.circle.distributed ====
Step     error  0.0 wrt norm     1.0
Np       error  0.0 wrt norm     1.0
Natt              error  0.0
Ncoll             error  0.0
Nscoll   error  0.0 wrt norm     1.0
Nscheck  error  0.0 wrt norm     1.0

All rows are identical
*** test circle.distributed passed
elapsed time = 1.4902164936065674 s for test circle.distributed
~~~~~~~~~~~~~~~~~~~~~~~~~~~~~~~~~~~~~~~~~

~~~~~~~~~~~~~~~~~~~~~~~~~~~~~~~~~~~~~~~~~
dir = /hpc/data/cfd-students/nnoventa/regression_runs/cpu_pr623_1217021/examples/circle
test = circle
1000 
read 11 log entries
1000 
read 11 log entries
==== generating gold standard for test circle ====
==== comparing log.ab.circle with log.archive.24Sep26.ab.circle ====
Step     error  0.0 wrt norm     1.0
Np       error  0.0 wrt norm     1.0
Natt              error  0.0
Ncoll             error  0.0
Nscoll   error  0.0 wrt norm     1.0
Nscheck  error  0.0 wrt norm     1.0

All rows are identical
*** test circle passed
elapsed time = 1.5366826057434082 s for test circle
~~~~~~~~~~~~~~~~~~~~~~~~~~~~~~~~~~~~~~~~~

~~~~~~~~~~~~~~~~~~~~~~~~~~~~~~~~~~~~~~~~~
dir = /hpc/data/cfd-students/nnoventa/regression_runs/cpu_pr623_1217021/examples/circle
test = circle.transparent
1000 
read 11 log entries
1000 
read 11 log entries
==== generating gold standard for test circle.transparent ====
==== comparing log.ab.circle.transparent with log.archive.24Sep26.ab.circle.transparent ====
Step     error  0.0 wrt norm     1.0
Np       error  0.0 wrt norm     1.0
Natt              error  0.0
Ncoll             error  0.0
Nscoll   error  0.0 wrt norm     1.0
Nscheck  error  0.0 wrt norm     1.0
c_reduce[1]  error  0.0 wrt norm     1.0
c_reduce[2]           error  0.0
c_reduce[3]  error  0.0 wrt norm     1.0
c_reduce[4]           error  0.0

All rows are identical
*** test circle.transparent passed
elapsed time = 1.9375579357147217 s for test circle.transparent
~~~~~~~~~~~~~~~~~~~~~~~~~~~~~~~~~~~~~~~~~

~~~~~~~~~~~~~~~~~~~~~~~~~~~~~~~~~~~~~~~~~
dir = /hpc/data/cfd-students/nnoventa/regression_runs/cpu_pr623_1217021/examples/adapt
test = adapt.rotate
400 10400 
read 105 log entries
400 10400 
read 105 log entries
==== generating gold standard for test adapt.rotate ====
==== comparing log.ab.adapt.rotate with log.archive.24Sep26.ab.adapt.rotate ====
Step     error  0.0 wrt norm     1.0
Np       error  0.0 wrt norm     1.0
Natt              error  0.0
Ncoll             error  0.0
Nscoll   error  0.0 wrt norm     1.0
Nscheck  error  0.0 wrt norm     1.0

All rows are identical
*** test adapt.rotate passed
elapsed time = 9.00190258026123 s for test adapt.rotate
~~~~~~~~~~~~~~~~~~~~~~~~~~~~~~~~~~~~~~~~~

~~~~~~~~~~~~~~~~~~~~~~~~~~~~~~~~~~~~~~~~~
dir = /hpc/data/cfd-students/nnoventa/regression_runs/cpu_pr623_1217021/examples/adapt
test = adapt.slide
400 10400 12400 
read 125 log entries
400 10400 12400 
read 125 log entries
==== generating gold standard for test adapt.slide ====
==== comparing log.ab.adapt.slide with log.archive.24Sep26.ab.adapt.slide ====
Step     error  0.0 wrt norm     1.0
Np       error  0.0 wrt norm     1.0
Natt              error  0.0
Ncoll             error  0.0
Nscoll   error  0.0 wrt norm     1.0
Nscheck  error  0.0 wrt norm     1.0

All rows are identical
*** test adapt.slide passed
elapsed time = 9.742389917373657 s for test adapt.slide
~~~~~~~~~~~~~~~~~~~~~~~~~~~~~~~~~~~~~~~~~

~~~~~~~~~~~~~~~~~~~~~~~~~~~~~~~~~~~~~~~~~
dir = /hpc/data/cfd-students/nnoventa/regression_runs/cpu_pr623_1217021/examples/adapt
test = adapt.static
500 2500 5500 
read 56 log entries
500 2500 5500 
read 56 log entries
==== generating gold standard for test adapt.static ====
==== comparing log.ab.adapt.static with log.archive.24Sep26.ab.adapt.static ====
Step     error  0.0 wrt norm     1.0
Np       error  0.0 wrt norm     1.0
Natt              error  0.0
Ncoll             error  0.0
Nscoll   error  0.0 wrt norm     1.0
Nscheck  error  0.0 wrt norm     1.0

All rows are identical
*** test adapt.static passed
elapsed time = 4.863961935043335 s for test adapt.static
~~~~~~~~~~~~~~~~~~~~~~~~~~~~~~~~~~~~~~~~~

~~~~~~~~~~~~~~~~~~~~~~~~~~~~~~~~~~~~~~~~~
dir = /hpc/data/cfd-students/nnoventa/regression_runs/cpu_pr623_1217021/examples/bfield
test = bfield.grid
1000 
read 11 log entries
1000 
read 11 log entries
==== generating gold standard for test bfield.grid ====
==== comparing log.ab.bfield.grid with log.archive.24Sep26.ab.bfield.grid ====
Step     error  0.0 wrt norm     1.0
Np       error  0.0 wrt norm     1.0
Natt     error  0.0 wrt norm     1.0
Ncoll    error  0.0 wrt norm     1.0
c_temp   error  0.0 wrt norm     1.0

All rows are identical
*** test bfield.grid passed
elapsed time = 1.1644384860992432 s for test bfield.grid
~~~~~~~~~~~~~~~~~~~~~~~~~~~~~~~~~~~~~~~~~

~~~~~~~~~~~~~~~~~~~~~~~~~~~~~~~~~~~~~~~~~
dir = /hpc/data/cfd-students/nnoventa/regression_runs/cpu_pr623_1217021/examples/bfield
test = bfield
1000 
read 11 log entries
1000 
read 11 log entries
==== generating gold standard for test bfield ====
==== comparing log.ab.bfield with log.archive.24Sep26.ab.bfield ====
Step     error  0.0 wrt norm     1.0
Np       error  0.0 wrt norm     1.0
Natt     error  0.0 wrt norm     1.0
Ncoll    error  0.0 wrt norm     1.0
c_temp   error  0.0 wrt norm     1.0

All rows are identical
*** test bfield passed
elapsed time = 2.845186948776245 s for test bfield
~~~~~~~~~~~~~~~~~~~~~~~~~~~~~~~~~~~~~~~~~

~~~~~~~~~~~~~~~~~~~~~~~~~~~~~~~~~~~~~~~~~
dir = /hpc/data/cfd-students/nnoventa/regression_runs/cpu_pr623_1217021/examples/flowfile
test = flowfile
1000 
read 11 log entries
1000 
read 11 log entries
==== generating gold standard for test flowfile ====
==== comparing log.ab.flowfile with log.archive.24Sep26.ab.flowfile ====
Step     error  0.0 wrt norm     1.0
Np       error  0.0 wrt norm     1.0
Natt              error  0.0
Ncoll             error  0.0
Nscoll            error  0.0
Nscheck           error  0.0
f_1      error  0.0 wrt norm     1.0
f_1[1]   error  0.0 wrt norm     1.0
f_1[2]   error  0.0 wrt norm     1.0

All rows are identical
*** test flowfile passed
elapsed time = 1.0694348812103271 s for test flowfile
~~~~~~~~~~~~~~~~~~~~~~~~~~~~~~~~~~~~~~~~~

~~~~~~~~~~~~~~~~~~~~~~~~~~~~~~~~~~~~~~~~~
dir = /hpc/data/cfd-students/nnoventa/regression_runs/cpu_pr623_1217021/examples/surf_react_heatflux
test = surf_react_heatflux
3000 
read 4 log entries
3000 
read 4 log entries
==== generating gold standard for test surf_react_heatflux ====
==== comparing log.ab.surf_react_heatflux with log.archive.24Sep26.ab.surf_react_heatflux ====
Step     error  0.0 wrt norm     1.0
Np       error  0.0 wrt norm     1.0
Ncoll    error  0.0 wrt norm     1.0
Nreact            error  0.0
Nscoll   error  0.0 wrt norm     1.0
Nsreact           error  0.0
Ngrid    error  0.0 wrt norm     1.0
c_echem  error  0.0 wrt norm     1.0
Maxlevel  error  0.0 wrt norm     1.0

All rows are identical
*** test surf_react_heatflux passed
elapsed time = 4.492863416671753 s for test surf_react_heatflux
~~~~~~~~~~~~~~~~~~~~~~~~~~~~~~~~~~~~~~~~~

~~~~~~~~~~~~~~~~~~~~~~~~~~~~~~~~~~~~~~~~~
dir = /hpc/data/cfd-students/nnoventa/regression_runs/cpu_pr623_1217021/examples/relax_const
test = relax_const
200 
read 201 log entries
200 
read 201 log entries
==== generating gold standard for test relax_const ====
==== comparing log.ab.relax_const with log.archive.24Sep26.ab.relax_const ====
Step     error  0.0 wrt norm     1.0
Np       error  0.0 wrt norm     1.0
Natt     error  0.0 wrt norm     1.0
Ncoll    error  0.0 wrt norm     1.0
c_Ttrans  error  0.0 wrt norm     1.0
c_Trot   error  0.0 wrt norm     1.0
c_EF[1]  error  0.0 wrt norm     1.0
c_EF[2]  error  0.0 wrt norm     1.0
c_PF[1]  error  0.0 wrt norm     1.0
c_PF[2]  error  0.0 wrt norm     1.0
c_SN[1]  error  0.0 wrt norm     1.0
c_SN[2]  error  0.0 wrt norm     1.0
c_KE              error  0.0

All rows are identical
*** test relax_const passed
elapsed time = 23.72134017944336 s for test relax_const
~~~~~~~~~~~~~~~~~~~~~~~~~~~~~~~~~~~~~~~~~

~~~~~~~~~~~~~~~~~~~~~~~~~~~~~~~~~~~~~~~~~
dir = /hpc/data/cfd-students/nnoventa/regression_runs/cpu_pr623_1217021/examples/paraview
test = sphere.paraview
1000 
read 11 log entries
1000 
read 11 log entries
==== generating gold standard for test sphere.paraview ====
==== comparing log.ab.sphere.paraview with log.archive.24Sep26.ab.sphere.paraview ====
Step     error  0.0 wrt norm     1.0
Np       error  0.0 wrt norm     1.0
Natt              error  0.0
Ncoll             error  0.0
Nscoll   error  0.0 wrt norm     1.0
Nscheck  error  0.0 wrt norm     1.0

All rows are identical
*** test sphere.paraview passed
elapsed time = 3.37630033493042 s for test sphere.paraview
~~~~~~~~~~~~~~~~~~~~~~~~~~~~~~~~~~~~~~~~~

~~~~~~~~~~~~~~~~~~~~~~~~~~~~~~~~~~~~~~~~~
dir = /hpc/data/cfd-students/nnoventa/regression_runs/cpu_pr623_1217021/examples/paraview
test = circle.paraview
1000 
read 11 log entries
1000 
read 11 log entries
==== generating gold standard for test circle.paraview ====
==== comparing log.ab.circle.paraview with log.archive.24Sep26.ab.circle.paraview ====
Step     error  0.0 wrt norm     1.0
Np       error  0.0 wrt norm     1.0
Natt              error  0.0
Ncoll             error  0.0
Nscoll   error  0.0 wrt norm     1.0
Nscheck  error  0.0 wrt norm     1.0

All rows are identical
*** test circle.paraview passed
elapsed time = 1.8623788356781006 s for test circle.paraview
~~~~~~~~~~~~~~~~~~~~~~~~~~~~~~~~~~~~~~~~~

~~~~~~~~~~~~~~~~~~~~~~~~~~~~~~~~~~~~~~~~~
dir = /hpc/data/cfd-students/nnoventa/regression_runs/cpu_pr623_1217021/examples/paraview
test = adapt.static.paraview
500 2500 5500 
read 56 log entries
500 2500 5500 
read 56 log entries
==== generating gold standard for test adapt.static.paraview ====
==== comparing log.ab.adapt.static.paraview with log.archive.24Sep26.ab.adapt.static.paraview ====
Step     error  0.0 wrt norm     1.0
Np       error  0.0 wrt norm     1.0
Natt              error  0.0
Ncoll             error  0.0
Nscoll   error  0.0 wrt norm     1.0
Nscheck  error  0.0 wrt norm     1.0

All rows are identical
*** test adapt.static.paraview passed
elapsed time = 6.8336181640625 s for test adapt.static.paraview
~~~~~~~~~~~~~~~~~~~~~~~~~~~~~~~~~~~~~~~~~

~~~~~~~~~~~~~~~~~~~~~~~~~~~~~~~~~~~~~~~~~
dir = /hpc/data/cfd-students/nnoventa/regression_runs/cpu_pr623_1217021/examples/chem_rates
test = chem_rates
1000 
read 11 log entries
1000 
read 11 log entries
==== generating gold standard for test chem_rates ====
==== comparing log.ab.chem_rates with log.archive.24Sep26.ab.chem_rates ====
Step     error  0.0 wrt norm     1.0
Np       error  0.0 wrt norm     1.0
Natt     error  0.0 wrt norm     1.0
Ncoll    error  0.0 wrt norm     1.0
Nreact            error  0.0
c_temp   error  0.0 wrt norm     1.0

All rows are identical
*** test chem_rates passed
elapsed time = 1.7653872966766357 s for test chem_rates
~~~~~~~~~~~~~~~~~~~~~~~~~~~~~~~~~~~~~~~~~

~~~~~~~~~~~~~~~~~~~~~~~~~~~~~~~~~~~~~~~~~
dir = /hpc/data/cfd-students/nnoventa/regression_runs/cpu_pr623_1217021/examples/spiky
test = spiky
1000 
read 11 log entries
1000 
read 11 log entries
==== generating gold standard for test spiky ====
==== comparing log.ab.spiky with log.archive.24Sep26.ab.spiky ====
Step     error  0.0 wrt norm     1.0
Np       error  0.0 wrt norm     1.0
Natt              error  0.0
Ncoll             error  0.0
Nscoll   error  0.0 wrt norm     1.0
Nscheck  error  0.0 wrt norm     1.0

All rows are identical
*** test spiky passed
elapsed time = 1.9437243938446045 s for test spiky
~~~~~~~~~~~~~~~~~~~~~~~~~~~~~~~~~~~~~~~~~

~~~~~~~~~~~~~~~~~~~~~~~~~~~~~~~~~~~~~~~~~
dir = /hpc/data/cfd-students/nnoventa/regression_runs/cpu_pr623_1217021/examples/fft
test = fft.3d
==== generating gold standard for test fft.3d ====
==== comparing log.ab.fft.3d with log.archive.24Sep26.ab.fft.3d ====
ERROR: Unrecognized compute style (/hpc/data/cfd-students/nnoventa/sparta/src/modify.cpp:469)
ERROR: Unrecognized compute style (/hpc/data/cfd-students/nnoventa/sparta/src/modify.cpp:469)
!!! test fft.3d FAILED
elapsed time = 0.9634709358215332 s for test fft.3d
~~~~~~~~~~~~~~~~~~~~~~~~~~~~~~~~~~~~~~~~~

~~~~~~~~~~~~~~~~~~~~~~~~~~~~~~~~~~~~~~~~~
dir = /hpc/data/cfd-students/nnoventa/regression_runs/cpu_pr623_1217021/examples/fft
test = fft.2d
==== generating gold standard for test fft.2d ====
==== comparing log.ab.fft.2d with log.archive.24Sep26.ab.fft.2d ====
ERROR: Unrecognized compute style (/hpc/data/cfd-students/nnoventa/sparta/src/modify.cpp:469)
ERROR: Unrecognized compute style (/hpc/data/cfd-students/nnoventa/sparta/src/modify.cpp:469)
!!! test fft.2d FAILED
elapsed time = 0.8993899822235107 s for test fft.2d
~~~~~~~~~~~~~~~~~~~~~~~~~~~~~~~~~~~~~~~~~

~~~~~~~~~~~~~~~~~~~~~~~~~~~~~~~~~~~~~~~~~
dir = /hpc/data/cfd-students/nnoventa/regression_runs/cpu_pr623_1217021/examples/regions
test = regions
200 
read 5 log entries
200 
read 5 log entries
==== generating gold standard for test regions ====
==== comparing log.ab.regions with log.archive.24Sep26.ab.regions ====
Step     error  0.0 wrt norm     1.0
Np       error  0.0 wrt norm     1.0
Natt     error  0.0 wrt norm     1.0
Ncoll    error  0.0 wrt norm     1.0
c_t      error  0.0 wrt norm     1.0
c_n      error  0.0 wrt norm     1.0

All rows are identical
*** test regions passed
elapsed time = 0.9806222915649414 s for test regions
~~~~~~~~~~~~~~~~~~~~~~~~~~~~~~~~~~~~~~~~~

~~~~~~~~~~~~~~~~~~~~~~~~~~~~~~~~~~~~~~~~~
dir = /hpc/data/cfd-students/nnoventa/regression_runs/cpu_pr623_1217021/examples/python
test = circle.pyvar
==== generating gold standard for test circle.pyvar ====
==== comparing log.ab.circle.pyvar with log.archive.24Sep26.ab.circle.pyvar ====
ERROR: SPARTA is not built with Python embedded (/hpc/data/cfd-students/nnoventa/sparta/src/variable.cpp:482)
ERROR: SPARTA is not built with Python embedded (/hpc/data/cfd-students/nnoventa/sparta/src/variable.cpp:482)
!!! test circle.pyvar FAILED
elapsed time = 0.9246258735656738 s for test circle.pyvar
~~~~~~~~~~~~~~~~~~~~~~~~~~~~~~~~~~~~~~~~~

~~~~~~~~~~~~~~~~~~~~~~~~~~~~~~~~~~~~~~~~~
dir = /hpc/data/cfd-students/nnoventa/regression_runs/cpu_pr623_1217021/examples/shock_tube
test = shocktube
10000 
read 101 log entries
10000 
read 101 log entries
==== generating gold standard for test shocktube ====
==== comparing log.ab.shocktube with log.archive.24Sep26.ab.shocktube ====
Step     error  0.0 wrt norm     1.0
Np       error  0.0 wrt norm     1.0
Natt     error  0.0 wrt norm     1.0
Ncoll    error  0.0 wrt norm     1.0
Nscoll            error  0.0
Nscheck           error  0.0

All rows are identical
*** test shocktube passed
elapsed time = 54.25063395500183 s for test shocktube
~~~~~~~~~~~~~~~~~~~~~~~~~~~~~~~~~~~~~~~~~

~~~~~~~~~~~~~~~~~~~~~~~~~~~~~~~~~~~~~~~~~
dir = /hpc/data/cfd-students/nnoventa/regression_runs/cpu_pr623_1217021/examples/qk
test = qk
400 
read 5 log entries
400 
read 5 log entries
==== generating gold standard for test qk ====
==== comparing log.ab.qk with log.archive.24Sep26.ab.qk ====
Step     error  0.0 wrt norm     1.0
Np       error  0.0 wrt norm     1.0
Natt     error  0.0 wrt norm     1.0
Ncoll    error  0.0 wrt norm     1.0
Nreact   error  0.0 wrt norm     1.0
c_temp   error  0.0 wrt norm     1.0

All rows are identical
*** test qk passed
elapsed time = 1.335472583770752 s for test qk
~~~~~~~~~~~~~~~~~~~~~~~~~~~~~~~~~~~~~~~~~

~~~~~~~~~~~~~~~~~~~~~~~~~~~~~~~~~~~~~~~~~
dir = /hpc/data/cfd-students/nnoventa/regression_runs/cpu_pr623_1217021/examples/collide
test = collide_3D
1000 
read 11 log entries
1000 
read 11 log entries
==== generating gold standard for test collide_3D ====
==== comparing log.ab.collide_3D with log.archive.24Sep26.ab.collide_3D ====
Step     error  0.0 wrt norm     1.0
Np       error  0.0 wrt norm     1.0
Natt     error  0.0 wrt norm     1.0
Ncoll    error  0.0 wrt norm     1.0
c_temp   error  0.0 wrt norm     1.0

All rows are identical
*** test collide_3D passed
elapsed time = 2.961089611053467 s for test collide_3D
~~~~~~~~~~~~~~~~~~~~~~~~~~~~~~~~~~~~~~~~~

~~~~~~~~~~~~~~~~~~~~~~~~~~~~~~~~~~~~~~~~~
dir = /hpc/data/cfd-students/nnoventa/regression_runs/cpu_pr623_1217021/examples/collide
test = collide.group
1000 
read 11 log entries
1000 
read 11 log entries
==== generating gold standard for test collide.group ====
==== comparing log.ab.collide.group with log.archive.24Sep26.ab.collide.group ====
Step     error  0.0 wrt norm     1.0
Np       error  0.0 wrt norm     1.0
Natt     error  0.0 wrt norm     1.0
Ncoll    error  0.0 wrt norm     1.0
c_temp   error  0.0 wrt norm     1.0

All rows are identical
*** test collide.group passed
elapsed time = 1.2097675800323486 s for test collide.group
~~~~~~~~~~~~~~~~~~~~~~~~~~~~~~~~~~~~~~~~~

~~~~~~~~~~~~~~~~~~~~~~~~~~~~~~~~~~~~~~~~~
dir = /hpc/data/cfd-students/nnoventa/regression_runs/cpu_pr623_1217021/examples/collide
test = collide_2D_nn
1000 
read 11 log entries
1000 
read 11 log entries
==== generating gold standard for test collide_2D_nn ====
==== comparing log.ab.collide_2D_nn with log.archive.24Sep26.ab.collide_2D_nn ====
Step     error  0.0 wrt norm     1.0
Np       error  0.0 wrt norm     1.0
Natt     error  0.0 wrt norm     1.0
Ncoll    error  0.0 wrt norm     1.0
c_temp   error  0.0 wrt norm     1.0

All rows are identical
*** test collide_2D_nn passed
elapsed time = 1.2318906784057617 s for test collide_2D_nn
~~~~~~~~~~~~~~~~~~~~~~~~~~~~~~~~~~~~~~~~~

~~~~~~~~~~~~~~~~~~~~~~~~~~~~~~~~~~~~~~~~~
dir = /hpc/data/cfd-students/nnoventa/regression_runs/cpu_pr623_1217021/examples/collide
test = collideInterspecies
1000 
read 11 log entries
1000 
read 11 log entries
==== generating gold standard for test collideInterspecies ====
==== comparing log.ab.collideInterspecies with log.archive.24Sep26.ab.collideInterspecies ====
Step     error  0.0 wrt norm     1.0
Np       error  0.0 wrt norm     1.0
Natt     error  0.0 wrt norm     1.0
Ncoll    error  0.0 wrt norm     1.0
c_temp   error  0.0 wrt norm     1.0

All rows are identical
*** test collideInterspecies passed
elapsed time = 1.2346277236938477 s for test collideInterspecies
~~~~~~~~~~~~~~~~~~~~~~~~~~~~~~~~~~~~~~~~~

~~~~~~~~~~~~~~~~~~~~~~~~~~~~~~~~~~~~~~~~~
dir = /hpc/data/cfd-students/nnoventa/regression_runs/cpu_pr623_1217021/examples/collide
test = collide_3D_sub
1000 
read 11 log entries
1000 
read 11 log entries
==== generating gold standard for test collide_3D_sub ====
==== comparing log.ab.collide_3D_sub with log.archive.24Sep26.ab.collide_3D_sub ====
Step     error  0.0 wrt norm     1.0
Np       error  0.0 wrt norm     1.0
Natt     error  0.0 wrt norm     1.0
Ncoll    error  0.0 wrt norm     1.0
c_temp   error  0.0 wrt norm     1.0

All rows are identical
*** test collide_3D_sub passed
elapsed time = 3.7140023708343506 s for test collide_3D_sub
~~~~~~~~~~~~~~~~~~~~~~~~~~~~~~~~~~~~~~~~~

~~~~~~~~~~~~~~~~~~~~~~~~~~~~~~~~~~~~~~~~~
dir = /hpc/data/cfd-students/nnoventa/regression_runs/cpu_pr623_1217021/examples/collide
test = collide
1000 
read 11 log entries
1000 
read 11 log entries
==== generating gold standard for test collide ====
==== comparing log.ab.collide with log.archive.24Sep26.ab.collide ====
Step     error  0.0 wrt norm     1.0
Np       error  0.0 wrt norm     1.0
Natt     error  0.0 wrt norm     1.0
Ncoll    error  0.0 wrt norm     1.0
c_temp   error  0.0 wrt norm     1.0

All rows are identical
*** test collide passed
elapsed time = 1.1429719924926758 s for test collide
~~~~~~~~~~~~~~~~~~~~~~~~~~~~~~~~~~~~~~~~~

~~~~~~~~~~~~~~~~~~~~~~~~~~~~~~~~~~~~~~~~~
dir = /hpc/data/cfd-students/nnoventa/regression_runs/cpu_pr623_1217021/examples/collide
test = collide_2D_sub
1000 
read 11 log entries
1000 
read 11 log entries
==== generating gold standard for test collide_2D_sub ====
==== comparing log.ab.collide_2D_sub with log.archive.24Sep26.ab.collide_2D_sub ====
Step     error  0.0 wrt norm     1.0
Np       error  0.0 wrt norm     1.0
Natt     error  0.0 wrt norm     1.0
Ncoll    error  0.0 wrt norm     1.0
c_temp   error  0.0 wrt norm     1.0

All rows are identical
*** test collide_2D_sub passed
elapsed time = 1.3003509044647217 s for test collide_2D_sub
~~~~~~~~~~~~~~~~~~~~~~~~~~~~~~~~~~~~~~~~~

~~~~~~~~~~~~~~~~~~~~~~~~~~~~~~~~~~~~~~~~~
dir = /hpc/data/cfd-students/nnoventa/regression_runs/cpu_pr623_1217021/examples/collide
test = collide_2D
1000 
read 11 log entries
1000 
read 11 log entries
==== generating gold standard for test collide_2D ====
==== comparing log.ab.collide_2D with log.archive.24Sep26.ab.collide_2D ====
Step     error  0.0 wrt norm     1.0
Np       error  0.0 wrt norm     1.0
Natt     error  0.0 wrt norm     1.0
Ncoll    error  0.0 wrt norm     1.0
c_temp   error  0.0 wrt norm     1.0

All rows are identical
*** test collide_2D passed
elapsed time = 1.1824991703033447 s for test collide_2D
~~~~~~~~~~~~~~~~~~~~~~~~~~~~~~~~~~~~~~~~~

~~~~~~~~~~~~~~~~~~~~~~~~~~~~~~~~~~~~~~~~~
dir = /hpc/data/cfd-students/nnoventa/regression_runs/cpu_pr623_1217021/examples/collide
test = collide_3D_nn
1000 
read 11 log entries
1000 
read 11 log entries
==== generating gold standard for test collide_3D_nn ====
==== comparing log.ab.collide_3D_nn with log.archive.24Sep26.ab.collide_3D_nn ====
Step     error  0.0 wrt norm     1.0
Np       error  0.0 wrt norm     1.0
Natt     error  0.0 wrt norm     1.0
Ncoll    error  0.0 wrt norm     1.0
c_temp   error  0.0 wrt norm     1.0

All rows are identical
*** test collide_3D_nn passed
elapsed time = 3.710620164871216 s for test collide_3D_nn
~~~~~~~~~~~~~~~~~~~~~~~~~~~~~~~~~~~~~~~~~

~~~~~~~~~~~~~~~~~~~~~~~~~~~~~~~~~~~~~~~~~
dir = /hpc/data/cfd-students/nnoventa/regression_runs/cpu_pr623_1217021/examples/adjust_temp
test = circle.adjust
2000 
read 9 log entries
2000 
read 9 log entries
==== generating gold standard for test circle.adjust ====
==== comparing log.ab.circle.adjust with log.archive.24Sep26.ab.circle.adjust ====
Step     error  0.0 wrt norm     1.0
Np       error  0.0 wrt norm     1.0
Natt     error  0.0 wrt norm     1.0
Ncoll    error  0.0 wrt norm     1.0
Nscoll   error  0.0 wrt norm     1.0
Ngrid    error  0.0 wrt norm     1.0
Maxlevel  error  0.0 wrt norm     1.0

All rows are identical
*** test circle.adjust passed
elapsed time = 2.080928087234497 s for test circle.adjust
~~~~~~~~~~~~~~~~~~~~~~~~~~~~~~~~~~~~~~~~~

~~~~~~~~~~~~~~~~~~~~~~~~~~~~~~~~~~~~~~~~~
dir = /hpc/data/cfd-students/nnoventa/regression_runs/cpu_pr623_1217021/examples/adjust_temp
test = sphere.constant
2000 
read 9 log entries
2000 
read 9 log entries
==== generating gold standard for test sphere.constant ====
==== comparing log.ab.sphere.constant with log.archive.24Sep26.ab.sphere.constant ====
Step     error  0.0 wrt norm     1.0
Np       error  0.0 wrt norm     1.0
Natt     error  0.0 wrt norm     1.0
Ncoll    error  0.0 wrt norm     1.0
Nscoll   error  0.0 wrt norm     1.0
Ngrid    error  0.0 wrt norm     1.0
Maxlevel  error  0.0 wrt norm     1.0

All rows are identical
*** test sphere.constant passed
elapsed time = 7.212338924407959 s for test sphere.constant
~~~~~~~~~~~~~~~~~~~~~~~~~~~~~~~~~~~~~~~~~

~~~~~~~~~~~~~~~~~~~~~~~~~~~~~~~~~~~~~~~~~
dir = /hpc/data/cfd-students/nnoventa/regression_runs/cpu_pr623_1217021/examples/adjust_temp
test = circle.constant
2000 
read 9 log entries
2000 
read 9 log entries
==== generating gold standard for test circle.constant ====
==== comparing log.ab.circle.constant with log.archive.24Sep26.ab.circle.constant ====
Step     error  0.0 wrt norm     1.0
Np       error  0.0 wrt norm     1.0
Natt     error  0.0 wrt norm     1.0
Ncoll    error  0.0 wrt norm     1.0
Nscoll   error  0.0 wrt norm     1.0
Ngrid    error  0.0 wrt norm     1.0
Maxlevel  error  0.0 wrt norm     1.0

All rows are identical
*** test circle.constant passed
elapsed time = 2.4733588695526123 s for test circle.constant
~~~~~~~~~~~~~~~~~~~~~~~~~~~~~~~~~~~~~~~~~

~~~~~~~~~~~~~~~~~~~~~~~~~~~~~~~~~~~~~~~~~
dir = /hpc/data/cfd-students/nnoventa/regression_runs/cpu_pr623_1217021/examples/adjust_temp
test = sphere.adjust
2000 
read 9 log entries
2000 
read 9 log entries
==== generating gold standard for test sphere.adjust ====
==== comparing log.ab.sphere.adjust with log.archive.24Sep26.ab.sphere.adjust ====
Step     error  0.0 wrt norm     1.0
Np       error  0.0 wrt norm     1.0
Natt     error  0.0 wrt norm     1.0
Ncoll    error  0.0 wrt norm     1.0
Nscoll   error  0.0 wrt norm     1.0
Ngrid    error  0.0 wrt norm     1.0
Maxlevel  error  0.0 wrt norm     1.0

All rows are identical
*** test sphere.adjust passed
elapsed time = 7.193151473999023 s for test sphere.adjust
~~~~~~~~~~~~~~~~~~~~~~~~~~~~~~~~~~~~~~~~~

~~~~~~~~~~~~~~~~~~~~~~~~~~~~~~~~~~~~~~~~~
dir = /hpc/data/cfd-students/nnoventa/regression_runs/cpu_pr623_1217021/examples/step
test = step
1000 
read 11 log entries
1000 
read 11 log entries
==== generating gold standard for test step ====
==== comparing log.ab.step with log.archive.24Sep26.ab.step ====
Step     error  0.0 wrt norm     1.0
Np       error  0.0 wrt norm     1.0
Natt              error  0.0
Ncoll             error  0.0
Nscoll   error  0.0 wrt norm     1.0
Nscheck  error  0.0 wrt norm     1.0

All rows are identical
*** test step passed
elapsed time = 1.5817821025848389 s for test step
~~~~~~~~~~~~~~~~~~~~~~~~~~~~~~~~~~~~~~~~~

~~~~~~~~~~~~~~~~~~~~~~~~~~~~~~~~~~~~~~~~~
dir = /hpc/data/cfd-students/nnoventa/regression_runs/cpu_pr623_1217021/examples/vibrate
test = vibrate
100 
read 11 log entries
100 
read 11 log entries
==== generating gold standard for test vibrate ====
==== comparing log.ab.vibrate with log.archive.24Sep26.ab.vibrate ====
Step     error  0.0 wrt norm     1.0
Np       error  0.0 wrt norm     1.0
Natt     error  0.0 wrt norm     1.0
Ncoll    error  0.0 wrt norm     1.0
c_St     error  0.0 wrt norm     1.0
c_Sr     error  0.0 wrt norm     1.0
c_Srv    error  0.0 wrt norm     1.0
c_Sv     error  0.0 wrt norm     1.0

All rows are identical
*** test vibrate passed
elapsed time = 0.9504289627075195 s for test vibrate
~~~~~~~~~~~~~~~~~~~~~~~~~~~~~~~~~~~~~~~~~

~~~~~~~~~~~~~~~~~~~~~~~~~~~~~~~~~~~~~~~~~
dir = /hpc/data/cfd-students/nnoventa/regression_runs/cpu_pr623_1217021/examples/surf_react_adsorb
test = beam.face.gs_ps
1000 
read 101 log entries
1000 
read 101 log entries
==== generating gold standard for test beam.face.gs_ps ====
==== comparing log.ab.beam.face.gs_ps with log.archive.24Sep26.ab.beam.face.gs_ps ====
Step     error  0.0 wrt norm     1.0
Np       error  0.0 wrt norm     1.0
Natt              error  0.0
Ncoll             error  0.0
Nscoll            error  0.0
Nscheck           error  0.0

All rows are identical
*** test beam.face.gs_ps passed
elapsed time = 1.0530707836151123 s for test beam.face.gs_ps
~~~~~~~~~~~~~~~~~~~~~~~~~~~~~~~~~~~~~~~~~

~~~~~~~~~~~~~~~~~~~~~~~~~~~~~~~~~~~~~~~~~
dir = /hpc/data/cfd-students/nnoventa/regression_runs/cpu_pr623_1217021/examples/surf_react_adsorb
test = beam.face.gs
1000 
read 101 log entries
1000 
read 101 log entries
==== generating gold standard for test beam.face.gs ====
==== comparing log.ab.beam.face.gs with log.archive.24Sep26.ab.beam.face.gs ====
Step     error  0.0 wrt norm     1.0
Np       error  0.0 wrt norm     1.0
Natt              error  0.0
Ncoll             error  0.0
Nscoll            error  0.0
Nscheck           error  0.0

All rows are identical
*** test beam.face.gs passed
elapsed time = 0.9725019931793213 s for test beam.face.gs
~~~~~~~~~~~~~~~~~~~~~~~~~~~~~~~~~~~~~~~~~

~~~~~~~~~~~~~~~~~~~~~~~~~~~~~~~~~~~~~~~~~
dir = /hpc/data/cfd-students/nnoventa/regression_runs/cpu_pr623_1217021/examples/surf_react_adsorb
test = beam.surf.ps
1000 
read 101 log entries
1000 
read 101 log entries
==== generating gold standard for test beam.surf.ps ====
==== comparing log.ab.beam.surf.ps with log.archive.24Sep26.ab.beam.surf.ps ====
Step     error  0.0 wrt norm     1.0
Np       error  0.0 wrt norm     1.0
Natt              error  0.0
Ncoll             error  0.0
Nscoll   error  0.0 wrt norm     1.0
Nscheck  error  0.0 wrt norm     1.0

All rows are identical
*** test beam.surf.ps passed
elapsed time = 1.15657639503479 s for test beam.surf.ps
~~~~~~~~~~~~~~~~~~~~~~~~~~~~~~~~~~~~~~~~~

~~~~~~~~~~~~~~~~~~~~~~~~~~~~~~~~~~~~~~~~~
dir = /hpc/data/cfd-students/nnoventa/regression_runs/cpu_pr623_1217021/examples/surf_react_adsorb
test = circle.ps
500 
read 51 log entries
500 
read 51 log entries
==== generating gold standard for test circle.ps ====
==== comparing log.ab.circle.ps with log.archive.24Sep26.ab.circle.ps ====
Step     error  0.0 wrt norm     1.0
Np       error  0.0 wrt norm     1.0
Natt              error  0.0
Ncoll             error  0.0
Nscoll   error  0.0 wrt norm     1.0
Nscheck  error  0.0 wrt norm     1.0

All rows are identical
*** test circle.ps passed
elapsed time = 1.0517585277557373 s for test circle.ps
~~~~~~~~~~~~~~~~~~~~~~~~~~~~~~~~~~~~~~~~~

~~~~~~~~~~~~~~~~~~~~~~~~~~~~~~~~~~~~~~~~~
dir = /hpc/data/cfd-students/nnoventa/regression_runs/cpu_pr623_1217021/examples/surf_react_adsorb
test = beam.face.ps
1000 
read 101 log entries
1000 
read 101 log entries
==== generating gold standard for test beam.face.ps ====
==== comparing log.ab.beam.face.ps with log.archive.24Sep26.ab.beam.face.ps ====
Step     error  0.0 wrt norm     1.0
Np       error  0.0 wrt norm     1.0
Natt              error  0.0
Ncoll             error  0.0
Nscoll            error  0.0
Nscheck           error  0.0

All rows are identical
*** test beam.face.ps passed
elapsed time = 0.976325273513794 s for test beam.face.ps
~~~~~~~~~~~~~~~~~~~~~~~~~~~~~~~~~~~~~~~~~

~~~~~~~~~~~~~~~~~~~~~~~~~~~~~~~~~~~~~~~~~
dir = /hpc/data/cfd-students/nnoventa/regression_runs/cpu_pr623_1217021/examples/surf_react_adsorb
test = circle.gs
500 
read 51 log entries
500 
read 51 log entries
==== generating gold standard for test circle.gs ====
==== comparing log.ab.circle.gs with log.archive.24Sep26.ab.circle.gs ====
Step     error  0.0 wrt norm     1.0
Np       error  0.0 wrt norm     1.0
Natt              error  0.0
Ncoll             error  0.0
Nscoll   error  0.0 wrt norm     1.0
Nscheck  error  0.0 wrt norm     1.0

All rows are identical
*** test circle.gs passed
elapsed time = 1.0525400638580322 s for test circle.gs
~~~~~~~~~~~~~~~~~~~~~~~~~~~~~~~~~~~~~~~~~

~~~~~~~~~~~~~~~~~~~~~~~~~~~~~~~~~~~~~~~~~
dir = /hpc/data/cfd-students/nnoventa/regression_runs/cpu_pr623_1217021/examples/surf_react_adsorb
test = beam.surf.gs_ps
1000 
read 101 log entries
1000 
read 101 log entries
==== generating gold standard for test beam.surf.gs_ps ====
==== comparing log.ab.beam.surf.gs_ps with log.archive.24Sep26.ab.beam.surf.gs_ps ====
Step     error  0.0 wrt norm     1.0
Np       error  0.0 wrt norm     1.0
Natt              error  0.0
Ncoll             error  0.0
Nscoll   error  0.0 wrt norm     1.0
Nscheck  error  0.0 wrt norm     1.0

All rows are identical
*** test beam.surf.gs_ps passed
elapsed time = 1.3080613613128662 s for test beam.surf.gs_ps
~~~~~~~~~~~~~~~~~~~~~~~~~~~~~~~~~~~~~~~~~

~~~~~~~~~~~~~~~~~~~~~~~~~~~~~~~~~~~~~~~~~
dir = /hpc/data/cfd-students/nnoventa/regression_runs/cpu_pr623_1217021/examples/surf_react_adsorb
test = beam.surf.gs
1000 
read 101 log entries
1000 
read 101 log entries
==== generating gold standard for test beam.surf.gs ====
==== comparing log.ab.beam.surf.gs with log.archive.24Sep26.ab.beam.surf.gs ====
Step     error  0.0 wrt norm     1.0
Np       error  0.0 wrt norm     1.0
Natt              error  0.0
Ncoll             error  0.0
Nscoll   error  0.0 wrt norm     1.0
Nscheck  error  0.0 wrt norm     1.0

All rows are identical
*** test beam.surf.gs passed
elapsed time = 1.0860471725463867 s for test beam.surf.gs
~~~~~~~~~~~~~~~~~~~~~~~~~~~~~~~~~~~~~~~~~

~~~~~~~~~~~~~~~~~~~~~~~~~~~~~~~~~~~~~~~~~
dir = /hpc/data/cfd-students/nnoventa/regression_runs/cpu_pr623_1217021/examples/surf_react_adsorb
test = circle.gs_ps
500 
read 51 log entries
500 
read 51 log entries
==== generating gold standard for test circle.gs_ps ====
==== comparing log.ab.circle.gs_ps with log.archive.24Sep26.ab.circle.gs_ps ====
Step     error  0.0 wrt norm     1.0
Np       error  0.0 wrt norm     1.0
Natt              error  0.0
Ncoll             error  0.0
Nscoll   error  0.0 wrt norm     1.0
Nscheck  error  0.0 wrt norm     1.0

All rows are identical
*** test circle.gs_ps passed
elapsed time = 1.0831081867218018 s for test circle.gs_ps
~~~~~~~~~~~~~~~~~~~~~~~~~~~~~~~~~~~~~~~~~

~~~~~~~~~~~~~~~~~~~~~~~~~~~~~~~~~~~~~~~~~
dir = /hpc/data/cfd-students/nnoventa/regression_runs/cpu_pr623_1217021/examples/surf_collide
test = circle.diffuse
1000 
read 11 log entries
1000 
read 11 log entries
==== generating gold standard for test circle.diffuse ====
==== comparing log.ab.circle.diffuse with log.archive.24Sep26.ab.circle.diffuse ====
Step     error  0.0 wrt norm     1.0
Np       error  0.0 wrt norm     1.0
Natt              error  0.0
Ncoll             error  0.0
Nscoll   error  0.0 wrt norm     1.0
Nscheck  error  0.0 wrt norm     1.0

All rows are identical
*** test circle.diffuse passed
elapsed time = 1.5548317432403564 s for test circle.diffuse
~~~~~~~~~~~~~~~~~~~~~~~~~~~~~~~~~~~~~~~~~

~~~~~~~~~~~~~~~~~~~~~~~~~~~~~~~~~~~~~~~~~
dir = /hpc/data/cfd-students/nnoventa/regression_runs/cpu_pr623_1217021/examples/surf_collide
test = beam.cll
1000 
read 11 log entries
1000 
read 11 log entries
==== generating gold standard for test beam.cll ====
==== comparing log.ab.beam.cll with log.archive.24Sep26.ab.beam.cll ====
Step     error  0.0 wrt norm     1.0
Np       error  0.0 wrt norm     1.0
Natt              error  0.0
Ncoll             error  0.0
Nscoll            error  0.0
Nscheck           error  0.0

All rows are identical
*** test beam.cll passed
elapsed time = 1.0699717998504639 s for test beam.cll
~~~~~~~~~~~~~~~~~~~~~~~~~~~~~~~~~~~~~~~~~

~~~~~~~~~~~~~~~~~~~~~~~~~~~~~~~~~~~~~~~~~
dir = /hpc/data/cfd-students/nnoventa/regression_runs/cpu_pr623_1217021/examples/surf_collide
test = circle.td
1000 
read 11 log entries
1000 
read 11 log entries
==== generating gold standard for test circle.td ====
==== comparing log.ab.circle.td with log.archive.24Sep26.ab.circle.td ====
Step     error  0.0 wrt norm     1.0
Np       error  0.0 wrt norm     1.0
Natt              error  0.0
Ncoll             error  0.0
Nscoll   error  0.0 wrt norm     1.0
Nscheck  error  0.0 wrt norm     1.0

All rows are identical
*** test circle.td passed
elapsed time = 1.4469845294952393 s for test circle.td
~~~~~~~~~~~~~~~~~~~~~~~~~~~~~~~~~~~~~~~~~

~~~~~~~~~~~~~~~~~~~~~~~~~~~~~~~~~~~~~~~~~
dir = /hpc/data/cfd-students/nnoventa/regression_runs/cpu_pr623_1217021/examples/surf_collide
test = beam.specular
1000 
read 11 log entries
1000 
read 11 log entries
==== generating gold standard for test beam.specular ====
==== comparing log.ab.beam.specular with log.archive.24Sep26.ab.beam.specular ====
Step     error  0.0 wrt norm     1.0
Np       error  0.0 wrt norm     1.0
Natt              error  0.0
Ncoll             error  0.0
Nscoll            error  0.0
Nscheck           error  0.0

All rows are identical
*** test beam.specular passed
elapsed time = 1.0905559062957764 s for test beam.specular
~~~~~~~~~~~~~~~~~~~~~~~~~~~~~~~~~~~~~~~~~

~~~~~~~~~~~~~~~~~~~~~~~~~~~~~~~~~~~~~~~~~
dir = /hpc/data/cfd-students/nnoventa/regression_runs/cpu_pr623_1217021/examples/surf_collide
test = circle.cll
1000 
read 11 log entries
1000 
read 11 log entries
==== generating gold standard for test circle.cll ====
==== comparing log.ab.circle.cll with log.archive.24Sep26.ab.circle.cll ====
Step     error  0.0 wrt norm     1.0
Np       error  0.0 wrt norm     1.0
Natt              error  0.0
Ncoll             error  0.0
Nscoll   error  0.0 wrt norm     1.0
Nscheck  error  0.0 wrt norm     1.0

All rows are identical
*** test circle.cll passed
elapsed time = 1.5187742710113525 s for test circle.cll
~~~~~~~~~~~~~~~~~~~~~~~~~~~~~~~~~~~~~~~~~

~~~~~~~~~~~~~~~~~~~~~~~~~~~~~~~~~~~~~~~~~
dir = /hpc/data/cfd-students/nnoventa/regression_runs/cpu_pr623_1217021/examples/surf_collide
test = beam.impulsive
1000 
read 11 log entries
1000 
read 11 log entries
==== generating gold standard for test beam.impulsive ====
==== comparing log.ab.beam.impulsive with log.archive.24Sep26.ab.beam.impulsive ====
Step     error  0.0 wrt norm     1.0
Np       error  0.0 wrt norm     1.0
Natt              error  0.0
Ncoll             error  0.0
Nscoll            error  0.0
Nscheck           error  0.0

All rows are identical
*** test beam.impulsive passed
elapsed time = 1.113252878189087 s for test beam.impulsive
~~~~~~~~~~~~~~~~~~~~~~~~~~~~~~~~~~~~~~~~~

~~~~~~~~~~~~~~~~~~~~~~~~~~~~~~~~~~~~~~~~~
dir = /hpc/data/cfd-students/nnoventa/regression_runs/cpu_pr623_1217021/examples/surf_collide
test = beam.td
1000 
read 11 log entries
1000 
read 11 log entries
==== generating gold standard for test beam.td ====
==== comparing log.ab.beam.td with log.archive.24Sep26.ab.beam.td ====
Step     error  0.0 wrt norm     1.0
Np       error  0.0 wrt norm     1.0
Natt              error  0.0
Ncoll             error  0.0
Nscoll            error  0.0
Nscheck           error  0.0

All rows are identical
*** test beam.td passed
elapsed time = 1.0171282291412354 s for test beam.td
~~~~~~~~~~~~~~~~~~~~~~~~~~~~~~~~~~~~~~~~~

~~~~~~~~~~~~~~~~~~~~~~~~~~~~~~~~~~~~~~~~~
dir = /hpc/data/cfd-students/nnoventa/regression_runs/cpu_pr623_1217021/examples/surf_collide
test = beam.diffuse
1000 
read 11 log entries
1000 
read 11 log entries
==== generating gold standard for test beam.diffuse ====
==== comparing log.ab.beam.diffuse with log.archive.24Sep26.ab.beam.diffuse ====
Step     error  0.0 wrt norm     1.0
Np       error  0.0 wrt norm     1.0
Natt              error  0.0
Ncoll             error  0.0
Nscoll            error  0.0
Nscheck           error  0.0

All rows are identical
*** test beam.diffuse passed
elapsed time = 1.0299162864685059 s for test beam.diffuse
~~~~~~~~~~~~~~~~~~~~~~~~~~~~~~~~~~~~~~~~~

~~~~~~~~~~~~~~~~~~~~~~~~~~~~~~~~~~~~~~~~~
dir = /hpc/data/cfd-students/nnoventa/regression_runs/cpu_pr623_1217021/examples/surf_collide
test = beam.adiabatic
1000 
read 11 log entries
1000 
read 11 log entries
==== generating gold standard for test beam.adiabatic ====
==== comparing log.ab.beam.adiabatic with log.archive.24Sep26.ab.beam.adiabatic ====
Step     error  0.0 wrt norm     1.0
Np       error  0.0 wrt norm     1.0
Natt              error  0.0
Ncoll             error  0.0
Nscoll            error  0.0
Nscheck           error  0.0

All rows are identical
*** test beam.adiabatic passed
elapsed time = 1.1119434833526611 s for test beam.adiabatic
~~~~~~~~~~~~~~~~~~~~~~~~~~~~~~~~~~~~~~~~~

~~~~~~~~~~~~~~~~~~~~~~~~~~~~~~~~~~~~~~~~~
dir = /hpc/data/cfd-students/nnoventa/regression_runs/cpu_pr623_1217021/examples/surf_collide
test = circle.impulsive
1000 
read 11 log entries
1000 
read 11 log entries
==== generating gold standard for test circle.impulsive ====
==== comparing log.ab.circle.impulsive with log.archive.24Sep26.ab.circle.impulsive ====
Step     error  0.0 wrt norm     1.0
Np       error  0.0 wrt norm     1.0
Natt              error  0.0
Ncoll             error  0.0
Nscoll   error  0.0 wrt norm     1.0
Nscheck  error  0.0 wrt norm     1.0

All rows are identical
*** test circle.impulsive passed
elapsed time = 1.867805004119873 s for test circle.impulsive
~~~~~~~~~~~~~~~~~~~~~~~~~~~~~~~~~~~~~~~~~

~~~~~~~~~~~~~~~~~~~~~~~~~~~~~~~~~~~~~~~~~
dir = /hpc/data/cfd-students/nnoventa/regression_runs/cpu_pr623_1217021/examples/surf_collide
test = piston
300 
read 7 log entries
300 
read 7 log entries
==== generating gold standard for test piston ====
==== comparing log.ab.piston with log.archive.24Sep26.ab.piston ====
Step     error  0.0 wrt norm     1.0
Np       error  0.0 wrt norm     1.0
Natt     error  0.0 wrt norm     1.0
Ncoll    error  0.0 wrt norm     1.0
c_t      error  0.0 wrt norm     1.0

All rows are identical
*** test piston passed
elapsed time = 0.9689538478851318 s for test piston
~~~~~~~~~~~~~~~~~~~~~~~~~~~~~~~~~~~~~~~~~

~~~~~~~~~~~~~~~~~~~~~~~~~~~~~~~~~~~~~~~~~
dir = /hpc/data/cfd-students/nnoventa/regression_runs/cpu_pr623_1217021/examples/surf_collide
test = circle.specular
1000 
read 11 log entries
1000 
read 11 log entries
==== generating gold standard for test circle.specular ====
==== comparing log.ab.circle.specular with log.archive.24Sep26.ab.circle.specular ====
Step     error  0.0 wrt norm     1.0
Np       error  0.0 wrt norm     1.0
Natt              error  0.0
Ncoll             error  0.0
Nscoll   error  0.0 wrt norm     1.0
Nscheck  error  0.0 wrt norm     1.0

All rows are identical
*** test circle.specular passed
elapsed time = 1.4715735912322998 s for test circle.specular
~~~~~~~~~~~~~~~~~~~~~~~~~~~~~~~~~~~~~~~~~

~~~~~~~~~~~~~~~~~~~~~~~~~~~~~~~~~~~~~~~~~
dir = /hpc/data/cfd-students/nnoventa/regression_runs/cpu_pr623_1217021/examples/surf_collide
test = circle.adiabatic
1000 
read 11 log entries
1000 
read 11 log entries
==== generating gold standard for test circle.adiabatic ====
==== comparing log.ab.circle.adiabatic with log.archive.24Sep26.ab.circle.adiabatic ====
Step     error  0.0 wrt norm     1.0
Np       error  0.0 wrt norm     1.0
Natt              error  0.0
Ncoll             error  0.0
Nscoll   error  0.0 wrt norm     1.0
Nscheck  error  0.0 wrt norm     1.0

All rows are identical
*** test circle.adiabatic passed
elapsed time = 1.569779872894287 s for test circle.adiabatic
~~~~~~~~~~~~~~~~~~~~~~~~~~~~~~~~~~~~~~~~~

~~~~~~~~~~~~~~~~~~~~~~~~~~~~~~~~~~~~~~~~~
dir = /hpc/data/cfd-students/nnoventa/regression_runs/cpu_pr623_1217021/examples/vtk
test = vtk.3d
==== generating gold standard for test vtk.3d ====
==== comparing log.ab.vtk.3d with log.archive.24Sep26.ab.vtk.3d ====
ERROR: Unrecognized dump style (/hpc/data/cfd-students/nnoventa/sparta/src/output.cpp:547)
ERROR: Unrecognized dump style (/hpc/data/cfd-students/nnoventa/sparta/src/output.cpp:547)
!!! test vtk.3d FAILED
elapsed time = 0.968604326248169 s for test vtk.3d
~~~~~~~~~~~~~~~~~~~~~~~~~~~~~~~~~~~~~~~~~

~~~~~~~~~~~~~~~~~~~~~~~~~~~~~~~~~~~~~~~~~
dir = /hpc/data/cfd-students/nnoventa/regression_runs/cpu_pr623_1217021/examples/vtk
test = vtk
==== generating gold standard for test vtk ====
==== comparing log.ab.vtk with log.archive.24Sep26.ab.vtk ====
ERROR: Unrecognized dump style (/hpc/data/cfd-students/nnoventa/sparta/src/output.cpp:547)
ERROR: Unrecognized dump style (/hpc/data/cfd-students/nnoventa/sparta/src/output.cpp:547)
!!! test vtk FAILED
elapsed time = 1.0087592601776123 s for test vtk
~~~~~~~~~~~~~~~~~~~~~~~~~~~~~~~~~~~~~~~~~

~~~~~~~~~~~~~~~~~~~~~~~~~~~~~~~~~~~~~~~~~
dir = /hpc/data/cfd-students/nnoventa/regression_runs/cpu_pr623_1217021/examples/jagged
test = jagged.2d.distributed
1000 
read 11 log entries
1000 
read 11 log entries
==== generating gold standard for test jagged.2d.distributed ====
==== comparing log.ab.jagged.2d.distributed with log.archive.24Sep26.ab.jagged.2d.distributed ====
Step     error  0.0 wrt norm     1.0
Np       error  0.0 wrt norm     1.0
Natt              error  0.0
Ncoll             error  0.0
Nscoll   error  0.0 wrt norm     1.0
Nscheck  error  0.0 wrt norm     1.0

All rows are identical
*** test jagged.2d.distributed passed
elapsed time = 8.583045721054077 s for test jagged.2d.distributed
~~~~~~~~~~~~~~~~~~~~~~~~~~~~~~~~~~~~~~~~~

~~~~~~~~~~~~~~~~~~~~~~~~~~~~~~~~~~~~~~~~~
dir = /hpc/data/cfd-students/nnoventa/regression_runs/cpu_pr623_1217021/examples/jagged
test = jagged.2d
1000 
read 11 log entries
1000 
read 11 log entries
==== generating gold standard for test jagged.2d ====
==== comparing log.ab.jagged.2d with log.archive.24Sep26.ab.jagged.2d ====
Step     error  0.0 wrt norm     1.0
Np       error  0.0 wrt norm     1.0
Natt              error  0.0
Ncoll             error  0.0
Nscoll   error  0.0 wrt norm     1.0
Nscheck  error  0.0 wrt norm     1.0

All rows are identical
*** test jagged.2d passed
elapsed time = 6.908970832824707 s for test jagged.2d
~~~~~~~~~~~~~~~~~~~~~~~~~~~~~~~~~~~~~~~~~

~~~~~~~~~~~~~~~~~~~~~~~~~~~~~~~~~~~~~~~~~
dir = /hpc/data/cfd-students/nnoventa/regression_runs/cpu_pr623_1217021/examples/jagged
test = jagged.3d
==== generating gold standard for test jagged.3d ====
==== comparing log.ab.jagged.3d with log.archive.24Sep26.ab.jagged.3d ====
ERROR on proc 0: Cannot open file sdata.20x20x10x10x10 (/hpc/data/cfd-students/nnoventa/sparta/src/read_surf.cpp:2264)
!!! test jagged.3d FAILED
elapsed time = 0.8755283355712891 s for test jagged.3d
~~~~~~~~~~~~~~~~~~~~~~~~~~~~~~~~~~~~~~~~~

~~~~~~~~~~~~~~~~~~~~~~~~~~~~~~~~~~~~~~~~~
dir = /hpc/data/cfd-students/nnoventa/regression_runs/cpu_pr623_1217021/examples/jagged
test = jagged.3d.distributed
==== generating gold standard for test jagged.3d.distributed ====
==== comparing log.ab.jagged.3d.distributed with log.archive.24Sep26.ab.jagged.3d.distributed ====
ERROR on proc 0: Cannot open file sdata.20x20x10x10x10 (/hpc/data/cfd-students/nnoventa/sparta/src/read_surf.cpp:2264)
!!! test jagged.3d.distributed FAILED
elapsed time = 0.8615822792053223 s for test jagged.3d.distributed
~~~~~~~~~~~~~~~~~~~~~~~~~~~~~~~~~~~~~~~~~

~~~~~~~~~~~~~~~~~~~~~~~~~~~~~~~~~~~~~~~~~
dir = /hpc/data/cfd-students/nnoventa/regression_runs/cpu_pr623_1217021/examples/ambi
test = ambi.group.react
300 
read 13 log entries
300 
read 13 log entries
==== generating gold standard for test ambi.group.react ====
==== comparing log.ab.ambi.group.react with log.archive.24Sep26.ab.ambi.group.react ====
Step     error  0.0 wrt norm     1.0
Np       error  0.0 wrt norm     1.0
Natt     error  0.0 wrt norm     1.0
Ncoll    error  0.0 wrt norm     1.0
Nreact   error  0.0 wrt norm     1.0
c_temp   error  0.0 wrt norm     1.0

All rows are identical
*** test ambi.group.react passed
elapsed time = 1.1558401584625244 s for test ambi.group.react
~~~~~~~~~~~~~~~~~~~~~~~~~~~~~~~~~~~~~~~~~

~~~~~~~~~~~~~~~~~~~~~~~~~~~~~~~~~~~~~~~~~
dir = /hpc/data/cfd-students/nnoventa/regression_runs/cpu_pr623_1217021/examples/ambi
test = ambi
==== generating gold standard for test ambi ====
==== comparing log.ab.ambi with log.archive.24Sep26.ab.ambi ====
ERROR on proc 0: Ran out of space in Kokkos collisions, increase react/extra or use react/retry (/hpc/data/cfd-students/nnoventa/sparta/src/KOKKOS/collide_vss_kokkos.cpp:2625)
!!! test ambi FAILED
elapsed time = 1.015002727508545 s for test ambi
~~~~~~~~~~~~~~~~~~~~~~~~~~~~~~~~~~~~~~~~~

~~~~~~~~~~~~~~~~~~~~~~~~~~~~~~~~~~~~~~~~~
dir = /hpc/data/cfd-students/nnoventa/regression_runs/cpu_pr623_1217021/examples/ambi
test = ambi.group
300 
read 7 log entries
300 
read 7 log entries
==== generating gold standard for test ambi.group ====
==== comparing log.ab.ambi.group with log.archive.24Sep26.ab.ambi.group ====
Step     error  0.0 wrt norm     1.0
Np       error  0.0 wrt norm     1.0
Natt     error  0.0 wrt norm     1.0
Ncoll    error  0.0 wrt norm     1.0
c_temp   error  0.0 wrt norm     1.0

All rows are identical
*** test ambi.group passed
elapsed time = 0.9549944400787354 s for test ambi.group
~~~~~~~~~~~~~~~~~~~~~~~~~~~~~~~~~~~~~~~~~

~~~~~~~~~~~~~~~~~~~~~~~~~~~~~~~~~~~~~~~~~
dir = /hpc/data/cfd-students/nnoventa/regression_runs/cpu_pr623_1217021/examples/chem
test = chem.gastally
500 
read 6 log entries
500 
read 6 log entries
==== generating gold standard for test chem.gastally ====
==== comparing log.ab.chem.gastally with log.archive.24Sep26.ab.chem.gastally ====
Step     error  0.0 wrt norm     1.0
Np       error  0.0 wrt norm     1.0
Natt     error  0.0 wrt norm     1.0
Ncoll    error  0.0 wrt norm     1.0
Nreact   error  0.0 wrt norm     1.0
c_temp   error  0.0 wrt norm     1.0
c_sumcc  error  0.0 wrt norm     1.0
c_sumcr  error  0.0 wrt norm     1.0

All rows are identical
*** test chem.gastally passed
elapsed time = 1.4177932739257812 s for test chem.gastally
~~~~~~~~~~~~~~~~~~~~~~~~~~~~~~~~~~~~~~~~~

~~~~~~~~~~~~~~~~~~~~~~~~~~~~~~~~~~~~~~~~~
dir = /hpc/data/cfd-students/nnoventa/regression_runs/cpu_pr623_1217021/examples/chem
test = chem
1000 
read 11 log entries
1000 
read 11 log entries
==== generating gold standard for test chem ====
==== comparing log.ab.chem with log.archive.24Sep26.ab.chem ====
Step     error  0.0 wrt norm     1.0
Np       error  0.0 wrt norm     1.0
Natt     error  0.0 wrt norm     1.0
Ncoll    error  0.0 wrt norm     1.0
Nreact   error  0.0 wrt norm     1.0
c_temp   error  0.0 wrt norm     1.0

All rows are identical
*** test chem passed
elapsed time = 1.7440917491912842 s for test chem
~~~~~~~~~~~~~~~~~~~~~~~~~~~~~~~~~~~~~~~~~

~~~~~~~~~~~~~~~~~~~~~~~~~~~~~~~~~~~~~~~~~
dir = /hpc/data/cfd-students/nnoventa/regression_runs/cpu_pr623_1217021/examples/torque
test = torque
9000 
read 4 log entries
9000 
read 4 log entries
==== generating gold standard for test torque ====
==== comparing log.ab.torque with log.archive.24Sep26.ab.torque ====
Step     error  0.0 wrt norm     1.0
Time              error  0.0
Np       error  0.0 wrt norm     1.0
v_Cd     error  0.0 wrt norm     1.0
v_Cy              error  0.0
v_Cl              error  0.0
v_Cmx             error  0.0
v_Cmy             error  0.0
v_Cmz             error  0.0
v_Cmx2            error  0.0
v_Cmy2            error  0.0
v_Cmz2            error  0.0

All rows are identical
*** test torque passed
elapsed time = 16.65745210647583 s for test torque
~~~~~~~~~~~~~~~~~~~~~~~~~~~~~~~~~~~~~~~~~

~~~~~~~~~~~~~~~~~~~~~~~~~~~~~~~~~~~~~~~~~
dir = /hpc/data/cfd-students/nnoventa/regression_runs/cpu_pr623_1217021/examples/variable_timestep
test = variable_dt
1000 
read 11 log entries
1000 
read 11 log entries
==== generating gold standard for test variable_dt ====
==== comparing log.ab.variable_dt with log.archive.24Sep26.ab.variable_dt ====
Step     error  0.0 wrt norm     1.0
Np       error  0.0 wrt norm     1.0
Natt     error  0.0 wrt norm     1.0
Ncoll    error  0.0 wrt norm     1.0
Time              error  0.0
Dt                error  0.0

All rows are identical
*** test variable_dt passed
elapsed time = 1.1724858283996582 s for test variable_dt
~~~~~~~~~~~~~~~~~~~~~~~~~~~~~~~~~~~~~~~~~

~~~~~~~~~~~~~~~~~~~~~~~~~~~~~~~~~~~~~~~~~
dir = /hpc/data/cfd-students/nnoventa/regression_runs/cpu_pr623_1217021/examples/implicit
test = implicit.2d
==== generating gold standard for test implicit.2d ====
==== comparing log.ab.implicit.2d with log.archive.24Sep26.ab.implicit.2d ====
ERROR on proc 0: Cannot open read_isurf grid corner point file binary.101x101 (/hpc/data/cfd-students/nnoventa/sparta/src/read_isurf.cpp:302)
!!! test implicit.2d FAILED
elapsed time = 0.8764498233795166 s for test implicit.2d
~~~~~~~~~~~~~~~~~~~~~~~~~~~~~~~~~~~~~~~~~

~~~~~~~~~~~~~~~~~~~~~~~~~~~~~~~~~~~~~~~~~
dir = /hpc/data/cfd-students/nnoventa/regression_runs/cpu_pr623_1217021/examples/implicit
test = implicit.3d.big
==== generating gold standard for test implicit.3d.big ====
==== comparing log.ab.implicit.3d.big with log.archive.24Sep26.ab.implicit.3d.big ====
ERROR on proc 0: Cannot open read_isurf grid corner point file binary.101x101x101 (/hpc/data/cfd-students/nnoventa/sparta/src/read_isurf.cpp:302)
!!! test implicit.3d.big FAILED
elapsed time = 1.296710729598999 s for test implicit.3d.big
~~~~~~~~~~~~~~~~~~~~~~~~~~~~~~~~~~~~~~~~~

~~~~~~~~~~~~~~~~~~~~~~~~~~~~~~~~~~~~~~~~~
dir = /hpc/data/cfd-students/nnoventa/regression_runs/cpu_pr623_1217021/examples/implicit
test = implicit.2d.rectangle
==== generating gold standard for test implicit.2d.rectangle ====
==== comparing log.ab.implicit.2d.rectangle with log.archive.24Sep26.ab.implicit.2d.rectangle ====
ERROR on proc 0: Cannot open read_isurf grid corner point file binary.51x101 (/hpc/data/cfd-students/nnoventa/sparta/src/read_isurf.cpp:302)
!!! test implicit.2d.rectangle FAILED
elapsed time = 0.8502378463745117 s for test implicit.2d.rectangle
~~~~~~~~~~~~~~~~~~~~~~~~~~~~~~~~~~~~~~~~~

~~~~~~~~~~~~~~~~~~~~~~~~~~~~~~~~~~~~~~~~~
dir = /hpc/data/cfd-students/nnoventa/regression_runs/cpu_pr623_1217021/examples/implicit
test = implicit.3d.small
==== generating gold standard for test implicit.3d.small ====
==== comparing log.ab.implicit.3d.small with log.archive.24Sep26.ab.implicit.3d.small ====
ERROR on proc 0: Cannot open read_isurf grid corner point file binary.21x21x21 (/hpc/data/cfd-students/nnoventa/sparta/src/read_isurf.cpp:302)
!!! test implicit.3d.small FAILED
elapsed time = 0.8320648670196533 s for test implicit.3d.small
~~~~~~~~~~~~~~~~~~~~~~~~~~~~~~~~~~~~~~~~~

~~~~~~~~~~~~~~~~~~~~~~~~~~~~~~~~~~~~~~~~~
dir = /hpc/data/cfd-students/nnoventa/regression_runs/cpu_pr623_1217021/examples/ambi_3body
test = ambi_3body
500 
read 11 log entries
500 
read 11 log entries
==== generating gold standard for test ambi_3body ====
==== comparing log.ab.ambi_3body with log.archive.24Sep26.ab.ambi_3body ====
Step     error  0.0 wrt norm     1.0
Np       error  0.0 wrt norm     1.0
Natt     error  0.0 wrt norm     1.0
Ncoll    error  0.0 wrt norm     1.0
Nreact   error  0.0 wrt norm     1.0
c_c[1]   error  0.0 wrt norm     1.0
c_c[2]   error  0.0 wrt norm     1.0
c_c[3]   error  0.0 wrt norm     1.0
c_c[4]            error  0.0

All rows are identical
*** test ambi_3body passed
elapsed time = 5.688827991485596 s for test ambi_3body
~~~~~~~~~~~~~~~~~~~~~~~~~~~~~~~~~~~~~~~~~

~~~~~~~~~~~~~~~~~~~~~~~~~~~~~~~~~~~~~~~~~
dir = /hpc/data/cfd-students/nnoventa/regression_runs/cpu_pr623_1217021/examples/custom
test = custom.circle.file.fix.distributed
2000 
read 21 log entries
2000 
read 21 log entries
==== generating gold standard for test custom.circle.file.fix.distributed ====
==== comparing log.ab.custom.circle.file.fix.distributed with log.archive.24Sep26.ab.custom.circle.file.fix.distributed ====
Step     error  0.0 wrt norm     1.0
Np       error  0.0 wrt norm     1.0
Natt              error  0.0
Ncoll             error  0.0
Nscoll   error  0.0 wrt norm     1.0
Nscheck  error  0.0 wrt norm     1.0

All rows are identical
*** test custom.circle.file.fix.distributed passed
elapsed time = 0.9974663257598877 s for test custom.circle.file.fix.distributed
~~~~~~~~~~~~~~~~~~~~~~~~~~~~~~~~~~~~~~~~~

~~~~~~~~~~~~~~~~~~~~~~~~~~~~~~~~~~~~~~~~~
dir = /hpc/data/cfd-students/nnoventa/regression_runs/cpu_pr623_1217021/examples/custom
test = custom.step.temp.variable
500 
read 11 log entries
500 
read 11 log entries
==== generating gold standard for test custom.step.temp.variable ====
==== comparing log.ab.custom.step.temp.variable with log.archive.24Sep26.ab.custom.step.temp.variable ====
Step     error  0.0 wrt norm     1.0
Np       error  0.0 wrt norm     1.0
Natt              error  0.0
Ncoll             error  0.0
Nscoll   error  0.0 wrt norm     1.0
Nscheck  error  0.0 wrt norm     1.0

All rows are identical
*** test custom.step.temp.variable passed
elapsed time = 1.0660758018493652 s for test custom.step.temp.variable
~~~~~~~~~~~~~~~~~~~~~~~~~~~~~~~~~~~~~~~~~

~~~~~~~~~~~~~~~~~~~~~~~~~~~~~~~~~~~~~~~~~
dir = /hpc/data/cfd-students/nnoventa/regression_runs/cpu_pr623_1217021/examples/custom
test = custom.circle.set.fix.distributed
2000 
read 21 log entries
2000 
read 21 log entries
==== generating gold standard for test custom.circle.set.fix.distributed ====
==== comparing log.ab.custom.circle.set.fix.distributed with log.archive.24Sep26.ab.custom.circle.set.fix.distributed ====
Step     error  0.0 wrt norm     1.0
Np       error  0.0 wrt norm     1.0
Natt              error  0.0
Ncoll             error  0.0
Nscoll   error  0.0 wrt norm     1.0
Nscheck  error  0.0 wrt norm     1.0

All rows are identical
*** test custom.circle.set.fix.distributed passed
elapsed time = 0.9737679958343506 s for test custom.circle.set.fix.distributed
~~~~~~~~~~~~~~~~~~~~~~~~~~~~~~~~~~~~~~~~~

~~~~~~~~~~~~~~~~~~~~~~~~~~~~~~~~~~~~~~~~~
dir = /hpc/data/cfd-students/nnoventa/regression_runs/cpu_pr623_1217021/examples/custom
test = custom.coarse.3d
10 
read 2 log entries
10 
read 2 log entries
==== generating gold standard for test custom.coarse.3d ====
==== comparing log.ab.custom.coarse.3d with log.archive.24Sep26.ab.custom.coarse.3d ====
Step     error  0.0 wrt norm     1.0
Np                error  0.0
Natt              error  0.0
Ncoll             error  0.0
c_temp            error  0.0

All rows are identical
*** test custom.coarse.3d passed
elapsed time = 0.9291696548461914 s for test custom.coarse.3d
~~~~~~~~~~~~~~~~~~~~~~~~~~~~~~~~~~~~~~~~~

~~~~~~~~~~~~~~~~~~~~~~~~~~~~~~~~~~~~~~~~~
dir = /hpc/data/cfd-students/nnoventa/regression_runs/cpu_pr623_1217021/examples/custom
test = custom.circle.set.distributed
1000 2000 
read 21 log entries
1000 2000 
read 21 log entries
==== generating gold standard for test custom.circle.set.distributed ====
==== comparing log.ab.custom.circle.set.distributed with log.archive.24Sep26.ab.custom.circle.set.distributed ====
Step     error  0.0 wrt norm     1.0
Np       error  0.0 wrt norm     1.0
Natt              error  0.0
Ncoll             error  0.0
Nscoll   error  0.0 wrt norm     1.0
Nscheck  error  0.0 wrt norm     1.0

All rows are identical
*** test custom.circle.set.distributed passed
elapsed time = 0.9797878265380859 s for test custom.circle.set.distributed
~~~~~~~~~~~~~~~~~~~~~~~~~~~~~~~~~~~~~~~~~

~~~~~~~~~~~~~~~~~~~~~~~~~~~~~~~~~~~~~~~~~
dir = /hpc/data/cfd-students/nnoventa/regression_runs/cpu_pr623_1217021/examples/custom
test = custom.cube.read.restart
==== generating gold standard for test custom.cube.read.restart ====
==== comparing log.ab.custom.cube.read.restart with log.archive.24Sep26.ab.custom.cube.read.restart ====
ERROR on proc 0: Cannot open restart file tmp.cube.read.restart.base (/hpc/data/cfd-students/nnoventa/sparta/src/read_restart.cpp:114)
!!! test custom.cube.read.restart FAILED
elapsed time = 0.923980712890625 s for test custom.cube.read.restart
~~~~~~~~~~~~~~~~~~~~~~~~~~~~~~~~~~~~~~~~~

~~~~~~~~~~~~~~~~~~~~~~~~~~~~~~~~~~~~~~~~~
dir = /hpc/data/cfd-students/nnoventa/regression_runs/cpu_pr623_1217021/examples/custom
test = custom.step.temp.remove
500 1000 
read 21 log entries
500 1000 
read 21 log entries
==== generating gold standard for test custom.step.temp.remove ====
==== comparing log.ab.custom.step.temp.remove with log.archive.24Sep26.ab.custom.step.temp.remove ====
Step     error  0.0 wrt norm     1.0
Np       error  0.0 wrt norm     1.0
Natt              error  0.0
Ncoll             error  0.0
Nscoll   error  0.0 wrt norm     1.0
Nscheck  error  0.0 wrt norm     1.0

All rows are identical
*** test custom.step.temp.remove passed
elapsed time = 1.2189695835113525 s for test custom.step.temp.remove
~~~~~~~~~~~~~~~~~~~~~~~~~~~~~~~~~~~~~~~~~

~~~~~~~~~~~~~~~~~~~~~~~~~~~~~~~~~~~~~~~~~
dir = /hpc/data/cfd-students/nnoventa/regression_runs/cpu_pr623_1217021/examples/custom
test = custom.step.temp.read
500 
read 11 log entries
500 
read 11 log entries
==== generating gold standard for test custom.step.temp.read ====
==== comparing log.ab.custom.step.temp.read with log.archive.24Sep26.ab.custom.step.temp.read ====
Step     error  0.0 wrt norm     1.0
Np       error  0.0 wrt norm     1.0
Natt              error  0.0
Ncoll             error  0.0
Nscoll   error  0.0 wrt norm     1.0
Nscheck  error  0.0 wrt norm     1.0

All rows are identical
*** test custom.step.temp.read passed
elapsed time = 1.1758511066436768 s for test custom.step.temp.read
~~~~~~~~~~~~~~~~~~~~~~~~~~~~~~~~~~~~~~~~~

~~~~~~~~~~~~~~~~~~~~~~~~~~~~~~~~~~~~~~~~~
dir = /hpc/data/cfd-students/nnoventa/regression_runs/cpu_pr623_1217021/examples/custom
test = custom.step.clip
500 
read 11 log entries
500 
read 11 log entries
==== generating gold standard for test custom.step.clip ====
==== comparing log.ab.custom.step.clip with log.archive.24Sep26.ab.custom.step.clip ====
Step     error  0.0 wrt norm     1.0
Np       error  0.0 wrt norm     1.0
Natt              error  0.0
Ncoll             error  0.0
Nscoll   error  0.0 wrt norm     1.0
Nscheck  error  0.0 wrt norm     1.0
f_1[1]   error  0.0 wrt norm     1.0
f_1[2]   error  0.0 wrt norm     1.0
f_1[3]   error  0.0 wrt norm     1.0

All rows are identical
*** test custom.step.clip passed
elapsed time = 1.0658726692199707 s for test custom.step.clip
~~~~~~~~~~~~~~~~~~~~~~~~~~~~~~~~~~~~~~~~~

~~~~~~~~~~~~~~~~~~~~~~~~~~~~~~~~~~~~~~~~~
dir = /hpc/data/cfd-students/nnoventa/regression_runs/cpu_pr623_1217021/examples/custom
test = custom.circle.set.fix
2000 
read 21 log entries
2000 
read 21 log entries
==== generating gold standard for test custom.circle.set.fix ====
==== comparing log.ab.custom.circle.set.fix with log.archive.24Sep26.ab.custom.circle.set.fix ====
Step     error  0.0 wrt norm     1.0
Np       error  0.0 wrt norm     1.0
Natt              error  0.0
Ncoll             error  0.0
Nscoll   error  0.0 wrt norm     1.0
Nscheck  error  0.0 wrt norm     1.0

All rows are identical
*** test custom.circle.set.fix passed
elapsed time = 0.9948360919952393 s for test custom.circle.set.fix
~~~~~~~~~~~~~~~~~~~~~~~~~~~~~~~~~~~~~~~~~

~~~~~~~~~~~~~~~~~~~~~~~~~~~~~~~~~~~~~~~~~
dir = /hpc/data/cfd-students/nnoventa/regression_runs/cpu_pr623_1217021/examples/custom
test = custom.step.read
500 1000 1500 
read 31 log entries
500 1000 1500 
read 31 log entries
==== generating gold standard for test custom.step.read ====
==== comparing log.ab.custom.step.read with log.archive.24Sep26.ab.custom.step.read ====
Step     error  0.0 wrt norm     1.0
Np       error  0.0 wrt norm     1.0
Natt              error  0.0
Ncoll             error  0.0
Nscoll   error  0.0 wrt norm     1.0
Nscheck  error  0.0 wrt norm     1.0
f_1[1]   error  0.0 wrt norm     1.0
f_1[2]   error  0.0 wrt norm     1.0
f_1[3]   error  0.0 wrt norm     1.0

All rows are identical
*** test custom.step.read passed
elapsed time = 1.3109219074249268 s for test custom.step.read
~~~~~~~~~~~~~~~~~~~~~~~~~~~~~~~~~~~~~~~~~

~~~~~~~~~~~~~~~~~~~~~~~~~~~~~~~~~~~~~~~~~
dir = /hpc/data/cfd-students/nnoventa/regression_runs/cpu_pr623_1217021/examples/custom
test = custom.circle.file
1000 2000 
read 21 log entries
1000 2000 
read 21 log entries
==== generating gold standard for test custom.circle.file ====
==== comparing log.ab.custom.circle.file with log.archive.24Sep26.ab.custom.circle.file ====
Step     error  0.0 wrt norm     1.0
Np       error  0.0 wrt norm     1.0
Natt              error  0.0
Ncoll             error  0.0
Nscoll   error  0.0 wrt norm     1.0
Nscheck  error  0.0 wrt norm     1.0

All rows are identical
*** test custom.circle.file passed
elapsed time = 1.0026473999023438 s for test custom.circle.file
~~~~~~~~~~~~~~~~~~~~~~~~~~~~~~~~~~~~~~~~~

~~~~~~~~~~~~~~~~~~~~~~~~~~~~~~~~~~~~~~~~~
dir = /hpc/data/cfd-students/nnoventa/regression_runs/cpu_pr623_1217021/examples/custom
test = custom.coarse.2d
10 
read 2 log entries
10 
read 2 log entries
==== generating gold standard for test custom.coarse.2d ====
==== comparing log.ab.custom.coarse.2d with log.archive.24Sep26.ab.custom.coarse.2d ====
Step     error  0.0 wrt norm     1.0
Np                error  0.0
Natt              error  0.0
Ncoll             error  0.0
c_temp            error  0.0

All rows are identical
*** test custom.coarse.2d passed
elapsed time = 0.9471781253814697 s for test custom.coarse.2d
~~~~~~~~~~~~~~~~~~~~~~~~~~~~~~~~~~~~~~~~~

~~~~~~~~~~~~~~~~~~~~~~~~~~~~~~~~~~~~~~~~~
dir = /hpc/data/cfd-students/nnoventa/regression_runs/cpu_pr623_1217021/examples/custom
test = custom.step.set.restart
1500 2000 
read 21 log entries
Traceback (most recent call last):
  File "/hpc/data/cfd-students/nnoventa/sparta/tools/testing/regression.py", line 613, in <module>
    msg = execute(test)
  File "/hpc/data/cfd-students/nnoventa/sparta/tools/testing/regression.py", line 428, in execute
    msg += run_test(test[1],lmp_args,descriptors[i])
  File "/hpc/data/cfd-students/nnoventa/sparta/tools/testing/regression.py", line 224, in run_test
    [passing,cdict,cdata,emsg] = extract_data(log,stdout);
  File "/hpc/data/cfd-students/nnoventa/sparta/tools/testing/regression.py", line 315, in extract_data
    data.append(lg.get(name))
  File "/hpc/data/cfd-students/nnoventa/sparta/tools/testing/olog.py", line 134, in get
    vecs[i][j] = self.data[j][map[i]]
IndexError: list index out of range
