~~~~~~~~~~~~~~~~~~~~~~~~~~~~~~~~~~~~~~~~~
start:  Thu Sep 24 12:05:35 2026
ntests: 4
default descriptor: ab
default norm: L1
default tolerance: 0.05
default relative error: True
~~~~~~~~~~~~~~~~~~~~~~~~~~~~~~~~~~~~~~~~~

subdirs = ['free', 'optmove', 'tally_computes', 'surf', 'circle', 'adapt', 'bfield', 'flowfile', 'surf_react_heatflux', 'relax_const', 'paraview', 'chem_rates', 'spiky', 'fft', 'regions', 'python', 'shock_tube', 'qk', 'collide', 'adjust_temp', 'step', 'vibrate', 'surf_react_adsorb', 'surf_collide', 'vtk', 'jagged', 'ambi', 'chem', 'torque', 'variable_timestep', 'implicit', 'ambi_3body', 'custom', 'ablation', 'relax_variable', 'axi', 'cylinder', 'explicit2implicit', 'emit', 'mfp_mct', 'thermostat', 'sphere']

~~~~~~~~~~~~~~~~~~~~~~~~~~~~~~~~~~~~~~~~~
dir = /hpc/data/cfd-students/nnoventa/regression_runs/cpu_pr623_1217183/examples/ablation
test = ablation.2d
500 
read 6 log entries
500 
read 6 log entries
==== generating gold standard for test ablation.2d ====
==== comparing log.ab.ablation.2d with log.archive.24Sep26.ab.ablation.2d ====
Step     error  0.0 wrt norm     1.0
Np       error  0.0 wrt norm     1.0
Natt              error  0.0
Ncoll             error  0.0
Nscoll   error  0.0 wrt norm     1.0
Nscheck  error  0.0 wrt norm     1.0
f_bal    error  0.0 wrt norm     1.0
f_bal[2]  error  0.0 wrt norm     1.0
f_ablate  error  0.0 wrt norm     1.0

All rows are identical
*** test ablation.2d passed
elapsed time = 1.6983058452606201 s for test ablation.2d
~~~~~~~~~~~~~~~~~~~~~~~~~~~~~~~~~~~~~~~~~

~~~~~~~~~~~~~~~~~~~~~~~~~~~~~~~~~~~~~~~~~
dir = /hpc/data/cfd-students/nnoventa/regression_runs/cpu_pr623_1217183/examples/ablation
test = ablation.3d
100 
read 11 log entries
100 
read 11 log entries
==== generating gold standard for test ablation.3d ====
==== comparing log.ab.ablation.3d with log.archive.24Sep26.ab.ablation.3d ====
Step     error  0.0 wrt norm     1.0
Np       error  0.0 wrt norm     1.0
Natt              error  0.0
Ncoll             error  0.0
Nscoll   error  0.0 wrt norm     1.0
Nscheck  error  0.0 wrt norm     1.0
f_ablate  error  0.0 wrt norm     1.0

All rows are identical
*** test ablation.3d passed
elapsed time = 24.880738973617554 s for test ablation.3d
~~~~~~~~~~~~~~~~~~~~~~~~~~~~~~~~~~~~~~~~~

~~~~~~~~~~~~~~~~~~~~~~~~~~~~~~~~~~~~~~~~~
dir = /hpc/data/cfd-students/nnoventa/regression_runs/cpu_pr623_1217183/examples/ablation
test = ablation.3d.reactions
200 
read 21 log entries
200 
read 21 log entries
==== generating gold standard for test ablation.3d.reactions ====
==== comparing log.ab.ablation.3d.reactions with log.archive.24Sep26.ab.ablation.3d.reactions ====
Step     error  0.0 wrt norm     1.0
Np       error  0.0 wrt norm     1.0
Nscoll   error  0.0 wrt norm     1.0
Nsreact  error  0.0 wrt norm     1.0
f_ablate  error  0.0 wrt norm     1.0

All rows are identical
*** test ablation.3d.reactions passed
elapsed time = 6.8334760665893555 s for test ablation.3d.reactions
~~~~~~~~~~~~~~~~~~~~~~~~~~~~~~~~~~~~~~~~~

~~~~~~~~~~~~~~~~~~~~~~~~~~~~~~~~~~~~~~~~~
dir = /hpc/data/cfd-students/nnoventa/regression_runs/cpu_pr623_1217183/examples/ablation
test = ablation.multi.inner.3d
100 
read 101 log entries
100 
read 101 log entries
==== generating gold standard for test ablation.multi.inner.3d ====
==== comparing log.ab.ablation.multi.inner.3d with log.archive.24Sep26.ab.ablation.multi.inner.3d ====
Step     error  0.0 wrt norm     1.0
c_1r     error  0.0 wrt norm     1.0

All rows are identical
*** test ablation.multi.inner.3d passed
elapsed time = 0.8490619659423828 s for test ablation.multi.inner.3d
~~~~~~~~~~~~~~~~~~~~~~~~~~~~~~~~~~~~~~~~~

~~~~~~~~~~~~~~~~~~~~~~~~~~~~~~~~~~~~~~~~~
end: Thu Sep 24 12:06:09 2026
4 tests passed
*** no failures ***
~~~~~~~~~~~~~~~~~~~~~~~~~~~~~~~~~~~~~~~~~
~~~~~~~~~~~~~~~~~~~~~~~~~~~~~~~~~~~~~~~~~
start:  Thu Sep 24 12:06:09 2026
ntests: 3
default descriptor: ab
default norm: L1
default tolerance: 0.05
default relative error: True
~~~~~~~~~~~~~~~~~~~~~~~~~~~~~~~~~~~~~~~~~

subdirs = ['free', 'optmove', 'tally_computes', 'surf', 'circle', 'adapt', 'bfield', 'flowfile', 'surf_react_heatflux', 'relax_const', 'paraview', 'chem_rates', 'spiky', 'fft', 'regions', 'python', 'shock_tube', 'qk', 'collide', 'adjust_temp', 'step', 'vibrate', 'surf_react_adsorb', 'surf_collide', 'vtk', 'jagged', 'ambi', 'chem', 'torque', 'variable_timestep', 'implicit', 'ambi_3body', 'custom', 'ablation', 'relax_variable', 'axi', 'cylinder', 'explicit2implicit', 'emit', 'mfp_mct', 'thermostat', 'sphere']

~~~~~~~~~~~~~~~~~~~~~~~~~~~~~~~~~~~~~~~~~
dir = /hpc/data/cfd-students/nnoventa/regression_runs/cpu_pr623_1217183/examples/adapt
test = adapt.rotate
400 10400 
read 105 log entries
400 10400 
read 105 log entries
==== generating gold standard for test adapt.rotate ====
==== comparing log.ab.adapt.rotate with log.archive.24Sep26.ab.adapt.rotate ====
Step     error  0.0 wrt norm     1.0
Np       error  0.0 wrt norm     1.0
Natt              error  0.0
Ncoll             error  0.0
Nscoll   error  0.0 wrt norm     1.0
Nscheck  error  0.0 wrt norm     1.0

All rows are identical
*** test adapt.rotate passed
elapsed time = 9.126953125 s for test adapt.rotate
~~~~~~~~~~~~~~~~~~~~~~~~~~~~~~~~~~~~~~~~~

~~~~~~~~~~~~~~~~~~~~~~~~~~~~~~~~~~~~~~~~~
dir = /hpc/data/cfd-students/nnoventa/regression_runs/cpu_pr623_1217183/examples/adapt
test = adapt.slide
400 10400 12400 
read 125 log entries
400 10400 12400 
read 125 log entries
==== generating gold standard for test adapt.slide ====
==== comparing log.ab.adapt.slide with log.archive.24Sep26.ab.adapt.slide ====
Step     error  0.0 wrt norm     1.0
Np       error  0.0 wrt norm     1.0
Natt              error  0.0
Ncoll             error  0.0
Nscoll   error  0.0 wrt norm     1.0
Nscheck  error  0.0 wrt norm     1.0

All rows are identical
*** test adapt.slide passed
elapsed time = 9.644165992736816 s for test adapt.slide
~~~~~~~~~~~~~~~~~~~~~~~~~~~~~~~~~~~~~~~~~

~~~~~~~~~~~~~~~~~~~~~~~~~~~~~~~~~~~~~~~~~
dir = /hpc/data/cfd-students/nnoventa/regression_runs/cpu_pr623_1217183/examples/adapt
test = adapt.static
500 2500 5500 
read 56 log entries
500 2500 5500 
read 56 log entries
==== generating gold standard for test adapt.static ====
==== comparing log.ab.adapt.static with log.archive.24Sep26.ab.adapt.static ====
Step     error  0.0 wrt norm     1.0
Np       error  0.0 wrt norm     1.0
Natt              error  0.0
Ncoll             error  0.0
Nscoll   error  0.0 wrt norm     1.0
Nscheck  error  0.0 wrt norm     1.0

All rows are identical
*** test adapt.static passed
elapsed time = 4.8809974193573 s for test adapt.static
~~~~~~~~~~~~~~~~~~~~~~~~~~~~~~~~~~~~~~~~~

~~~~~~~~~~~~~~~~~~~~~~~~~~~~~~~~~~~~~~~~~
end: Thu Sep 24 12:06:33 2026
3 tests passed
*** no failures ***
~~~~~~~~~~~~~~~~~~~~~~~~~~~~~~~~~~~~~~~~~
~~~~~~~~~~~~~~~~~~~~~~~~~~~~~~~~~~~~~~~~~
start:  Thu Sep 24 12:06:33 2026
ntests: 4
default descriptor: ab
default norm: L1
default tolerance: 0.05
default relative error: True
~~~~~~~~~~~~~~~~~~~~~~~~~~~~~~~~~~~~~~~~~

subdirs = ['free', 'optmove', 'tally_computes', 'surf', 'circle', 'adapt', 'bfield', 'flowfile', 'surf_react_heatflux', 'relax_const', 'paraview', 'chem_rates', 'spiky', 'fft', 'regions', 'python', 'shock_tube', 'qk', 'collide', 'adjust_temp', 'step', 'vibrate', 'surf_react_adsorb', 'surf_collide', 'vtk', 'jagged', 'ambi', 'chem', 'torque', 'variable_timestep', 'implicit', 'ambi_3body', 'custom', 'ablation', 'relax_variable', 'axi', 'cylinder', 'explicit2implicit', 'emit', 'mfp_mct', 'thermostat', 'sphere']

~~~~~~~~~~~~~~~~~~~~~~~~~~~~~~~~~~~~~~~~~
dir = /hpc/data/cfd-students/nnoventa/regression_runs/cpu_pr623_1217183/examples/adjust_temp
test = circle.adjust
2000 
read 9 log entries
2000 
read 9 log entries
==== generating gold standard for test circle.adjust ====
==== comparing log.ab.circle.adjust with log.archive.24Sep26.ab.circle.adjust ====
Step     error  0.0 wrt norm     1.0
Np       error  0.0 wrt norm     1.0
Natt     error  0.0 wrt norm     1.0
Ncoll    error  0.0 wrt norm     1.0
Nscoll   error  0.0 wrt norm     1.0
Ngrid    error  0.0 wrt norm     1.0
Maxlevel  error  0.0 wrt norm     1.0

All rows are identical
*** test circle.adjust passed
elapsed time = 1.9869778156280518 s for test circle.adjust
~~~~~~~~~~~~~~~~~~~~~~~~~~~~~~~~~~~~~~~~~

~~~~~~~~~~~~~~~~~~~~~~~~~~~~~~~~~~~~~~~~~
dir = /hpc/data/cfd-students/nnoventa/regression_runs/cpu_pr623_1217183/examples/adjust_temp
test = sphere.constant
2000 
read 9 log entries
2000 
read 9 log entries
==== generating gold standard for test sphere.constant ====
==== comparing log.ab.sphere.constant with log.archive.24Sep26.ab.sphere.constant ====
Step     error  0.0 wrt norm     1.0
Np       error  0.0 wrt norm     1.0
Natt     error  0.0 wrt norm     1.0
Ncoll    error  0.0 wrt norm     1.0
Nscoll   error  0.0 wrt norm     1.0
Ngrid    error  0.0 wrt norm     1.0
Maxlevel  error  0.0 wrt norm     1.0

All rows are identical
*** test sphere.constant passed
elapsed time = 7.1497626304626465 s for test sphere.constant
~~~~~~~~~~~~~~~~~~~~~~~~~~~~~~~~~~~~~~~~~

~~~~~~~~~~~~~~~~~~~~~~~~~~~~~~~~~~~~~~~~~
dir = /hpc/data/cfd-students/nnoventa/regression_runs/cpu_pr623_1217183/examples/adjust_temp
test = circle.constant
2000 
read 9 log entries
2000 
read 9 log entries
==== generating gold standard for test circle.constant ====
==== comparing log.ab.circle.constant with log.archive.24Sep26.ab.circle.constant ====
Step     error  0.0 wrt norm     1.0
Np       error  0.0 wrt norm     1.0
Natt     error  0.0 wrt norm     1.0
Ncoll    error  0.0 wrt norm     1.0
Nscoll   error  0.0 wrt norm     1.0
Ngrid    error  0.0 wrt norm     1.0
Maxlevel  error  0.0 wrt norm     1.0

All rows are identical
*** test circle.constant passed
elapsed time = 2.2418296337127686 s for test circle.constant
~~~~~~~~~~~~~~~~~~~~~~~~~~~~~~~~~~~~~~~~~

~~~~~~~~~~~~~~~~~~~~~~~~~~~~~~~~~~~~~~~~~
dir = /hpc/data/cfd-students/nnoventa/regression_runs/cpu_pr623_1217183/examples/adjust_temp
test = sphere.adjust
2000 
read 9 log entries
2000 
read 9 log entries
==== generating gold standard for test sphere.adjust ====
==== comparing log.ab.sphere.adjust with log.archive.24Sep26.ab.sphere.adjust ====
Step     error  0.0 wrt norm     1.0
Np       error  0.0 wrt norm     1.0
Natt     error  0.0 wrt norm     1.0
Ncoll    error  0.0 wrt norm     1.0
Nscoll   error  0.0 wrt norm     1.0
Ngrid    error  0.0 wrt norm     1.0
Maxlevel  error  0.0 wrt norm     1.0

All rows are identical
*** test sphere.adjust passed
elapsed time = 7.043691158294678 s for test sphere.adjust
~~~~~~~~~~~~~~~~~~~~~~~~~~~~~~~~~~~~~~~~~

~~~~~~~~~~~~~~~~~~~~~~~~~~~~~~~~~~~~~~~~~
end: Thu Sep 24 12:06:51 2026
4 tests passed
*** no failures ***
~~~~~~~~~~~~~~~~~~~~~~~~~~~~~~~~~~~~~~~~~
~~~~~~~~~~~~~~~~~~~~~~~~~~~~~~~~~~~~~~~~~
start:  Thu Sep 24 12:06:51 2026
ntests: 3
default descriptor: ab
default norm: L1
default tolerance: 0.05
default relative error: True
~~~~~~~~~~~~~~~~~~~~~~~~~~~~~~~~~~~~~~~~~

subdirs = ['free', 'optmove', 'tally_computes', 'surf', 'circle', 'adapt', 'bfield', 'flowfile', 'surf_react_heatflux', 'relax_const', 'paraview', 'chem_rates', 'spiky', 'fft', 'regions', 'python', 'shock_tube', 'qk', 'collide', 'adjust_temp', 'step', 'vibrate', 'surf_react_adsorb', 'surf_collide', 'vtk', 'jagged', 'ambi', 'chem', 'torque', 'variable_timestep', 'implicit', 'ambi_3body', 'custom', 'ablation', 'relax_variable', 'axi', 'cylinder', 'explicit2implicit', 'emit', 'mfp_mct', 'thermostat', 'sphere']

~~~~~~~~~~~~~~~~~~~~~~~~~~~~~~~~~~~~~~~~~
dir = /hpc/data/cfd-students/nnoventa/regression_runs/cpu_pr623_1217183/examples/ambi
test = ambi.group.react
300 
read 13 log entries
300 
read 13 log entries
==== generating gold standard for test ambi.group.react ====
==== comparing log.ab.ambi.group.react with log.archive.24Sep26.ab.ambi.group.react ====
Step     error  0.0 wrt norm     1.0
Np       error  0.0 wrt norm     1.0
Natt     error  0.0 wrt norm     1.0
Ncoll    error  0.0 wrt norm     1.0
Nreact   error  0.0 wrt norm     1.0
c_temp   error  0.0 wrt norm     1.0

All rows are identical
*** test ambi.group.react passed
elapsed time = 0.9470596313476562 s for test ambi.group.react
~~~~~~~~~~~~~~~~~~~~~~~~~~~~~~~~~~~~~~~~~

~~~~~~~~~~~~~~~~~~~~~~~~~~~~~~~~~~~~~~~~~
dir = /hpc/data/cfd-students/nnoventa/regression_runs/cpu_pr623_1217183/examples/ambi
test = ambi
==== generating gold standard for test ambi ====
==== comparing log.ab.ambi with log.archive.24Sep26.ab.ambi ====
ERROR on proc 0: Ran out of space in Kokkos collisions, increase react/extra or use react/retry (/hpc/data/cfd-students/nnoventa/sparta/src/KOKKOS/collide_vss_kokkos.cpp:2625)
!!! test ambi FAILED
elapsed time = 0.8811604976654053 s for test ambi
~~~~~~~~~~~~~~~~~~~~~~~~~~~~~~~~~~~~~~~~~

~~~~~~~~~~~~~~~~~~~~~~~~~~~~~~~~~~~~~~~~~
dir = /hpc/data/cfd-students/nnoventa/regression_runs/cpu_pr623_1217183/examples/ambi
test = ambi.group
300 
read 7 log entries
300 
read 7 log entries
==== generating gold standard for test ambi.group ====
==== comparing log.ab.ambi.group with log.archive.24Sep26.ab.ambi.group ====
Step     error  0.0 wrt norm     1.0
Np       error  0.0 wrt norm     1.0
Natt     error  0.0 wrt norm     1.0
Ncoll    error  0.0 wrt norm     1.0
c_temp   error  0.0 wrt norm     1.0

All rows are identical
*** test ambi.group passed
elapsed time = 0.8220169544219971 s for test ambi.group
~~~~~~~~~~~~~~~~~~~~~~~~~~~~~~~~~~~~~~~~~

~~~~~~~~~~~~~~~~~~~~~~~~~~~~~~~~~~~~~~~~~
end: Thu Sep 24 12:06:54 2026
!!! 1 of 3 tests failed
['/hpc/data/cfd-students/nnoventa/regression_runs/cpu_pr623_1217183/examples/ambi', 'ambi']
~~~~~~~~~~~~~~~~~~~~~~~~~~~~~~~~~~~~~~~~~
~~~~~~~~~~~~~~~~~~~~~~~~~~~~~~~~~~~~~~~~~
start:  Thu Sep 24 12:06:54 2026
ntests: 1
default descriptor: ab
default norm: L1
default tolerance: 0.05
default relative error: True
~~~~~~~~~~~~~~~~~~~~~~~~~~~~~~~~~~~~~~~~~

subdirs = ['free', 'optmove', 'tally_computes', 'surf', 'circle', 'adapt', 'bfield', 'flowfile', 'surf_react_heatflux', 'relax_const', 'paraview', 'chem_rates', 'spiky', 'fft', 'regions', 'python', 'shock_tube', 'qk', 'collide', 'adjust_temp', 'step', 'vibrate', 'surf_react_adsorb', 'surf_collide', 'vtk', 'jagged', 'ambi', 'chem', 'torque', 'variable_timestep', 'implicit', 'ambi_3body', 'custom', 'ablation', 'relax_variable', 'axi', 'cylinder', 'explicit2implicit', 'emit', 'mfp_mct', 'thermostat', 'sphere']

~~~~~~~~~~~~~~~~~~~~~~~~~~~~~~~~~~~~~~~~~
dir = /hpc/data/cfd-students/nnoventa/regression_runs/cpu_pr623_1217183/examples/ambi_3body
test = ambi_3body
500 
read 11 log entries
500 
read 11 log entries
==== generating gold standard for test ambi_3body ====
==== comparing log.ab.ambi_3body with log.archive.24Sep26.ab.ambi_3body ====
Step     error  0.0 wrt norm     1.0
Np       error  0.0 wrt norm     1.0
Natt     error  0.0 wrt norm     1.0
Ncoll    error  0.0 wrt norm     1.0
Nreact   error  0.0 wrt norm     1.0
c_c[1]   error  0.0 wrt norm     1.0
c_c[2]   error  0.0 wrt norm     1.0
c_c[3]   error  0.0 wrt norm     1.0
c_c[4]            error  0.0

All rows are identical
*** test ambi_3body passed
elapsed time = 5.608619451522827 s for test ambi_3body
~~~~~~~~~~~~~~~~~~~~~~~~~~~~~~~~~~~~~~~~~

~~~~~~~~~~~~~~~~~~~~~~~~~~~~~~~~~~~~~~~~~
end: Thu Sep 24 12:07:00 2026
1 tests passed
*** no failures ***
~~~~~~~~~~~~~~~~~~~~~~~~~~~~~~~~~~~~~~~~~
~~~~~~~~~~~~~~~~~~~~~~~~~~~~~~~~~~~~~~~~~
start:  Thu Sep 24 12:07:00 2026
ntests: 1
default descriptor: ab
default norm: L1
default tolerance: 0.05
default relative error: True
~~~~~~~~~~~~~~~~~~~~~~~~~~~~~~~~~~~~~~~~~

subdirs = ['free', 'optmove', 'tally_computes', 'surf', 'circle', 'adapt', 'bfield', 'flowfile', 'surf_react_heatflux', 'relax_const', 'paraview', 'chem_rates', 'spiky', 'fft', 'regions', 'python', 'shock_tube', 'qk', 'collide', 'adjust_temp', 'step', 'vibrate', 'surf_react_adsorb', 'surf_collide', 'vtk', 'jagged', 'ambi', 'chem', 'torque', 'variable_timestep', 'implicit', 'ambi_3body', 'custom', 'ablation', 'relax_variable', 'axi', 'cylinder', 'explicit2implicit', 'emit', 'mfp_mct', 'thermostat', 'sphere']

~~~~~~~~~~~~~~~~~~~~~~~~~~~~~~~~~~~~~~~~~
dir = /hpc/data/cfd-students/nnoventa/regression_runs/cpu_pr623_1217183/examples/axi
test = axi
1000 
read 11 log entries
1000 
read 11 log entries
==== generating gold standard for test axi ====
==== comparing log.ab.axi with log.archive.24Sep26.ab.axi ====
Step     error  0.0 wrt norm     1.0
Np       error  0.0 wrt norm     1.0
Natt     error  0.0 wrt norm     1.0
Ncoll    error  0.0 wrt norm     1.0
Nscoll   error  0.0 wrt norm     1.0
Nscheck  error  0.0 wrt norm     1.0

All rows are identical
*** test axi passed
elapsed time = 2.4389734268188477 s for test axi
~~~~~~~~~~~~~~~~~~~~~~~~~~~~~~~~~~~~~~~~~

~~~~~~~~~~~~~~~~~~~~~~~~~~~~~~~~~~~~~~~~~
end: Thu Sep 24 12:07:02 2026
1 tests passed
*** no failures ***
~~~~~~~~~~~~~~~~~~~~~~~~~~~~~~~~~~~~~~~~~
~~~~~~~~~~~~~~~~~~~~~~~~~~~~~~~~~~~~~~~~~
start:  Thu Sep 24 12:07:02 2026
ntests: 2
default descriptor: ab
default norm: L1
default tolerance: 0.05
default relative error: True
~~~~~~~~~~~~~~~~~~~~~~~~~~~~~~~~~~~~~~~~~

subdirs = ['free', 'optmove', 'tally_computes', 'surf', 'circle', 'adapt', 'bfield', 'flowfile', 'surf_react_heatflux', 'relax_const', 'paraview', 'chem_rates', 'spiky', 'fft', 'regions', 'python', 'shock_tube', 'qk', 'collide', 'adjust_temp', 'step', 'vibrate', 'surf_react_adsorb', 'surf_collide', 'vtk', 'jagged', 'ambi', 'chem', 'torque', 'variable_timestep', 'implicit', 'ambi_3body', 'custom', 'ablation', 'relax_variable', 'axi', 'cylinder', 'explicit2implicit', 'emit', 'mfp_mct', 'thermostat', 'sphere']

~~~~~~~~~~~~~~~~~~~~~~~~~~~~~~~~~~~~~~~~~
dir = /hpc/data/cfd-students/nnoventa/regression_runs/cpu_pr623_1217183/examples/bfield
test = bfield.grid
1000 
read 11 log entries
1000 
read 11 log entries
==== generating gold standard for test bfield.grid ====
==== comparing log.ab.bfield.grid with log.archive.24Sep26.ab.bfield.grid ====
Step     error  0.0 wrt norm     1.0
Np       error  0.0 wrt norm     1.0
Natt     error  0.0 wrt norm     1.0
Ncoll    error  0.0 wrt norm     1.0
c_temp   error  0.0 wrt norm     1.0

All rows are identical
*** test bfield.grid passed
elapsed time = 1.0626463890075684 s for test bfield.grid
~~~~~~~~~~~~~~~~~~~~~~~~~~~~~~~~~~~~~~~~~

~~~~~~~~~~~~~~~~~~~~~~~~~~~~~~~~~~~~~~~~~
dir = /hpc/data/cfd-students/nnoventa/regression_runs/cpu_pr623_1217183/examples/bfield
test = bfield
1000 
read 11 log entries
1000 
read 11 log entries
==== generating gold standard for test bfield ====
==== comparing log.ab.bfield with log.archive.24Sep26.ab.bfield ====
Step     error  0.0 wrt norm     1.0
Np       error  0.0 wrt norm     1.0
Natt     error  0.0 wrt norm     1.0
Ncoll    error  0.0 wrt norm     1.0
c_temp   error  0.0 wrt norm     1.0

All rows are identical
*** test bfield passed
elapsed time = 2.764224052429199 s for test bfield
~~~~~~~~~~~~~~~~~~~~~~~~~~~~~~~~~~~~~~~~~

~~~~~~~~~~~~~~~~~~~~~~~~~~~~~~~~~~~~~~~~~
end: Thu Sep 24 12:07:06 2026
2 tests passed
*** no failures ***
~~~~~~~~~~~~~~~~~~~~~~~~~~~~~~~~~~~~~~~~~
~~~~~~~~~~~~~~~~~~~~~~~~~~~~~~~~~~~~~~~~~
start:  Thu Sep 24 12:07:06 2026
ntests: 2
default descriptor: ab
default norm: L1
default tolerance: 0.05
default relative error: True
~~~~~~~~~~~~~~~~~~~~~~~~~~~~~~~~~~~~~~~~~

subdirs = ['free', 'optmove', 'tally_computes', 'surf', 'circle', 'adapt', 'bfield', 'flowfile', 'surf_react_heatflux', 'relax_const', 'paraview', 'chem_rates', 'spiky', 'fft', 'regions', 'python', 'shock_tube', 'qk', 'collide', 'adjust_temp', 'step', 'vibrate', 'surf_react_adsorb', 'surf_collide', 'vtk', 'jagged', 'ambi', 'chem', 'torque', 'variable_timestep', 'implicit', 'ambi_3body', 'custom', 'ablation', 'relax_variable', 'axi', 'cylinder', 'explicit2implicit', 'emit', 'mfp_mct', 'thermostat', 'sphere']

~~~~~~~~~~~~~~~~~~~~~~~~~~~~~~~~~~~~~~~~~
dir = /hpc/data/cfd-students/nnoventa/regression_runs/cpu_pr623_1217183/examples/chem
test = chem.gastally
500 
read 6 log entries
500 
read 6 log entries
==== generating gold standard for test chem.gastally ====
==== comparing log.ab.chem.gastally with log.archive.24Sep26.ab.chem.gastally ====
Step     error  0.0 wrt norm     1.0
Np       error  0.0 wrt norm     1.0
Natt     error  0.0 wrt norm     1.0
Ncoll    error  0.0 wrt norm     1.0
Nreact   error  0.0 wrt norm     1.0
c_temp   error  0.0 wrt norm     1.0
c_sumcc  error  0.0 wrt norm     1.0
c_sumcr  error  0.0 wrt norm     1.0

All rows are identical
*** test chem.gastally passed
elapsed time = 1.218400239944458 s for test chem.gastally
~~~~~~~~~~~~~~~~~~~~~~~~~~~~~~~~~~~~~~~~~

~~~~~~~~~~~~~~~~~~~~~~~~~~~~~~~~~~~~~~~~~
dir = /hpc/data/cfd-students/nnoventa/regression_runs/cpu_pr623_1217183/examples/chem
test = chem
1000 
read 11 log entries
1000 
read 11 log entries
==== generating gold standard for test chem ====
==== comparing log.ab.chem with log.archive.24Sep26.ab.chem ====
Step     error  0.0 wrt norm     1.0
Np       error  0.0 wrt norm     1.0
Natt     error  0.0 wrt norm     1.0
Ncoll    error  0.0 wrt norm     1.0
Nreact   error  0.0 wrt norm     1.0
c_temp   error  0.0 wrt norm     1.0

All rows are identical
*** test chem passed
elapsed time = 1.6512975692749023 s for test chem
~~~~~~~~~~~~~~~~~~~~~~~~~~~~~~~~~~~~~~~~~

~~~~~~~~~~~~~~~~~~~~~~~~~~~~~~~~~~~~~~~~~
end: Thu Sep 24 12:07:09 2026
2 tests passed
*** no failures ***
~~~~~~~~~~~~~~~~~~~~~~~~~~~~~~~~~~~~~~~~~
~~~~~~~~~~~~~~~~~~~~~~~~~~~~~~~~~~~~~~~~~
start:  Thu Sep 24 12:07:09 2026
ntests: 1
default descriptor: ab
default norm: L1
default tolerance: 0.05
default relative error: True
~~~~~~~~~~~~~~~~~~~~~~~~~~~~~~~~~~~~~~~~~

subdirs = ['free', 'optmove', 'tally_computes', 'surf', 'circle', 'adapt', 'bfield', 'flowfile', 'surf_react_heatflux', 'relax_const', 'paraview', 'chem_rates', 'spiky', 'fft', 'regions', 'python', 'shock_tube', 'qk', 'collide', 'adjust_temp', 'step', 'vibrate', 'surf_react_adsorb', 'surf_collide', 'vtk', 'jagged', 'ambi', 'chem', 'torque', 'variable_timestep', 'implicit', 'ambi_3body', 'custom', 'ablation', 'relax_variable', 'axi', 'cylinder', 'explicit2implicit', 'emit', 'mfp_mct', 'thermostat', 'sphere']

~~~~~~~~~~~~~~~~~~~~~~~~~~~~~~~~~~~~~~~~~
dir = /hpc/data/cfd-students/nnoventa/regression_runs/cpu_pr623_1217183/examples/chem_rates
test = chem_rates
1000 
read 11 log entries
1000 
read 11 log entries
==== generating gold standard for test chem_rates ====
==== comparing log.ab.chem_rates with log.archive.24Sep26.ab.chem_rates ====
Step     error  0.0 wrt norm     1.0
Np       error  0.0 wrt norm     1.0
Natt     error  0.0 wrt norm     1.0
Ncoll    error  0.0 wrt norm     1.0
Nreact            error  0.0
c_temp   error  0.0 wrt norm     1.0

All rows are identical
*** test chem_rates passed
elapsed time = 1.6569750308990479 s for test chem_rates
~~~~~~~~~~~~~~~~~~~~~~~~~~~~~~~~~~~~~~~~~

~~~~~~~~~~~~~~~~~~~~~~~~~~~~~~~~~~~~~~~~~
end: Thu Sep 24 12:07:11 2026
1 tests passed
*** no failures ***
~~~~~~~~~~~~~~~~~~~~~~~~~~~~~~~~~~~~~~~~~
~~~~~~~~~~~~~~~~~~~~~~~~~~~~~~~~~~~~~~~~~
start:  Thu Sep 24 12:07:11 2026
ntests: 3
default descriptor: ab
default norm: L1
default tolerance: 0.05
default relative error: True
~~~~~~~~~~~~~~~~~~~~~~~~~~~~~~~~~~~~~~~~~

subdirs = ['free', 'optmove', 'tally_computes', 'surf', 'circle', 'adapt', 'bfield', 'flowfile', 'surf_react_heatflux', 'relax_const', 'paraview', 'chem_rates', 'spiky', 'fft', 'regions', 'python', 'shock_tube', 'qk', 'collide', 'adjust_temp', 'step', 'vibrate', 'surf_react_adsorb', 'surf_collide', 'vtk', 'jagged', 'ambi', 'chem', 'torque', 'variable_timestep', 'implicit', 'ambi_3body', 'custom', 'ablation', 'relax_variable', 'axi', 'cylinder', 'explicit2implicit', 'emit', 'mfp_mct', 'thermostat', 'sphere']

~~~~~~~~~~~~~~~~~~~~~~~~~~~~~~~~~~~~~~~~~
dir = /hpc/data/cfd-students/nnoventa/regression_runs/cpu_pr623_1217183/examples/circle
test = circle.distributed
1000 
read 11 log entries
1000 
read 11 log entries
==== generating gold standard for test circle.distributed ====
==== comparing log.ab.circle.distributed with log.archive.24Sep26.ab.circle.distributed ====
Step     error  0.0 wrt norm     1.0
Np       error  0.0 wrt norm     1.0
Natt              error  0.0
Ncoll             error  0.0
Nscoll   error  0.0 wrt norm     1.0
Nscheck  error  0.0 wrt norm     1.0

All rows are identical
*** test circle.distributed passed
elapsed time = 1.396822452545166 s for test circle.distributed
~~~~~~~~~~~~~~~~~~~~~~~~~~~~~~~~~~~~~~~~~

~~~~~~~~~~~~~~~~~~~~~~~~~~~~~~~~~~~~~~~~~
dir = /hpc/data/cfd-students/nnoventa/regression_runs/cpu_pr623_1217183/examples/circle
test = circle
1000 
read 11 log entries
1000 
read 11 log entries
==== generating gold standard for test circle ====
==== comparing log.ab.circle with log.archive.24Sep26.ab.circle ====
Step     error  0.0 wrt norm     1.0
Np       error  0.0 wrt norm     1.0
Natt              error  0.0
Ncoll             error  0.0
Nscoll   error  0.0 wrt norm     1.0
Nscheck  error  0.0 wrt norm     1.0

All rows are identical
*** test circle passed
elapsed time = 1.4006378650665283 s for test circle
~~~~~~~~~~~~~~~~~~~~~~~~~~~~~~~~~~~~~~~~~

~~~~~~~~~~~~~~~~~~~~~~~~~~~~~~~~~~~~~~~~~
dir = /hpc/data/cfd-students/nnoventa/regression_runs/cpu_pr623_1217183/examples/circle
test = circle.transparent
1000 
read 11 log entries
1000 
read 11 log entries
==== generating gold standard for test circle.transparent ====
==== comparing log.ab.circle.transparent with log.archive.24Sep26.ab.circle.transparent ====
Step     error  0.0 wrt norm     1.0
Np       error  0.0 wrt norm     1.0
Natt              error  0.0
Ncoll             error  0.0
Nscoll   error  0.0 wrt norm     1.0
Nscheck  error  0.0 wrt norm     1.0
c_reduce[1]  error  0.0 wrt norm     1.0
c_reduce[2]           error  0.0
c_reduce[3]  error  0.0 wrt norm     1.0
c_reduce[4]           error  0.0

All rows are identical
*** test circle.transparent passed
elapsed time = 1.8800344467163086 s for test circle.transparent
~~~~~~~~~~~~~~~~~~~~~~~~~~~~~~~~~~~~~~~~~

~~~~~~~~~~~~~~~~~~~~~~~~~~~~~~~~~~~~~~~~~
end: Thu Sep 24 12:07:15 2026
3 tests passed
*** no failures ***
~~~~~~~~~~~~~~~~~~~~~~~~~~~~~~~~~~~~~~~~~
~~~~~~~~~~~~~~~~~~~~~~~~~~~~~~~~~~~~~~~~~
start:  Thu Sep 24 12:07:15 2026
ntests: 9
default descriptor: ab
default norm: L1
default tolerance: 0.05
default relative error: True
~~~~~~~~~~~~~~~~~~~~~~~~~~~~~~~~~~~~~~~~~

subdirs = ['free', 'optmove', 'tally_computes', 'surf', 'circle', 'adapt', 'bfield', 'flowfile', 'surf_react_heatflux', 'relax_const', 'paraview', 'chem_rates', 'spiky', 'fft', 'regions', 'python', 'shock_tube', 'qk', 'collide', 'adjust_temp', 'step', 'vibrate', 'surf_react_adsorb', 'surf_collide', 'vtk', 'jagged', 'ambi', 'chem', 'torque', 'variable_timestep', 'implicit', 'ambi_3body', 'custom', 'ablation', 'relax_variable', 'axi', 'cylinder', 'explicit2implicit', 'emit', 'mfp_mct', 'thermostat', 'sphere']

~~~~~~~~~~~~~~~~~~~~~~~~~~~~~~~~~~~~~~~~~
dir = /hpc/data/cfd-students/nnoventa/regression_runs/cpu_pr623_1217183/examples/collide
test = collide_3D
1000 
read 11 log entries
1000 
read 11 log entries
==== generating gold standard for test collide_3D ====
==== comparing log.ab.collide_3D with log.archive.24Sep26.ab.collide_3D ====
Step     error  0.0 wrt norm     1.0
Np       error  0.0 wrt norm     1.0
Natt     error  0.0 wrt norm     1.0
Ncoll    error  0.0 wrt norm     1.0
c_temp   error  0.0 wrt norm     1.0

All rows are identical
*** test collide_3D passed
elapsed time = 2.8817670345306396 s for test collide_3D
~~~~~~~~~~~~~~~~~~~~~~~~~~~~~~~~~~~~~~~~~

~~~~~~~~~~~~~~~~~~~~~~~~~~~~~~~~~~~~~~~~~
dir = /hpc/data/cfd-students/nnoventa/regression_runs/cpu_pr623_1217183/examples/collide
test = collide.group
1000 
read 11 log entries
1000 
read 11 log entries
==== generating gold standard for test collide.group ====
==== comparing log.ab.collide.group with log.archive.24Sep26.ab.collide.group ====
Step     error  0.0 wrt norm     1.0
Np       error  0.0 wrt norm     1.0
Natt     error  0.0 wrt norm     1.0
Ncoll    error  0.0 wrt norm     1.0
c_temp   error  0.0 wrt norm     1.0

All rows are identical
*** test collide.group passed
elapsed time = 1.086979627609253 s for test collide.group
~~~~~~~~~~~~~~~~~~~~~~~~~~~~~~~~~~~~~~~~~

~~~~~~~~~~~~~~~~~~~~~~~~~~~~~~~~~~~~~~~~~
dir = /hpc/data/cfd-students/nnoventa/regression_runs/cpu_pr623_1217183/examples/collide
test = collide_2D_nn
1000 
read 11 log entries
1000 
read 11 log entries
==== generating gold standard for test collide_2D_nn ====
==== comparing log.ab.collide_2D_nn with log.archive.24Sep26.ab.collide_2D_nn ====
Step     error  0.0 wrt norm     1.0
Np       error  0.0 wrt norm     1.0
Natt     error  0.0 wrt norm     1.0
Ncoll    error  0.0 wrt norm     1.0
c_temp   error  0.0 wrt norm     1.0

All rows are identical
*** test collide_2D_nn passed
elapsed time = 1.1538848876953125 s for test collide_2D_nn
~~~~~~~~~~~~~~~~~~~~~~~~~~~~~~~~~~~~~~~~~

~~~~~~~~~~~~~~~~~~~~~~~~~~~~~~~~~~~~~~~~~
dir = /hpc/data/cfd-students/nnoventa/regression_runs/cpu_pr623_1217183/examples/collide
test = collideInterspecies
1000 
read 11 log entries
1000 
read 11 log entries
==== generating gold standard for test collideInterspecies ====
==== comparing log.ab.collideInterspecies with log.archive.24Sep26.ab.collideInterspecies ====
Step     error  0.0 wrt norm     1.0
Np       error  0.0 wrt norm     1.0
Natt     error  0.0 wrt norm     1.0
Ncoll    error  0.0 wrt norm     1.0
c_temp   error  0.0 wrt norm     1.0

All rows are identical
*** test collideInterspecies passed
elapsed time = 1.061683177947998 s for test collideInterspecies
~~~~~~~~~~~~~~~~~~~~~~~~~~~~~~~~~~~~~~~~~

~~~~~~~~~~~~~~~~~~~~~~~~~~~~~~~~~~~~~~~~~
dir = /hpc/data/cfd-students/nnoventa/regression_runs/cpu_pr623_1217183/examples/collide
test = collide_3D_sub
1000 
read 11 log entries
1000 
read 11 log entries
==== generating gold standard for test collide_3D_sub ====
==== comparing log.ab.collide_3D_sub with log.archive.24Sep26.ab.collide_3D_sub ====
Step     error  0.0 wrt norm     1.0
Np       error  0.0 wrt norm     1.0
Natt     error  0.0 wrt norm     1.0
Ncoll    error  0.0 wrt norm     1.0
c_temp   error  0.0 wrt norm     1.0

All rows are identical
*** test collide_3D_sub passed
elapsed time = 3.7425997257232666 s for test collide_3D_sub
~~~~~~~~~~~~~~~~~~~~~~~~~~~~~~~~~~~~~~~~~

~~~~~~~~~~~~~~~~~~~~~~~~~~~~~~~~~~~~~~~~~
dir = /hpc/data/cfd-students/nnoventa/regression_runs/cpu_pr623_1217183/examples/collide
test = collide
1000 
read 11 log entries
1000 
read 11 log entries
==== generating gold standard for test collide ====
==== comparing log.ab.collide with log.archive.24Sep26.ab.collide ====
Step     error  0.0 wrt norm     1.0
Np       error  0.0 wrt norm     1.0
Natt     error  0.0 wrt norm     1.0
Ncoll    error  0.0 wrt norm     1.0
c_temp   error  0.0 wrt norm     1.0

All rows are identical
*** test collide passed
elapsed time = 1.012974739074707 s for test collide
~~~~~~~~~~~~~~~~~~~~~~~~~~~~~~~~~~~~~~~~~

~~~~~~~~~~~~~~~~~~~~~~~~~~~~~~~~~~~~~~~~~
dir = /hpc/data/cfd-students/nnoventa/regression_runs/cpu_pr623_1217183/examples/collide
test = collide_2D_sub
1000 
read 11 log entries
1000 
read 11 log entries
==== generating gold standard for test collide_2D_sub ====
==== comparing log.ab.collide_2D_sub with log.archive.24Sep26.ab.collide_2D_sub ====
Step     error  0.0 wrt norm     1.0
Np       error  0.0 wrt norm     1.0
Natt     error  0.0 wrt norm     1.0
Ncoll    error  0.0 wrt norm     1.0
c_temp   error  0.0 wrt norm     1.0

All rows are identical
*** test collide_2D_sub passed
elapsed time = 1.1536953449249268 s for test collide_2D_sub
~~~~~~~~~~~~~~~~~~~~~~~~~~~~~~~~~~~~~~~~~

~~~~~~~~~~~~~~~~~~~~~~~~~~~~~~~~~~~~~~~~~
dir = /hpc/data/cfd-students/nnoventa/regression_runs/cpu_pr623_1217183/examples/collide
test = collide_2D
1000 
read 11 log entries
1000 
read 11 log entries
==== generating gold standard for test collide_2D ====
==== comparing log.ab.collide_2D with log.archive.24Sep26.ab.collide_2D ====
Step     error  0.0 wrt norm     1.0
Np       error  0.0 wrt norm     1.0
Natt     error  0.0 wrt norm     1.0
Ncoll    error  0.0 wrt norm     1.0
c_temp   error  0.0 wrt norm     1.0

All rows are identical
*** test collide_2D passed
elapsed time = 1.0391285419464111 s for test collide_2D
~~~~~~~~~~~~~~~~~~~~~~~~~~~~~~~~~~~~~~~~~

~~~~~~~~~~~~~~~~~~~~~~~~~~~~~~~~~~~~~~~~~
dir = /hpc/data/cfd-students/nnoventa/regression_runs/cpu_pr623_1217183/examples/collide
test = collide_3D_nn
1000 
read 11 log entries
1000 
read 11 log entries
==== generating gold standard for test collide_3D_nn ====
==== comparing log.ab.collide_3D_nn with log.archive.24Sep26.ab.collide_3D_nn ====
Step     error  0.0 wrt norm     1.0
Np       error  0.0 wrt norm     1.0
Natt     error  0.0 wrt norm     1.0
Ncoll    error  0.0 wrt norm     1.0
c_temp   error  0.0 wrt norm     1.0

All rows are identical
*** test collide_3D_nn passed
elapsed time = 3.679429531097412 s for test collide_3D_nn
~~~~~~~~~~~~~~~~~~~~~~~~~~~~~~~~~~~~~~~~~

~~~~~~~~~~~~~~~~~~~~~~~~~~~~~~~~~~~~~~~~~
end: Thu Sep 24 12:07:32 2026
9 tests passed
*** no failures ***
~~~~~~~~~~~~~~~~~~~~~~~~~~~~~~~~~~~~~~~~~
~~~~~~~~~~~~~~~~~~~~~~~~~~~~~~~~~~~~~~~~~
start:  Thu Sep 24 12:07:32 2026
ntests: 25
default descriptor: ab
default norm: L1
default tolerance: 0.05
default relative error: True
~~~~~~~~~~~~~~~~~~~~~~~~~~~~~~~~~~~~~~~~~

subdirs = ['free', 'optmove', 'tally_computes', 'surf', 'circle', 'adapt', 'bfield', 'flowfile', 'surf_react_heatflux', 'relax_const', 'paraview', 'chem_rates', 'spiky', 'fft', 'regions', 'python', 'shock_tube', 'qk', 'collide', 'adjust_temp', 'step', 'vibrate', 'surf_react_adsorb', 'surf_collide', 'vtk', 'jagged', 'ambi', 'chem', 'torque', 'variable_timestep', 'implicit', 'ambi_3body', 'custom', 'ablation', 'relax_variable', 'axi', 'cylinder', 'explicit2implicit', 'emit', 'mfp_mct', 'thermostat', 'sphere']

~~~~~~~~~~~~~~~~~~~~~~~~~~~~~~~~~~~~~~~~~
dir = /hpc/data/cfd-students/nnoventa/regression_runs/cpu_pr623_1217183/examples/custom
test = custom.circle.file.fix.distributed
2000 
read 21 log entries
2000 
read 21 log entries
==== generating gold standard for test custom.circle.file.fix.distributed ====
==== comparing log.ab.custom.circle.file.fix.distributed with log.archive.24Sep26.ab.custom.circle.file.fix.distributed ====
Step     error  0.0 wrt norm     1.0
Np       error  0.0 wrt norm     1.0
Natt              error  0.0
Ncoll             error  0.0
Nscoll   error  0.0 wrt norm     1.0
Nscheck  error  0.0 wrt norm     1.0

All rows are identical
*** test custom.circle.file.fix.distributed passed
elapsed time = 0.8700757026672363 s for test custom.circle.file.fix.distributed
~~~~~~~~~~~~~~~~~~~~~~~~~~~~~~~~~~~~~~~~~

~~~~~~~~~~~~~~~~~~~~~~~~~~~~~~~~~~~~~~~~~
dir = /hpc/data/cfd-students/nnoventa/regression_runs/cpu_pr623_1217183/examples/custom
test = custom.step.temp.variable
500 
read 11 log entries
500 
read 11 log entries
==== generating gold standard for test custom.step.temp.variable ====
==== comparing log.ab.custom.step.temp.variable with log.archive.24Sep26.ab.custom.step.temp.variable ====
Step     error  0.0 wrt norm     1.0
Np       error  0.0 wrt norm     1.0
Natt              error  0.0
Ncoll             error  0.0
Nscoll   error  0.0 wrt norm     1.0
Nscheck  error  0.0 wrt norm     1.0

All rows are identical
*** test custom.step.temp.variable passed
elapsed time = 0.8835434913635254 s for test custom.step.temp.variable
~~~~~~~~~~~~~~~~~~~~~~~~~~~~~~~~~~~~~~~~~

~~~~~~~~~~~~~~~~~~~~~~~~~~~~~~~~~~~~~~~~~
dir = /hpc/data/cfd-students/nnoventa/regression_runs/cpu_pr623_1217183/examples/custom
test = custom.circle.set.fix.distributed
2000 
read 21 log entries
2000 
read 21 log entries
==== generating gold standard for test custom.circle.set.fix.distributed ====
==== comparing log.ab.custom.circle.set.fix.distributed with log.archive.24Sep26.ab.custom.circle.set.fix.distributed ====
Step     error  0.0 wrt norm     1.0
Np       error  0.0 wrt norm     1.0
Natt              error  0.0
Ncoll             error  0.0
Nscoll   error  0.0 wrt norm     1.0
Nscheck  error  0.0 wrt norm     1.0

All rows are identical
*** test custom.circle.set.fix.distributed passed
elapsed time = 0.8381688594818115 s for test custom.circle.set.fix.distributed
~~~~~~~~~~~~~~~~~~~~~~~~~~~~~~~~~~~~~~~~~

~~~~~~~~~~~~~~~~~~~~~~~~~~~~~~~~~~~~~~~~~
dir = /hpc/data/cfd-students/nnoventa/regression_runs/cpu_pr623_1217183/examples/custom
test = custom.coarse.3d
10 
read 2 log entries
10 
read 2 log entries
==== generating gold standard for test custom.coarse.3d ====
==== comparing log.ab.custom.coarse.3d with log.archive.24Sep26.ab.custom.coarse.3d ====
Step     error  0.0 wrt norm     1.0
Np                error  0.0
Natt              error  0.0
Ncoll             error  0.0
c_temp            error  0.0

All rows are identical
*** test custom.coarse.3d passed
elapsed time = 0.8077445030212402 s for test custom.coarse.3d
~~~~~~~~~~~~~~~~~~~~~~~~~~~~~~~~~~~~~~~~~

~~~~~~~~~~~~~~~~~~~~~~~~~~~~~~~~~~~~~~~~~
dir = /hpc/data/cfd-students/nnoventa/regression_runs/cpu_pr623_1217183/examples/custom
test = custom.circle.set.distributed
1000 2000 
read 21 log entries
1000 2000 
read 21 log entries
==== generating gold standard for test custom.circle.set.distributed ====
==== comparing log.ab.custom.circle.set.distributed with log.archive.24Sep26.ab.custom.circle.set.distributed ====
Step     error  0.0 wrt norm     1.0
Np       error  0.0 wrt norm     1.0
Natt              error  0.0
Ncoll             error  0.0
Nscoll   error  0.0 wrt norm     1.0
Nscheck  error  0.0 wrt norm     1.0

All rows are identical
*** test custom.circle.set.distributed passed
elapsed time = 0.8051581382751465 s for test custom.circle.set.distributed
~~~~~~~~~~~~~~~~~~~~~~~~~~~~~~~~~~~~~~~~~

~~~~~~~~~~~~~~~~~~~~~~~~~~~~~~~~~~~~~~~~~
dir = /hpc/data/cfd-students/nnoventa/regression_runs/cpu_pr623_1217183/examples/custom
test = custom.cube.read.restart
==== generating gold standard for test custom.cube.read.restart ====
==== comparing log.ab.custom.cube.read.restart with log.archive.24Sep26.ab.custom.cube.read.restart ====
ERROR on proc 0: Cannot open restart file tmp.cube.read.restart.base (/hpc/data/cfd-students/nnoventa/sparta/src/read_restart.cpp:114)
!!! test custom.cube.read.restart FAILED
elapsed time = 0.7401840686798096 s for test custom.cube.read.restart
~~~~~~~~~~~~~~~~~~~~~~~~~~~~~~~~~~~~~~~~~

~~~~~~~~~~~~~~~~~~~~~~~~~~~~~~~~~~~~~~~~~
dir = /hpc/data/cfd-students/nnoventa/regression_runs/cpu_pr623_1217183/examples/custom
test = custom.step.temp.remove
500 1000 
read 21 log entries
500 1000 
read 21 log entries
==== generating gold standard for test custom.step.temp.remove ====
==== comparing log.ab.custom.step.temp.remove with log.archive.24Sep26.ab.custom.step.temp.remove ====
Step     error  0.0 wrt norm     1.0
Np       error  0.0 wrt norm     1.0
Natt              error  0.0
Ncoll             error  0.0
Nscoll   error  0.0 wrt norm     1.0
Nscheck  error  0.0 wrt norm     1.0

All rows are identical
*** test custom.step.temp.remove passed
elapsed time = 1.0385890007019043 s for test custom.step.temp.remove
~~~~~~~~~~~~~~~~~~~~~~~~~~~~~~~~~~~~~~~~~

~~~~~~~~~~~~~~~~~~~~~~~~~~~~~~~~~~~~~~~~~
dir = /hpc/data/cfd-students/nnoventa/regression_runs/cpu_pr623_1217183/examples/custom
test = custom.step.temp.read
500 
read 11 log entries
500 
read 11 log entries
==== generating gold standard for test custom.step.temp.read ====
==== comparing log.ab.custom.step.temp.read with log.archive.24Sep26.ab.custom.step.temp.read ====
Step     error  0.0 wrt norm     1.0
Np       error  0.0 wrt norm     1.0
Natt              error  0.0
Ncoll             error  0.0
Nscoll   error  0.0 wrt norm     1.0
Nscheck  error  0.0 wrt norm     1.0

All rows are identical
*** test custom.step.temp.read passed
elapsed time = 0.9066870212554932 s for test custom.step.temp.read
~~~~~~~~~~~~~~~~~~~~~~~~~~~~~~~~~~~~~~~~~

~~~~~~~~~~~~~~~~~~~~~~~~~~~~~~~~~~~~~~~~~
dir = /hpc/data/cfd-students/nnoventa/regression_runs/cpu_pr623_1217183/examples/custom
test = custom.step.clip
500 
read 11 log entries
500 
read 11 log entries
==== generating gold standard for test custom.step.clip ====
==== comparing log.ab.custom.step.clip with log.archive.24Sep26.ab.custom.step.clip ====
Step     error  0.0 wrt norm     1.0
Np       error  0.0 wrt norm     1.0
Natt              error  0.0
Ncoll             error  0.0
Nscoll   error  0.0 wrt norm     1.0
Nscheck  error  0.0 wrt norm     1.0
f_1[1]   error  0.0 wrt norm     1.0
f_1[2]   error  0.0 wrt norm     1.0
f_1[3]   error  0.0 wrt norm     1.0

All rows are identical
*** test custom.step.clip passed
elapsed time = 0.9039463996887207 s for test custom.step.clip
~~~~~~~~~~~~~~~~~~~~~~~~~~~~~~~~~~~~~~~~~

~~~~~~~~~~~~~~~~~~~~~~~~~~~~~~~~~~~~~~~~~
dir = /hpc/data/cfd-students/nnoventa/regression_runs/cpu_pr623_1217183/examples/custom
test = custom.circle.set.fix
2000 
read 21 log entries
2000 
read 21 log entries
==== generating gold standard for test custom.circle.set.fix ====
==== comparing log.ab.custom.circle.set.fix with log.archive.24Sep26.ab.custom.circle.set.fix ====
Step     error  0.0 wrt norm     1.0
Np       error  0.0 wrt norm     1.0
Natt              error  0.0
Ncoll             error  0.0
Nscoll   error  0.0 wrt norm     1.0
Nscheck  error  0.0 wrt norm     1.0

All rows are identical
*** test custom.circle.set.fix passed
elapsed time = 0.8088552951812744 s for test custom.circle.set.fix
~~~~~~~~~~~~~~~~~~~~~~~~~~~~~~~~~~~~~~~~~

~~~~~~~~~~~~~~~~~~~~~~~~~~~~~~~~~~~~~~~~~
dir = /hpc/data/cfd-students/nnoventa/regression_runs/cpu_pr623_1217183/examples/custom
test = custom.step.read
500 1000 1500 
read 31 log entries
500 1000 1500 
read 31 log entries
==== generating gold standard for test custom.step.read ====
==== comparing log.ab.custom.step.read with log.archive.24Sep26.ab.custom.step.read ====
Step     error  0.0 wrt norm     1.0
Np       error  0.0 wrt norm     1.0
Natt              error  0.0
Ncoll             error  0.0
Nscoll   error  0.0 wrt norm     1.0
Nscheck  error  0.0 wrt norm     1.0
f_1[1]   error  0.0 wrt norm     1.0
f_1[2]   error  0.0 wrt norm     1.0
f_1[3]   error  0.0 wrt norm     1.0

All rows are identical
*** test custom.step.read passed
elapsed time = 1.1836779117584229 s for test custom.step.read
~~~~~~~~~~~~~~~~~~~~~~~~~~~~~~~~~~~~~~~~~

~~~~~~~~~~~~~~~~~~~~~~~~~~~~~~~~~~~~~~~~~
dir = /hpc/data/cfd-students/nnoventa/regression_runs/cpu_pr623_1217183/examples/custom
test = custom.circle.file
1000 2000 
read 21 log entries
1000 2000 
read 21 log entries
==== generating gold standard for test custom.circle.file ====
==== comparing log.ab.custom.circle.file with log.archive.24Sep26.ab.custom.circle.file ====
Step     error  0.0 wrt norm     1.0
Np       error  0.0 wrt norm     1.0
Natt              error  0.0
Ncoll             error  0.0
Nscoll   error  0.0 wrt norm     1.0
Nscheck  error  0.0 wrt norm     1.0

All rows are identical
*** test custom.circle.file passed
elapsed time = 0.8625273704528809 s for test custom.circle.file
~~~~~~~~~~~~~~~~~~~~~~~~~~~~~~~~~~~~~~~~~

~~~~~~~~~~~~~~~~~~~~~~~~~~~~~~~~~~~~~~~~~
dir = /hpc/data/cfd-students/nnoventa/regression_runs/cpu_pr623_1217183/examples/custom
test = custom.coarse.2d
10 
read 2 log entries
10 
read 2 log entries
==== generating gold standard for test custom.coarse.2d ====
==== comparing log.ab.custom.coarse.2d with log.archive.24Sep26.ab.custom.coarse.2d ====
Step     error  0.0 wrt norm     1.0
Np                error  0.0
Natt              error  0.0
Ncoll             error  0.0
c_temp            error  0.0

All rows are identical
*** test custom.coarse.2d passed
elapsed time = 0.7833425998687744 s for test custom.coarse.2d
~~~~~~~~~~~~~~~~~~~~~~~~~~~~~~~~~~~~~~~~~

~~~~~~~~~~~~~~~~~~~~~~~~~~~~~~~~~~~~~~~~~
dir = /hpc/data/cfd-students/nnoventa/regression_runs/cpu_pr623_1217183/examples/custom
test = custom.step.read.restart
1500 2000 
read 21 log entries
Traceback (most recent call last):
  File "/hpc/data/cfd-students/nnoventa/sparta/tools/testing/regression.py", line 613, in <module>
    msg = execute(test)
  File "/hpc/data/cfd-students/nnoventa/sparta/tools/testing/regression.py", line 428, in execute
    msg += run_test(test[1],lmp_args,descriptors[i])
  File "/hpc/data/cfd-students/nnoventa/sparta/tools/testing/regression.py", line 224, in run_test
    [passing,cdict,cdata,emsg] = extract_data(log,stdout);
  File "/hpc/data/cfd-students/nnoventa/sparta/tools/testing/regression.py", line 315, in extract_data
    data.append(lg.get(name))
  File "/hpc/data/cfd-students/nnoventa/sparta/tools/testing/olog.py", line 134, in get
    vecs[i][j] = self.data[j][map[i]]
IndexError: list index out of range
~~~~~~~~~~~~~~~~~~~~~~~~~~~~~~~~~~~~~~~~~
start:  Thu Sep 24 12:07:45 2026
ntests: 1
default descriptor: ab
default norm: L1
default tolerance: 0.05
default relative error: True
~~~~~~~~~~~~~~~~~~~~~~~~~~~~~~~~~~~~~~~~~

subdirs = ['free', 'optmove', 'tally_computes', 'surf', 'circle', 'adapt', 'bfield', 'flowfile', 'surf_react_heatflux', 'relax_const', 'paraview', 'chem_rates', 'spiky', 'fft', 'regions', 'python', 'shock_tube', 'qk', 'collide', 'adjust_temp', 'step', 'vibrate', 'surf_react_adsorb', 'surf_collide', 'vtk', 'jagged', 'ambi', 'chem', 'torque', 'variable_timestep', 'implicit', 'ambi_3body', 'custom', 'ablation', 'relax_variable', 'axi', 'cylinder', 'explicit2implicit', 'emit', 'mfp_mct', 'thermostat', 'sphere']

~~~~~~~~~~~~~~~~~~~~~~~~~~~~~~~~~~~~~~~~~
dir = /hpc/data/cfd-students/nnoventa/regression_runs/cpu_pr623_1217183/examples/cylinder
test = cylinder
