job        1217616.pbs60
date       2026-09-24T14:49:57+02:00
arch       h200
nodes      1
ranks      2 (2 per node, 1 per GPU)
nsteps     1000
npart      120000000
gpu_aware  1
balance    deck (rcb cell)
input      /hpc/data/cfd-students/nnoventa/sparta/nicola/input/in.sparta.gpu
commit     7fb3c7bd2978d271a2f91575735b56617b7d84e2
build      arch    h200 reduce  0 branch  master commit  2115ed93737525c90139f1854f05694bbf723553 date    2026-09-24T14:39:32+02:00 
exe        /hpc/data/cfd-students/nnoventa/sparta/install_h200/bin/spa_kokkos_cuda
hosts      an6004.cm.cluster 
GPU 0: NVIDIA H200 (UUID: GPU-847d9178-dc83-c4cd-93b8-f0a409ba7d96)
GPU 1: NVIDIA H200 (UUID: GPU-607c0ef0-a33c-c798-1583-e2d0ea897b7b)
Driver Version                            : 560.28.03
CUDA Version                              : 12.6
    Addressing Mode                       : None
    Addressing Mode                       : None
[LOG_CAT_SBGP] libnuma.so: cannot open shared object file: No such file or directory
[LOG_CAT_SBGP] Failed to dlopen libnuma.so. Fallback to GROUP_BY_SOCKET manual.
[LOG_CAT_SBGP] libnuma.so: cannot open shared object file: No such file or directory
[LOG_CAT_SBGP] Failed to dlopen libnuma.so. Fallback to GROUP_BY_SOCKET manual.
Kokkos::OpenMP::initialize WARNING: OMP_PROC_BIND environment variable not set
  In general, for best performance with OpenMP 4.0 or better set OMP_PROC_BIND=spread and OMP_PLACES=threads
  For best performance with OpenMP 3.1 set OMP_PROC_BIND=true
  For unit testing set OMP_PROC_BIND=false

MPI detected: For OpenMP binding to work as intended, MPI ranks must be bound to exclusive CPU sets.

SPARTA (27 Aug 2026)
KOKKOS mode is enabled (/hpc/data/cfd-students/nnoventa/sparta/src/KOKKOS/kokkos.cpp:50)
  requested 2 GPU(s) per node
  requested 1 thread(s) per MPI task
WARNING: When using a single thread, the Kokkos Serial backend (i.e. Makefile.kokkos_mpi_only) gives better performance than the OpenMP backend (/hpc/data/cfd-students/nnoventa/sparta/src/KOKKOS/kokkos.cpp:148)
Kokkos::OpenMP::initialize WARNING: OMP_PROC_BIND environment variable not set
  In general, for best performance with OpenMP 4.0 or better set OMP_PROC_BIND=spread and OMP_PLACES=threads
  For best performance with OpenMP 3.1 set OMP_PROC_BIND=true
  For unit testing set OMP_PROC_BIND=false

MPI detected: For OpenMP binding to work as intended, MPI ranks must be bound to exclusive CPU sets.

Running on 2 MPI task(s)
Created orthogonal box = (-0.002001 -1e-06 -1e-06) to (0.02801 0.003001 0.087501)
WARNING: Per-processor grid cell memory will be large because global gridcut < 0.0 (/hpc/data/cfd-students/nnoventa/sparta/src/grid.cpp:518)
Created 864000 child grid cells
  CPU time = 0.126215 secs
  create/ghost percent = 15.7237 84.2763
Balance grid migrated 432000 cells
  CPU time = 0.087168 secs
  reassign/sort/migrate/ghost percent = 19.0093 1.22879 27.7301 52.0318
Reading surface file ...
  80998 triangles
  clipped to 80998 tris
  -0.002 0.028 xlo xhi
  0 0.003 ylo yhi
  0 0.0875 zlo zhi
  0.000245331 min triangle edge length
  3.15715e-08 min triangle area
  43848 0 = cells overlapping surfs, overlap cells with unmarked corner pts
  25 tiny edges removed
  269352 550800 43848 = cells outside/inside/overlapping surfs
  43848 = surf cells with 1,2,etc splits
  2.72343750000309e-06 2.7234375e-06 = cell-wise and global flow volume
  CPU time = 0.423475 secs
  read/check/sort/surf2grid/ghost/inout/particle percent = 4.6129 7.87689 2.10834 48.189 37.2129 9.88859 0.000375465
  surf2grid time = 0.204068 secs
  map/comm1/comm2/comm3/comm4/split percent = 14.1101 2.40033 6.86515 2.33587 6.39331 63.5681
0 = initial surface count in group inlet
382 = final surface count in group inlet
0 = initial surface count in group outlet
690 = final surface count in group outlet
0 = initial surface count in group yminus
41336 = final surface count in group yminus
0 = initial surface count in group yplus
33810 = final surface count in group yplus
0 = initial surface count in group yplus_inlet
382 = final surface count in group yplus_inlet
0 = initial surface count in group yplus_inlet_wall
1314 = final surface count in group yplus_inlet_wall
0 = initial surface count in group yplus_outlet
718 = final surface count in group yplus_outlet
0 = initial surface count in group yplus_outlet_wall
1598 = final surface count in group yplus_outlet_wall
0 = initial surface count in group zminus
393 = final surface count in group zminus
0 = initial surface count in group zplus
375 = final surface count in group zplus
Creating particles ...
WARNING: Created unexpected # of particles: 119999540 versus 120000000 (/hpc/data/cfd-students/nnoventa/sparta/src/create_particles.cpp:445)
Created 119999540 particles
  CPU time = 16.9614 secs
Memory usage per proc in Mbytes:
  particles (ave,min,max) = 11282.7 11282.7 11282.7
  grid      (ave,min,max) = 305.546 305.533 305.559
  surf      (ave,min,max) = 20.309 20.309 20.309
  modify    (ave,min,max) = 112.061 112.061 112.061
  total     (ave,min,max) = 11720.6 11720.6 11720.6
Step CPU T/CPU S/CPU Dt Np Natt Ncoll Nbound Nexit c_temp 
       0            0            0            0        3e-09 119999540        0        0        0        0    300.01057 
     100     2.692685 1.1141289e-07    37.137616        3e-09 117876479  1751940   931827        0        0    297.69959 
     200    5.2692637 1.1643349e-07    38.811167        3e-09 115509287  1742441   898142        0        0    295.80908 
     300    7.8048146 1.1831749e-07    39.439162        3e-09 113105260  1706710   864856        0        0    294.34269 
     400    10.311002 1.1970373e-07    39.901244        3e-09 110711585  1660442   830382        0        0    293.23592 
     500    12.784445 1.2128842e-07    40.429473        3e-09 108343222  1611497   798368        0        0    292.50859 
     600    15.224169 1.2296471e-07     40.98824        3e-09 106009187  1561725   767576        0        0     292.0261 
     700    17.629044 1.247466e-07      41.5822        3e-09 103721497  1512891   738892        0        0    291.66134 
     800    20.002844 1.2637964e-07    42.126549        3e-09 101495311  1466841   714348        0        0    291.44387 
     900    22.339637 1.2838109e-07    42.793694        3e-09 99349790  1423546   690307        0        0    291.29534 
    1000    24.647821 1.2997231e-07    43.324106        3e-09 97297851  1383992   669501        0        0    291.22801 
Loop time of 25.0741 on 2 procs for 1000 steps with 97297851 particles
Performance: 39.882 timesteps/s, 3.880 Gparticle-step/s

MPI task timing breakdown:
Section |  min time  |  avg time  |  max time  |%varavg| %total
---------------------------------------------------------------
Move    | 18.096     | 18.342     | 18.589     |   5.8 | 73.15
Coll    | 2.2702     | 2.2735     | 2.2767     |   0.2 |  9.07
Sort    | 2.6766     | 2.6766     | 2.6767     |   0.0 | 10.67
Comm    | 0.31335    | 0.31356    | 0.31376    |   0.0 |  1.25
Modify  | 0.77544    | 0.77548    | 0.77553    |   0.0 |  3.09
Output  | 0.012261   | 0.012293   | 0.012325   |   0.0 |  0.05
MPI Sync| 0.0040966  | 0.25403    | 0.50396    |  49.6 |  1.01
Other   |            | 0.4262     |            |       |  1.70

Particle moves    = 108468109386 (108B)
Cells touched     = 33452538675 (33.5B)
Particle comms    = 3272998 (3.27M)
Boundary collides = 0 (0K)
Boundary exits    = 0 (0K)
SurfColl checks   = 81345125385 (81.3B)
SurfColl occurs   = 337229580 (337M)
Surf reactions    = 0 (0K)
Collide attempts  = 1593972954 (1.59B)
Collide occurs    = 804918971 (805M)
Gas reactions     = 0 (0K)
Particles stuck   = 0
Axisymm bad moves = 0

Particle-moves/CPUsec/proc: 2.16295e+09
Particle-moves/step: 1.08468e+08
Cell-touches/particle/step: 0.308409
Particle comm iterations/step: 2.546
Particle fraction communicated: 3.01747e-05
Particle fraction colliding with boundary: 0
Particle fraction exiting boundary: 0
Surface-checks/particle/step: 0.749945
Surface-collisions/particle/step: 0.00310902
Surface-reactions/particle/step: 0
Collision-attempts/particle/step: 0.0146953
Collisions/particle/step: 0.00742079
Gas-reactions/particle/step: 0

Particles: 4.86489e+07 ave 4.86495e+07 max 4.86484e+07 min
Histogram: 1 0 0 0 0 0 0 0 0 1
Cells:     432000 ave 432000 max 432000 min
Histogram: 2 0 0 0 0 0 0 0 0 0
GhostCell: 14400 ave 14400 max 14400 min
Histogram: 2 0 0 0 0 0 0 0 0 0
EmptyCell: 14400 ave 14400 max 14400 min
Histogram: 2 0 0 0 0 0 0 0 0 0
Surfs:     80998 ave 80998 max 80998 min
Histogram: 2 0 0 0 0 0 0 0 0 0
GhostSurf: 0 ave 0 max 0 min
Histogram: 2 0 0 0 0 0 0 0 0 0
sparta exit status: 0
