
[INFO] Loading modules
Unloading bitbucket
  WARNING: 'module-trace' command not implemented
Loading hpcx/2.17.1-gcc-8.5.0
  Loading requirement: zlib-ng/2.1.4-gcc-8.5.0 zstd/1.5.5-gcc-8.5.0 binutils/2.41-gcc-8.5.0
Loading cmake/3.27.7-gcc-8.5.0
  Loading requirement: nghttp2/1.57.0-gcc-8.5.0 openssl/3.1.3-gcc-8.5.0 curl/8.4.0-gcc-8.5.0 ncurses/6.4-gcc-8.5.0

[INFO] Compiler versions
gcc (GCC) 13.1.0
Build cuda_12.8.r12.8/compiler.35583870_0

[INFO] Configuring for h200_pr623
-- Setting policy CMP0074 to use <TPL>_ROOT variables
-- 
-- ****************** Begin SPARTA Settings ******************
-- Enabled packages
--   PKG_KOKKOS
-- 
-- Enabled TPLs
--   BUILD_MPI
--   BUILD_KOKKOS
-- 
-- Enabled extra options
--   SPARTA_MACHINE: kokkos_cuda
-- 
-- SPARTA_DEFAULT_CXX_COMPILE_FLAGS: -DSPARTA_KOKKOS;-DSPARTA_GZIP
-- SPARTA_CXX_COMPILE_FLAGS: 
-- Checking for old sparta build artifacts
-- Checking for old sparta build artifacts - done
-- ****************** End   SPARTA Settings ******************
-- 
-- KOKKOS: CUDA malloc async support disabled
-- KOKKOS: CUDA unified memory disabled
-- Setting default Kokkos CXX standard to 20
-- Kokkos version: 5.2.2
-- The project name is: Kokkos
-- Kokkos is configured for CMake languages CXX compilation (using NVIDIA version 12.8.93)
-- Using -std=c++20 for C++20 standard as feature
-- Built-in Execution Spaces:
--     Device Parallel: Kokkos::Cuda
--     Host Parallel: Kokkos::OpenMP
--       Host Serial: NONE
-- 
-- Architectures:
--  HOPPER90
-- Using bundled desul_atomics copy (desul/desul@83d26f34db50b4fefe30ed4db38b10e04c7a9384)
-- Using bundled mdspan copy (kokkos/mdspan@5d4eb209c77f4744980c0b0c2af44636cc81b08b)
-- Kokkos Backends: OPENMP;CUDA
-- Configuring done (3.7s)
-- Generating done (0.1s)
-- Build files have been written to: /hpc/data/cfd-students/nnoventa/sparta/build_h200_pr623

[INFO] Building
[  0%] Built target Kokkos_AlwaysCheckGit
[  0%] Built target impl_git_version
[  7%] Built target kokkoscore
[  8%] Built target kokkossimd
[  9%] Built target kokkosalgorithms
[ 10%] Built target kokkoscontainers
[ 10%] Built target sparta_kokkos_cuda_PRE_BUILD
[ 10%] Building CXX object src/KOKKOS/CMakeFiles/pkg_kokkos.dir/collide_vss_kokkos.cpp.o
[ 10%] Building CXX object src/KOKKOS/CMakeFiles/pkg_kokkos.dir/update_kokkos.cpp.o
Warning #20014-D: calling a __host__ function from a __host__ __device__ function is not allowed
          detected during:
            instantiation of "void Kokkos::Impl::ViewMapping<std::enable_if_t<<expression>, void>, SrcTraits, Args...>::assign(Kokkos::Impl::ViewMapping<DstTraits, void> &, const Kokkos::Impl::ViewMapping<SrcTraits, void> &, Args...) [with SrcTraits=Kokkos::ViewTraits<int *, Kokkos::Cuda::array_layout, DeviceType>, Args=<std::pair<int, int>>, DstTraits=Kokkos::ViewTraits<int *, Kokkos::Cuda::array_layout, Kokkos::Device<Kokkos::CudaSpace::execution_space, Kokkos::CudaSpace::memory_space>, Kokkos::MemoryTraits<0U>>]" at line 1033 of /hpc/data/cfd-students/nnoventa/sparta/lib/kokkos/core/src/View/Kokkos_ViewLegacy.hpp
            instantiation of "Kokkos::View<DataType, Properties...>::View(const Kokkos::View<RT, RP...> &, Arg0, Args...) [with DataType=int *, Properties=<Kokkos::Cuda::array_layout, Kokkos::Device<Kokkos::CudaSpace::execution_space, Kokkos::CudaSpace::memory_space>, Kokkos::MemoryTraits<0U>>, RT=int *, RP=<Kokkos::Cuda::array_layout, DeviceType>, Arg0=std::pair<int, int>, Args=<>]" at line 1495 of /hpc/data/cfd-students/nnoventa/sparta/lib/kokkos/core/src/View/Kokkos_ViewLegacy.hpp

Remark: The warnings can be suppressed with "-diag-suppress <warning-number>"

Warning #20014-D: calling a __host__ function from a __host__ __device__ function is not allowed
          detected during:
            instantiation of "void Kokkos::Impl::ViewMapping<std::enable_if_t<<expression>, void>, SrcTraits, Args...>::assign(Kokkos::Impl::ViewMapping<DstTraits, void> &, const Kokkos::Impl::ViewMapping<SrcTraits, void> &, Args...) [with SrcTraits=Kokkos::ViewTraits<int *, Kokkos::Cuda::array_layout, Kokkos::Device<Kokkos::HostSpace::execution_space, Kokkos::HostSpace::memory_space>>, Args=<std::pair<int, int>>, DstTraits=Kokkos::ViewTraits<int *, Kokkos::Cuda::array_layout, Kokkos::Device<Kokkos::HostSpace::execution_space, Kokkos::HostSpace::memory_space>, Kokkos::MemoryTraits<0U>>]" at line 1033 of /hpc/data/cfd-students/nnoventa/sparta/lib/kokkos/core/src/View/Kokkos_ViewLegacy.hpp
            instantiation of "Kokkos::View<DataType, Properties...>::View(const Kokkos::View<RT, RP...> &, Arg0, Args...) [with DataType=int *, Properties=<Kokkos::LayoutLeft, Kokkos::Device<Kokkos::HostSpace::execution_space, Kokkos::HostSpace::memory_space>, Kokkos::MemoryTraits<0U>>, RT=int *, RP=<Kokkos::Cuda::array_layout, Kokkos::Device<Kokkos::HostSpace::execution_space, Kokkos::HostSpace::memory_space>>, Arg0=std::pair<int, int>, Args=<>]" at line 292 of /hpc/data/cfd-students/nnoventa/sparta/lib/kokkos/containers/src/Kokkos_DualView.hpp
            instantiation of "Kokkos::DualView<DataType, Properties...>::DualView(const Kokkos::DualView<DT, DP...> &, const Arg0 &, Args...) [with DataType=int *, Properties=<Kokkos::Cuda::array_layout, Kokkos::Device<Kokkos::CudaSpace::execution_space, Kokkos::CudaSpace::memory_space>, Kokkos::MemoryTraits<0U>>, DT=int *, DP=<Kokkos::Cuda::array_layout, DeviceType>, Arg0=std::pair<int, int>, Args=<>]" at line 1166 of /hpc/data/cfd-students/nnoventa/sparta/lib/kokkos/containers/src/Kokkos_DualView.hpp

/hpc/data/cfd-students/nnoventa/sparta/lib/kokkos/core/src/View/Kokkos_ViewMapping.hpp(3219): warning #20011-D: calling a __host__ function("Kokkos::Impl::SubviewExtents<(unsigned int)1u, (unsigned int)1u> ::SubviewExtents<(unsigned long)0ul ,     ::std::pair<int, int>  > (const  ::Kokkos::Impl::ViewDimension<T1 >  &, T2...)") from a __host__ __device__ function("Kokkos::Impl::ViewMapping<void,  ::Kokkos::ViewTraits<int *,  ::Kokkos::LayoutLeft,  ::Kokkos::Cuda > ,     ::std::pair<int, int>  > ::assign< ::Kokkos::ViewTraits<int *,  ::Kokkos::LayoutLeft,  ::Kokkos::Device< ::Kokkos::Cuda,  ::Kokkos::CudaSpace> ,  ::Kokkos::MemoryTraits<(unsigned int)0u>  > > ") is not allowed

/hpc/data/cfd-students/nnoventa/sparta/lib/kokkos/core/src/View/Kokkos_ViewMapping.hpp(3219): warning #20011-D: calling a __host__ function("Kokkos::Impl::SubviewExtents<(unsigned int)1u, (unsigned int)1u> ::SubviewExtents<(unsigned long)0ul ,     ::std::pair<int, int>  > (const  ::Kokkos::Impl::ViewDimension<T1 >  &, T2...)") from a __host__ __device__ function("Kokkos::Impl::ViewMapping<void,  ::Kokkos::ViewTraits<int *,  ::Kokkos::LayoutLeft,  ::Kokkos::Device< ::Kokkos::OpenMP,  ::Kokkos::HostSpace>  > ,     ::std::pair<int, int>  > ::assign< ::Kokkos::ViewTraits<int *,  ::Kokkos::LayoutLeft,  ::Kokkos::Device< ::Kokkos::OpenMP,  ::Kokkos::HostSpace> ,  ::Kokkos::MemoryTraits<(unsigned int)0u>  > > ") is not allowed

/hpc/data/cfd-students/nnoventa/sparta/src/KOKKOS/update_kokkos.h(540): warning #20011-D: calling a __host__ function("SPARTA_NS::KKCopy< ::SPARTA_NS::GridKokkos> ::KKCopy(const SPARTA_NS::KKCopy< ::SPARTA_NS::GridKokkos> &)") from a __host__ __device__ function("SPARTA_NS::UpdateKokkos::UpdateKokkos") is not allowed

/hpc/data/cfd-students/nnoventa/sparta/src/KOKKOS/update_kokkos.h(540): warning #20011-D: calling a __host__ function("SPARTA_NS::KKCopy< ::SPARTA_NS::DomainKokkos> ::KKCopy(const SPARTA_NS::KKCopy< ::SPARTA_NS::DomainKokkos> &)") from a __host__ __device__ function("SPARTA_NS::UpdateKokkos::UpdateKokkos") is not allowed

/hpc/data/cfd-students/nnoventa/sparta/src/KOKKOS/collide_vss_kokkos.cpp(4731): warning #20011-D: calling a __host__ function("SPARTA_NS::KKCopy< ::SPARTA_NS::GridKokkos> ::KKCopy(const SPARTA_NS::KKCopy< ::SPARTA_NS::GridKokkos> &)") from a __host__ __device__ function("SPARTA_NS::CollideVSSKokkos::CollideVSSKokkos") is not allowed

Remark: The warnings can be suppressed with "-diag-suppress <warning-number>"

/hpc/data/cfd-students/nnoventa/sparta/src/KOKKOS/collide_vss_kokkos.cpp(4731): warning #20011-D: calling a __host__ function("SPARTA_NS::KKCopy< ::SPARTA_NS::ReactTCEKokkos> ::KKCopy(const SPARTA_NS::KKCopy< ::SPARTA_NS::ReactTCEKokkos> &)") from a __host__ __device__ function("SPARTA_NS::CollideVSSKokkos::CollideVSSKokkos") is not allowed

/hpc/data/cfd-students/nnoventa/sparta/src/KOKKOS/collide_vss_kokkos.cpp(4731): warning #20011-D: calling a __host__ function("SPARTA_NS::KKCopy< ::SPARTA_NS::ReactQKKokkos> ::KKCopy(const SPARTA_NS::KKCopy< ::SPARTA_NS::ReactQKKokkos> &)") from a __host__ __device__ function("SPARTA_NS::CollideVSSKokkos::CollideVSSKokkos") is not allowed

/hpc/data/cfd-students/nnoventa/sparta/src/KOKKOS/collide_vss_kokkos.cpp(4731): warning #20011-D: calling a __host__ function("SPARTA_NS::KKCopy< ::SPARTA_NS::ReactTCEQKKokkos> ::KKCopy(const SPARTA_NS::KKCopy< ::SPARTA_NS::ReactTCEQKKokkos> &)") from a __host__ __device__ function("SPARTA_NS::CollideVSSKokkos::CollideVSSKokkos") is not allowed

