job        1216425.pbs60
date       2026-09-24T09:24:24+02:00
arch       h200
nodes      1
ranks      1 (1 per node, 1 per GPU)
nsteps     1000
npart      120000000
gpu_aware  1
balance    deck (rcb cell)
input      /hpc/data/cfd-students/nnoventa/sparta/nicola/input/in.sparta.gpu
commit     8bdbafd2acb62cebcecdec90903b2b3f26b10aec
build      arch    h200 commit  45125d690e6b7979ea7b79e6885099c916b25e10 date    2026-09-22T13:58:48+02:00 
exe        /hpc/data/cfd-students/nnoventa/sparta/install_h200/bin/spa_kokkos_cuda
hosts      an6008.cm.cluster 
GPU 0: NVIDIA H200 (UUID: GPU-29a1d19e-a886-c3f7-430e-b800676f470f)
Driver Version                            : 560.28.03
CUDA Version                              : 12.6
    Addressing Mode                       : None
SPARTA (27 Aug 2026)
KOKKOS mode is enabled (/hpc/data/cfd-students/nnoventa/sparta/src/KOKKOS/kokkos.cpp:50)
  requested 1 GPU(s) per node
  requested 1 thread(s) per MPI task
WARNING: When using a single thread, the Kokkos Serial backend (i.e. Makefile.kokkos_mpi_only) gives better performance than the OpenMP backend (/hpc/data/cfd-students/nnoventa/sparta/src/KOKKOS/kokkos.cpp:148)
Kokkos::OpenMP::initialize WARNING: OMP_PROC_BIND environment variable not set
  In general, for best performance with OpenMP 4.0 or better set OMP_PROC_BIND=spread and OMP_PLACES=threads
  For best performance with OpenMP 3.1 set OMP_PROC_BIND=true
  For unit testing set OMP_PROC_BIND=false

MPI detected: For OpenMP binding to work as intended, MPI ranks must be bound to exclusive CPU sets.

Running on 1 MPI task(s)
Created orthogonal box = (-0.002001 -1e-06 -1e-06) to (0.02801 0.003001 0.087501)
Created 864000 child grid cells
  CPU time = 0.134595 secs
  create/ghost percent = 28.3324 71.6676
Balance grid migrated 0 cells
  CPU time = 0.102966 secs
  reassign/sort/migrate/ghost percent = 13.8802 1.28194 4.15514 80.6827
Reading surface file ...
  80998 triangles
  clipped to 80998 tris
  -0.002 0.028 xlo xhi
  0 0.003 ylo yhi
  0 0.0875 zlo zhi
  0.000245331 min triangle edge length
  3.15715e-08 min triangle area
  43848 0 = cells overlapping surfs, overlap cells with unmarked corner pts
  25 tiny edges removed
  269352 550800 43848 = cells outside/inside/overlapping surfs
  43848 = surf cells with 1,2,etc splits
  2.72343749998582e-06 2.7234375e-06 = cell-wise and global flow volume
  CPU time = 0.726926 secs
  read/check/sort/surf2grid/ghost/inout/particle percent = 2.95698 4.08573 1.83804 52.1366 38.9827 9.1099 0.0001582
  surf2grid time = 0.378994 secs
  map/comm1/comm2/comm3/comm4/split percent = 13.5751 1.40871 6.59635 4.38925 3.3169 67.4502
0 = initial surface count in group inlet
382 = final surface count in group inlet
0 = initial surface count in group outlet
690 = final surface count in group outlet
0 = initial surface count in group yminus
41336 = final surface count in group yminus
0 = initial surface count in group yplus
33810 = final surface count in group yplus
0 = initial surface count in group yplus_inlet
382 = final surface count in group yplus_inlet
0 = initial surface count in group yplus_inlet_wall
1314 = final surface count in group yplus_inlet_wall
0 = initial surface count in group yplus_outlet
718 = final surface count in group yplus_outlet
0 = initial surface count in group yplus_outlet_wall
1598 = final surface count in group yplus_outlet_wall
0 = initial surface count in group zminus
393 = final surface count in group zminus
0 = initial surface count in group zplus
375 = final surface count in group zplus
Creating particles ...
WARNING: Created unexpected # of particles: 119999532 versus 120000000 (/hpc/data/cfd-students/nnoventa/sparta/src/create_particles.cpp:445)
Created 119999532 particles
  CPU time = 27.3025 secs
Memory usage per proc in Mbytes:
  particles (ave,min,max) = 24185.5 24185.5 24185.5
  grid      (ave,min,max) = 360.833 360.833 360.833
  surf      (ave,min,max) = 20.309 20.309 20.309
  modify    (ave,min,max) = 224.121 224.121 224.121
  total     (ave,min,max) = 24790.8 24790.8 24790.8
Step CPU T/CPU S/CPU Dt Np Natt Ncoll Nbound Nexit c_temp 
       0            0            0            0        3e-09 119999532        0        0        0        0    300.03038 
     100    21.895299 1.370157e-08    4.5671898        3e-09 117874821  1754791   934690        0        0    297.68815 
     200    43.226739 1.4063749e-08    4.6879163        3e-09 115500466  1744608   899289        0        0    295.77952 
     300    64.126681 1.4354106e-08    4.7847021        3e-09 113093579  1707945   863726        0        0    294.19014 
     400    84.655675 1.4613478e-08    4.8711592        3e-09 110696091  1661438   830944        0        0    293.10312 
     500     104.7014 1.4965786e-08    4.9885953        3e-09 108324652  1611873   797748        0        0    292.39406 
     600    124.49014 1.5160138e-08    5.0533793        3e-09 105987136  1562223   767836        0        0     291.8986 
     700    143.67733 1.5635425e-08    5.2118084        3e-09 103697074  1512771   739452        0        0    291.60728 
     800    162.45802 1.5973861e-08    5.3246204        3e-09 101472951  1466841   714100        0        0    291.38155 
     900    180.97662 1.6199928e-08     5.399976        3e-09 99330445  1424218   690340        0        0    291.25075 
    1000    199.00276 1.6642496e-08    5.5474988        3e-09 97281225  1384531   668921        0        0    291.17039 
Loop time of 199.003 on 1 procs for 1000 steps with 97281225 particles
Performance: 5.025 timesteps/s, 488.844 Mparticle-step/s

MPI task timing breakdown:
Section |  min time  |  avg time  |  max time  |%varavg| %total
---------------------------------------------------------------
Move    | 181.83     | 181.83     | 181.83     |   0.0 | 91.37
Coll    | 5.5486     | 5.5486     | 5.5486     |   0.0 |  2.79
Sort    | 5.8865     | 5.8865     | 5.8865     |   0.0 |  2.96
Comm    | 0.14091    | 0.14091    | 0.14091    |   0.0 |  0.07
Modify  | 1.0285     | 1.0285     | 1.0285     |   0.0 |  0.52
Output  | 4.5724     | 4.5724     | 4.5724     |   0.0 |  2.30
MPI Sync| 7.1178e-05 | 7.1178e-05 | 7.1178e-05 |   0.0 |  0.00
Other   |            | 0.0001541  |            |       |  0.00

Particle moves    = 108477815354 (108B)
Cells touched     = 121237431289 (121B)
Particle comms    = 0 (0K)
Boundary collides = 0 (0K)
Boundary exits    = 0 (0K)
SurfColl checks   = 81359032899 (81.4B)
SurfColl occurs   = 337367322 (337M)
Surf reactions    = 0 (0K)
Collide attempts  = 1594790143 (1.59B)
Collide occurs    = 805064813 (805M)
Gas reactions     = 0 (0K)
Particles stuck   = 0
Axisymm bad moves = 0

Particle-moves/CPUsec/proc: 5.45107e+08
Particle-moves/step: 1.08478e+08
Cell-touches/particle/step: 1.11762
Particle comm iterations/step: 1
Particle fraction communicated: 0
Particle fraction colliding with boundary: 0
Particle fraction exiting boundary: 0
Surface-checks/particle/step: 0.750006
Surface-collisions/particle/step: 0.00311001
Surface-reactions/particle/step: 0
Collision-attempts/particle/step: 0.0147015
Collisions/particle/step: 0.00742147
Gas-reactions/particle/step: 0

Particles: 9.72812e+07 ave 9.72812e+07 max 9.72812e+07 min
Histogram: 1 0 0 0 0 0 0 0 0 0
Cells:     864000 ave 864000 max 864000 min
Histogram: 1 0 0 0 0 0 0 0 0 0
GhostCell: 0 ave 0 max 0 min
Histogram: 1 0 0 0 0 0 0 0 0 0
EmptyCell: 0 ave 0 max 0 min
Histogram: 1 0 0 0 0 0 0 0 0 0
Surfs:     80998 ave 80998 max 80998 min
Histogram: 1 0 0 0 0 0 0 0 0 0
GhostSurf: 0 ave 0 max 0 min
Histogram: 1 0 0 0 0 0 0 0 0 0
sparta exit status: 0
