job        1216486.pbs60
date       2026-09-24T10:09:27+02:00
arch       h200
nodes      1
ranks      1 (1 per node, 1 per GPU)
nsteps     1000
npart      120000000
gpu_aware  1
balance    deck (rcb cell)
input      /hpc/data/cfd-students/nnoventa/sparta/nicola/input/in.sparta.gpu
commit     0d744348e714f85f7da89eea57aad5b04877af85
build      arch    h200_pr623 reduce  0 branch  try-pr623 commit  cc1f923ec08392e77ccf5a54dcfee8bdd01b4e46 date    2026-09-24T10:07:12+02:00 
exe        /hpc/data/cfd-students/nnoventa/sparta/install_h200_pr623/bin/spa_kokkos_cuda
hosts      an6008.cm.cluster 
GPU 0: NVIDIA H200 (UUID: GPU-29a1d19e-a886-c3f7-430e-b800676f470f)
Driver Version                            : 560.28.03
CUDA Version                              : 12.6
    Addressing Mode                       : None
SPARTA (27 Aug 2026)
KOKKOS mode is enabled (/hpc/data/cfd-students/nnoventa/sparta/src/KOKKOS/kokkos.cpp:50)
  requested 1 GPU(s) per node
  requested 1 thread(s) per MPI task
WARNING: When using a single thread, the Kokkos Serial backend (i.e. Makefile.kokkos_mpi_only) gives better performance than the OpenMP backend (/hpc/data/cfd-students/nnoventa/sparta/src/KOKKOS/kokkos.cpp:148)
Kokkos::OpenMP::initialize WARNING: OMP_PROC_BIND environment variable not set
  In general, for best performance with OpenMP 4.0 or better set OMP_PROC_BIND=spread and OMP_PLACES=threads
  For best performance with OpenMP 3.1 set OMP_PROC_BIND=true
  For unit testing set OMP_PROC_BIND=false

MPI detected: For OpenMP binding to work as intended, MPI ranks must be bound to exclusive CPU sets.

Running on 1 MPI task(s)
Created orthogonal box = (-0.002001 -1e-06 -1e-06) to (0.02801 0.003001 0.087501)
Created 864000 child grid cells
  CPU time = 0.134573 secs
  create/ghost percent = 28.1505 71.8495
Balance grid migrated 0 cells
  CPU time = 0.102297 secs
  reassign/sort/migrate/ghost percent = 13.9302 1.3162 4.12584 80.6277
Reading surface file ...
  80998 triangles
  clipped to 80998 tris
  -0.002 0.028 xlo xhi
  0 0.003 ylo yhi
  0 0.0875 zlo zhi
  0.000245331 min triangle edge length
  3.15715e-08 min triangle area
  43848 0 = cells overlapping surfs, overlap cells with unmarked corner pts
  25 tiny edges removed
  269352 550800 43848 = cells outside/inside/overlapping surfs
  43848 = surf cells with 1,2,etc splits
  2.72343749998582e-06 2.7234375e-06 = cell-wise and global flow volume
  CPU time = 0.73062 secs
  read/check/sort/surf2grid/ghost/inout/particle percent = 2.47189 4.09794 1.82382 52.251 39.3554 9.08333 0.000465358
  surf2grid time = 0.381756 secs
  map/comm1/comm2/comm3/comm4/split percent = 12.4448 1.43823 6.46333 3.33082 4.10677 68.1386
0 = initial surface count in group inlet
382 = final surface count in group inlet
0 = initial surface count in group outlet
690 = final surface count in group outlet
0 = initial surface count in group yminus
41336 = final surface count in group yminus
0 = initial surface count in group yplus
33810 = final surface count in group yplus
0 = initial surface count in group yplus_inlet
382 = final surface count in group yplus_inlet
0 = initial surface count in group yplus_inlet_wall
1314 = final surface count in group yplus_inlet_wall
0 = initial surface count in group yplus_outlet
718 = final surface count in group yplus_outlet
0 = initial surface count in group yplus_outlet_wall
1598 = final surface count in group yplus_outlet_wall
0 = initial surface count in group zminus
393 = final surface count in group zminus
0 = initial surface count in group zplus
375 = final surface count in group zplus
Creating particles ...
WARNING: Created unexpected # of particles: 119999532 versus 120000000 (/hpc/data/cfd-students/nnoventa/sparta/src/create_particles.cpp:445)
Created 119999532 particles
  CPU time = 27.3465 secs
Memory usage per proc in Mbytes:
  particles (ave,min,max) = 24185.5 24185.5 24185.5
  grid      (ave,min,max) = 360.833 360.833 360.833
  surf      (ave,min,max) = 20.309 20.309 20.309
  modify    (ave,min,max) = 224.121 224.121 224.121
  total     (ave,min,max) = 24790.8 24790.8 24790.8
Step CPU T/CPU S/CPU Dt Np Natt Ncoll Nbound Nexit c_temp 
       0            0            0            0        3e-09 119999532        0        0        0        0    300.03038 
     100    5.0020206 5.9975738e-08    19.991909        3e-09 117876555  1754945   935433        0        0    297.71408 
     200    9.9018362 6.1226803e-08    20.408935        3e-09 115499564  1744763   898604        0        0    295.75028 
     300    14.736456 6.2052455e-08    20.684151        3e-09 113094787  1708258   863368        0        0    294.18706 
     400     19.50474 6.2915705e-08    20.971902        3e-09 110695716  1661399   829334        0        0    293.10044 
     500    24.204345 6.3835159e-08    21.278387        3e-09 108323978  1612027   798404        0        0    292.38785 
     600    28.844443 6.4653791e-08    21.551263        3e-09 105989174  1561992   768564        0        0    291.94563 
     700    33.422254 6.5533512e-08    21.844505        3e-09 103702663  1513147   739964        0        0    291.61683 
     800    37.935366 6.6472974e-08    22.157659        3e-09 101479585  1466764   713969        0        0      291.396 
     900    42.387448 6.7384215e-08    22.461403        3e-09 99333113  1423562   691144        0        0    291.23557 
    1000    46.778189 6.8325583e-08    22.775195        3e-09 97281953  1384214   669926        0        0    291.20593 
Loop time of 47.2374 on 1 procs for 1000 steps with 97281953 particles
Performance: 21.170 timesteps/s, 2.059 Gparticle-step/s

MPI task timing breakdown:
Section |  min time  |  avg time  |  max time  |%varavg| %total
---------------------------------------------------------------
Move    | 36.311     | 36.311     | 36.311     |   0.0 | 76.87
Coll    | 4.2732     | 4.2732     | 4.2732     |   0.0 |  9.05
Sort    | 5.2916     | 5.2916     | 5.2916     |   0.0 | 11.20
Comm    | 0.123      | 0.123      | 0.123      |   0.0 |  0.26
Modify  | 0.75508    | 0.75508    | 0.75508    |   0.0 |  1.60
Output  | 0.02404    | 0.02404    | 0.02404    |   0.0 |  0.05
MPI Sync| 3.704e-05  | 3.704e-05  | 3.704e-05  |   0.0 |  0.00
Other   |            | 0.4593     |            |       |  0.97

Particle moves    = 108479718422 (108B)
Cells touched     = 33460924093 (33.5B)
Particle comms    = 0 (0K)
Boundary collides = 0 (0K)
Boundary exits    = 0 (0K)
SurfColl checks   = 81366026804 (81.4B)
SurfColl occurs   = 337358630 (337M)
Surf reactions    = 0 (0K)
Collide attempts  = 1594824158 (1.59B)
Collide occurs    = 805095913 (805M)
Gas reactions     = 0 (0K)
Particles stuck   = 0
Axisymm bad moves = 0

Particle-moves/CPUsec/proc: 2.29648e+09
Particle-moves/step: 1.0848e+08
Cell-touches/particle/step: 0.308453
Particle comm iterations/step: 1
Particle fraction communicated: 0
Particle fraction colliding with boundary: 0
Particle fraction exiting boundary: 0
Surface-checks/particle/step: 0.750058
Surface-collisions/particle/step: 0.00310988
Surface-reactions/particle/step: 0
Collision-attempts/particle/step: 0.0147016
Collisions/particle/step: 0.00742163
Gas-reactions/particle/step: 0

Particles: 9.7282e+07 ave 9.7282e+07 max 9.7282e+07 min
Histogram: 1 0 0 0 0 0 0 0 0 0
Cells:     864000 ave 864000 max 864000 min
Histogram: 1 0 0 0 0 0 0 0 0 0
GhostCell: 0 ave 0 max 0 min
Histogram: 1 0 0 0 0 0 0 0 0 0
EmptyCell: 0 ave 0 max 0 min
Histogram: 1 0 0 0 0 0 0 0 0 0
Surfs:     80998 ave 80998 max 80998 min
Histogram: 1 0 0 0 0 0 0 0 0 0
GhostSurf: 0 ave 0 max 0 min
Histogram: 1 0 0 0 0 0 0 0 0 0
sparta exit status: 0
