HOST=an6006
COMMIT=f4d5bf0017a72f7ae712784dd05eb6f2fe34b57f
EXE=/hpc/data/cfd-students/nnoventa/sparta/install_h200/bin/spa_kokkos_cuda
BUILD=arch    h200 commit  13f59fe7a7d2a2bc3c1eeee7d4fc2228538af078 date    2026-09-22T13:09:48+02:00 
INPUT=/hpc/data/cfd-students/nnoventa/sparta/nicola/input/in.sparta.gpu
RUNDIR=/hpc/data/cfd-students/nnoventa/sparta/nicola/results/sparta_h200_1211776
NPART=30000000 NSTEPS=10000
GPU 0: NVIDIA H200 (UUID: GPU-f89eb344-d7ff-03d0-d27f-4895ffb9493b)
SPARTA (27 Aug 2026)
KOKKOS mode is enabled (/hpc/data/cfd-students/nnoventa/sparta/src/KOKKOS/kokkos.cpp:50)
  requested 1 GPU(s) per node
  requested 1 thread(s) per MPI task
WARNING: When using a single thread, the Kokkos Serial backend (i.e. Makefile.kokkos_mpi_only) gives better performance than the OpenMP backend (/hpc/data/cfd-students/nnoventa/sparta/src/KOKKOS/kokkos.cpp:148)
Kokkos::OpenMP::initialize WARNING: OMP_PROC_BIND environment variable not set
  In general, for best performance with OpenMP 4.0 or better set OMP_PROC_BIND=spread and OMP_PLACES=threads
  For best performance with OpenMP 3.1 set OMP_PROC_BIND=true
  For unit testing set OMP_PROC_BIND=false

MPI detected: For OpenMP binding to work as intended, MPI ranks must be bound to exclusive CPU sets.

Running on 1 MPI task(s)
Created orthogonal box = (-0.002001 -1e-06 -1e-06) to (0.02801 0.003001 0.087501)
Created 864000 child grid cells
  CPU time = 0.135217 secs
  create/ghost percent = 28.2795 71.7205
Balance grid migrated 0 cells
  CPU time = 0.105354 secs
  reassign/sort/migrate/ghost percent = 13.0882 1.25994 4.04663 81.6053
Reading surface file ...
  80998 triangles
  clipped to 80998 tris
  -0.002 0.028 xlo xhi
  0 0.003 ylo yhi
  0 0.0875 zlo zhi
  0.000245331 min triangle edge length
  3.15715e-08 min triangle area
  43848 0 = cells overlapping surfs, overlap cells with unmarked corner pts
  25 tiny edges removed
  269352 550800 43848 = cells outside/inside/overlapping surfs
  43848 = surf cells with 1,2,etc splits
  2.72343749998582e-06 2.7234375e-06 = cell-wise and global flow volume
  CPU time = 0.716342 secs
  read/check/sort/surf2grid/ghost/inout/particle percent = 2.45094 4.12692 1.87001 52.0841 39.4681 9.2069 0.000654716
  surf2grid time = 0.3731 secs
  map/comm1/comm2/comm3/comm4/split percent = 12.7387 1.43292 6.68654 1.54323 6.60576 67.973
0 = initial surface count in group inlet
382 = final surface count in group inlet
0 = initial surface count in group outlet
690 = final surface count in group outlet
0 = initial surface count in group yminus
41336 = final surface count in group yminus
0 = initial surface count in group yplus
33810 = final surface count in group yplus
0 = initial surface count in group yplus_inlet
382 = final surface count in group yplus_inlet
0 = initial surface count in group yplus_inlet_wall
1314 = final surface count in group yplus_inlet_wall
0 = initial surface count in group yplus_outlet
718 = final surface count in group yplus_outlet
0 = initial surface count in group yplus_outlet_wall
1598 = final surface count in group yplus_outlet_wall
0 = initial surface count in group zminus
393 = final surface count in group zminus
0 = initial surface count in group zplus
375 = final surface count in group zplus
Creating particles ...
WARNING: Created unexpected # of particles: 29999752 versus 30000000 (/hpc/data/cfd-students/nnoventa/sparta/src/create_particles.cpp:445)
Created 29999752 particles
  CPU time = 6.79712 secs
Memory usage per proc in Mbytes:
  particles (ave,min,max) = 5789.82 5789.82 5789.82
  grid      (ave,min,max) = 360.833 360.833 360.833
  surf      (ave,min,max) = 20.309 20.309 20.309
  modify    (ave,min,max) = 224.121 224.121 224.121
  total     (ave,min,max) = 6395.08 6395.08 6395.08
Step CPU T/CPU S/CPU Dt Np Natt Ncoll Nbound Nexit c_temp 
       0            0            0            0        3e-09 29999752        0        0        0        0    300.07997 
     100    5.5494008 5.4059875e-08    18.019955        3e-09 29935136    94798    59854        0        0     298.9958 
     200    11.053844 5.4501418e-08     18.16714        3e-09 29857392    99738    59873        0        0    298.15087 
     300    16.547486 5.4608591e-08    18.202864        3e-09 29768020   101828    59270        0        0    297.33994 
     400    22.026864 5.4750741e-08    18.250247        3e-09 29673271   103210    59183        0        0    296.74586 
     500    27.497434 5.4838889e-08    18.279629        3e-09 29571873   103649    58620        0        0    296.29204 
     600    32.947953 5.5040633e-08    18.346878        3e-09 29462731   104455    58251        0        0    295.94305 
     700    38.378671 5.5241315e-08    18.413772        3e-09 29346624   104609    57984        0        0    295.67198 
     800    43.790141 5.5437792e-08    18.479262        3e-09 29222078   105022    57867        0        0    295.40739 
     900    49.179447  5.56658e-08    18.555268        3e-09 29091661   104533    57085        0        0    295.20294 
    1000    54.545183 5.5910317e-08    18.636772        3e-09 28956648   104818    57029        0        0    295.00347 
    1100    59.888506 5.6144841e-08    18.714947        3e-09 28820839   104330    56532        0        0    294.80144 
    1200    65.209064 5.6385063e-08     18.79502        3e-09 28687138   103840    55903        0        0       294.67 
    1300    70.507481 5.6620682e-08    18.873561        3e-09 28558220   103926    55631        0        0    294.63617 
    1400    75.782938 5.6867113e-08    18.955705        3e-09 28438518   103219    55283        0        0    294.65061 
    1500    81.039646 5.7069943e-08    19.023314        3e-09 28327029   103979    55665        0        0    294.74434 
    1600    86.279174 5.7257063e-08    19.085687        3e-09 28225387   102580    54781        0        0    294.92821 
    1700    91.502874 5.7430553e-08    19.143518        3e-09 28133057   102236    54213        0        0    295.06871 
    1800    96.712431 5.7586472e-08    19.195491        3e-09 28053828   102588    54317        0        0    295.32017 
    1900    101.91085 5.7709802e-08    19.236601        3e-09 27982672   102203    54011        0        0    295.47132 
    2000    107.09702 5.784624e-08    19.282079        3e-09 27917823   102596    54001        0        0    295.65942 
    2100    112.27363 5.7952909e-08    19.317637        3e-09 27862214   102274    53727        0        0    295.91587 
    2200    117.44324 5.8031518e-08    19.343839        3e-09 27811710   102680    53543        0        0    296.13803 
    2300    122.60551 5.8113924e-08    19.371309        3e-09 27768374   101813    53609        0        0    296.38669 
    2400    127.76138 5.8186087e-08    19.395362        3e-09 27730293   102355    53460        0        0    296.60627 
    2500    132.91092 5.825768e-08    19.419226        3e-09 27694775   101723    53424        0        0    296.83411 
    2600    138.05585 5.8309855e-08    19.436619        3e-09 27664294   102651    53396        0        0    297.02216 
    2700    143.19674 5.8355589e-08    19.451863        3e-09 27638463   102141    53007        0        0    297.21564 
    2800    148.33353 5.8402229e-08    19.467409        3e-09 27614042   101675    52900        0        0    297.38483 
    2900      153.466 5.8451437e-08    19.483813        3e-09 27591913   102426    53302        0        0    297.55751 
    3000    158.59521 5.8488585e-08    19.496194        3e-09 27570114   102627    52923        0        0    297.70341 
    3100    163.72063 5.8531744e-08    19.510582        3e-09 27550028   102295    52864        0        0    297.82587 
    3200    168.84268 5.8570326e-08    19.523442        3e-09 27528206   102178    52847        0        0    297.98868 
    3300    173.96055 5.8618156e-08    19.539385        3e-09 27505307   102298    52655        0        0    298.06989 
    3400    179.07401 5.8668673e-08    19.556224        3e-09 27481802   102108    52773        0        0    298.25189 
    3500    184.18405 5.8707948e-08    19.569316        3e-09 27462817   102519    52844        0        0    298.37337 
    3600    189.28985 5.8756667e-08    19.585555        3e-09 27440672   101794    52497        0        0    298.44297 
    3700    194.39209 5.8797742e-08    19.599248        3e-09 27420387   102424    52752        0        0    298.48931 
    3800    199.49146 5.8830791e-08    19.610264        3e-09 27400631   102245    52266        0        0    298.46407 
terminate called after throwing an instance of 'Kokkos::Experimental::BadAlloc'
  what():  Kokkos ERROR: Cuda memory space failed to allocate 702 MiB (label="collide:nn_last_partner").
[an6006:2122300] *** Process received signal ***
[an6006:2122300] Signal: Aborted (6)
[an6006:2122300] Signal code:  (-6)
[an6006:2122300] [ 0] /lib64/libpthread.so.0(+0x12990)[0x15555235b990]
[an6006:2122300] [ 1] /lib64/libc.so.6(gsignal+0x10f)[0x1555515b95af]
[an6006:2122300] [ 2] /lib64/libc.so.6(abort+0x127)[0x15555158cee5]
[an6006:2122300] [ 3] /cm/local/apps/gcc/13.1.0/lib64/libstdc++.so.6(+0xac93b)[0x155551f9393b]
[an6006:2122300] [ 4] /cm/local/apps/gcc/13.1.0/lib64/libstdc++.so.6(+0xbc0ea)[0x155551fa30ea]
[an6006:2122300] [ 5] /cm/local/apps/gcc/13.1.0/lib64/libstdc++.so.6(+0xbc155)[0x155551fa3155]
[an6006:2122300] [ 6] /cm/local/apps/gcc/13.1.0/lib64/libstdc++.so.6(+0xbc3a8)[0x155551fa33a8]
[an6006:2122300] [ 7] /hpc/data/cfd-students/nnoventa/sparta/install_h200/bin/spa_kokkos_cuda[0x44ea77]
[an6006:2122300] [ 8] /hpc/data/cfd-students/nnoventa/sparta/install_h200/bin/spa_kokkos_cuda[0xc5a7b5]
[an6006:2122300] [ 9] /hpc/data/cfd-students/nnoventa/sparta/install_h200/bin/spa_kokkos_cuda[0xc5d608]
[an6006:2122300] [10] /hpc/data/cfd-students/nnoventa/sparta/install_h200/bin/spa_kokkos_cuda[0x668c10]
[an6006:2122300] [11] /hpc/data/cfd-students/nnoventa/sparta/install_h200/bin/spa_kokkos_cuda[0x66900c]
[an6006:2122300] [12] /hpc/data/cfd-students/nnoventa/sparta/install_h200/bin/spa_kokkos_cuda[0x6e10d9]
[an6006:2122300] [13] /hpc/data/cfd-students/nnoventa/sparta/install_h200/bin/spa_kokkos_cuda[0x659b29]
[an6006:2122300] [14] /hpc/data/cfd-students/nnoventa/sparta/install_h200/bin/spa_kokkos_cuda[0xbc35ed]
[an6006:2122300] [15] /hpc/data/cfd-students/nnoventa/sparta/install_h200/bin/spa_kokkos_cuda[0x4b88d4]
[an6006:2122300] [16] /hpc/data/cfd-students/nnoventa/sparta/install_h200/bin/spa_kokkos_cuda[0x47f21c]
[an6006:2122300] [17] /hpc/data/cfd-students/nnoventa/sparta/install_h200/bin/spa_kokkos_cuda[0x47f8f0]
[an6006:2122300] [18] /hpc/data/cfd-students/nnoventa/sparta/install_h200/bin/spa_kokkos_cuda[0x44fae8]
[an6006:2122300] [19] /lib64/libc.so.6(__libc_start_main+0xe5)[0x1555515a5865]
[an6006:2122300] [20] /hpc/data/cfd-students/nnoventa/sparta/install_h200/bin/spa_kokkos_cuda[0x479e4e]
[an6006:2122300] *** End of error message ***
--------------------------------------------------------------------------
Primary job  terminated normally, but 1 process returned
a non-zero exit code. Per user-direction, the job has been aborted.
--------------------------------------------------------------------------
--------------------------------------------------------------------------
mpirun noticed that process rank 0 with PID 0 on node an6006 exited on signal 6 (Aborted).
--------------------------------------------------------------------------
