Loading hpcx/2.17.1-gcc-8.5.0
  Loading requirement: zlib-ng/2.1.4-gcc-8.5.0 zstd/1.5.5-gcc-8.5.0
    binutils/2.41-gcc-8.5.0
job        1210983.pbs60
date       2026-09-23T00:01:23+02:00
arch       gpu
nodes      4
ranks      16 (4 per node)
nsteps     1000
npart      120000000
gpu_aware  1
commit     d13292f9f0cc71ba976e2b8a548acdcf83b8b866
build      arch    v100 commit  b7c3d8561f2539035449274b4d194c0b224d869a date    2026-09-22T10:16:03+02:00 
exe        /hpc/data/cfd-students/nnoventa/sparta/install_v100/bin/spa_kokkos_cuda
hosts      an5015.cm.cluster an5016.cm.cluster an5017.cm.cluster an5018.cm.cluster 
GPU 0: Tesla V100-SXM2-32GB (UUID: GPU-18d837b7-38c4-1b44-a8b9-458ec2f29e1d)
GPU 1: Tesla V100-SXM2-32GB (UUID: GPU-1d8c4882-d100-f7e7-8f31-d570d52f3410)
GPU 2: Tesla V100-SXM2-32GB (UUID: GPU-050c3687-dcd6-7bbe-57a8-ebb8808c8b7d)
GPU 3: Tesla V100-SXM2-32GB (UUID: GPU-e9855799-d461-5938-a378-60abadb1b414)
Kokkos::OpenMP::initialize WARNING: OMP_PROC_BIND environment variable not set
  In general, for best performance with OpenMP 4.0 or better set OMP_PROC_BIND=spread and OMP_PLACES=threads
  For best performance with OpenMP 3.1 set OMP_PROC_BIND=true
  For unit testing set OMP_PROC_BIND=false

MPI detected: For OpenMP binding to work as intended, MPI ranks must be bound to exclusive CPU sets.

Kokkos::OpenMP::initialize WARNING: OMP_PROC_BIND environment variable not set
  In general, for best performance with OpenMP 4.0 or better set OMP_PROC_BIND=spread and OMP_PLACES=threads
  For best performance with OpenMP 3.1 set OMP_PROC_BIND=true
  For unit testing set OMP_PROC_BIND=false

MPI detected: For OpenMP binding to work as intended, MPI ranks must be bound to exclusive CPU sets.

Kokkos::OpenMP::initialize WARNING: OMP_PROC_BIND environment variable not set
  In general, for best performance with OpenMP 4.0 or better set OMP_PROC_BIND=spread and OMP_PLACES=threads
  For best performance with OpenMP 3.1 set OMP_PROC_BIND=true
  For unit testing set OMP_PROC_BIND=false
Kokkos::OpenMP::initialize WARNING: OMP_PROC_BIND environment variable not set
  In general, for best performance with OpenMP 4.0 or better set OMP_PROC_BIND=spread and OMP_PLACES=threads
  For best performance with OpenMP 3.1 set OMP_PROC_BIND=true
  For unit testing set OMP_PROC_BIND=false
Kokkos::OpenMP::initialize WARNING: OMP_PROC_BIND environment variable not set
  In general, for best performance with OpenMP 4.0 or better set OMP_PROC_BIND=spread and OMP_PLACES=threads
  For best performance with OpenMP 3.1 set OMP_PROC_BIND=true
  For unit testing set OMP_PROC_BIND=false

MPI detected: For OpenMP binding to work as intended, MPI ranks must be bound to exclusive CPU sets.

Kokkos::OpenMP::initialize WARNING: OMP_PROC_BIND environment variable not set
  In general, for best performance with OpenMP 4.0 or better set OMP_PROC_BIND=spread and OMP_PLACES=threads
  For best performance with OpenMP 3.1 set OMP_PROC_BIND=true
  For unit testing set OMP_PROC_BIND=false

MPI detected: For OpenMP binding to work as intended, MPI ranks must be bound to exclusive CPU sets.

Kokkos::OpenMP::initialize WARNING: OMP_PROC_BIND environment variable not set
  In general, for best performance with OpenMP 4.0 or better set OMP_PROC_BIND=spread and OMP_PLACES=threads
  For best performance with OpenMP 3.1 set OMP_PROC_BIND=true
  For unit testing set OMP_PROC_BIND=false

MPI detected: For OpenMP binding to work as intended, MPI ranks must be bound to exclusive CPU sets.


Kokkos::OpenMP::initialize WARNING: OMP_PROC_BIND environment variable not set
  In general, for best performance with OpenMP 4.0 or better set OMP_PROC_BIND=spread and OMP_PLACES=threads
  For best performance with OpenMP 3.1 set OMP_PROC_BIND=true
  For unit testing set OMP_PROC_BIND=false

MPI detected: For OpenMP binding to work as intended, MPI ranks must be bound to exclusive CPU sets.

MPI detected: For OpenMP binding to work as intended, MPI ranks must be bound to exclusive CPU sets.

Kokkos::OpenMP::initialize WARNING: OMP_PROC_BIND environment variable not set
  In general, for best performance with OpenMP 4.0 or better set OMP_PROC_BIND=spread and OMP_PLACES=threads
  For best performance with OpenMP 3.1 set OMP_PROC_BIND=true
  For unit testing set OMP_PROC_BIND=false

MPI detected: For OpenMP binding to work as intended, MPI ranks must be bound to exclusive CPU sets.

Kokkos::OpenMP::initialize WARNING: OMP_PROC_BIND environment variable not set
  In general, for best performance with OpenMP 4.0 or better set OMP_PROC_BIND=spread and OMP_PLACES=threads
  For best performance with OpenMP 3.1 set OMP_PROC_BIND=true
  For unit testing set OMP_PROC_BIND=false

MPI detected: For OpenMP binding to work as intended, MPI ranks must be bound to exclusive CPU sets.

Kokkos::OpenMP::initialize WARNING: OMP_PROC_BIND environment variable not set
  In general, for best performance with OpenMP 4.0 or better set OMP_PROC_BIND=spread and OMP_PLACES=threads
  For best performance with OpenMP 3.1 set OMP_PROC_BIND=true
  For unit testing set OMP_PROC_BIND=false

MPI detected: For OpenMP binding to work as intended, MPI ranks must be bound to exclusive CPU sets.


MPI detected: For OpenMP binding to work as intended, MPI ranks must be bound to exclusive CPU sets.

SPARTA (27 Aug 2026)
KOKKOS mode is enabled (/hpc/data/cfd-students/nnoventa/sparta/src/KOKKOS/kokkos.cpp:50)
  requested 4 GPU(s) per node
  requested 1 thread(s) per MPI task
WARNING: When using a single thread, the Kokkos Serial backend (i.e. Makefile.kokkos_mpi_only) gives better performance than the OpenMP backend (/hpc/data/cfd-students/nnoventa/sparta/src/KOKKOS/kokkos.cpp:148)
Kokkos::OpenMP::initialize WARNING: OMP_PROC_BIND environment variable not set
  In general, for best performance with OpenMP 4.0 or better set OMP_PROC_BIND=spread and OMP_PLACES=threads
  For best performance with OpenMP 3.1 set OMP_PROC_BIND=true
  For unit testing set OMP_PROC_BIND=false

MPI detected: For OpenMP binding to work as intended, MPI ranks must be bound to exclusive CPU sets.

Kokkos::OpenMP::initialize WARNING: OMP_PROC_BIND environment variable not set
  In general, for best performance with OpenMP 4.0 or better set OMP_PROC_BIND=spread and OMP_PLACES=threads
  For best performance with OpenMP 3.1 set OMP_PROC_BIND=true
  For unit testing set OMP_PROC_BIND=false

MPI detected: For OpenMP binding to work as intended, MPI ranks must be bound to exclusive CPU sets.

Kokkos::OpenMP::initialize WARNING: OMP_PROC_BIND environment variable not set
  In general, for best performance with OpenMP 4.0 or better set OMP_PROC_BIND=spread and OMP_PLACES=threads
  For best performance with OpenMP 3.1 set OMP_PROC_BIND=true
  For unit testing set OMP_PROC_BIND=false

MPI detected: For OpenMP binding to work as intended, MPI ranks must be bound to exclusive CPU sets.

Kokkos::OpenMP::initialize WARNING: OMP_PROC_BIND environment variable not set
  In general, for best performance with OpenMP 4.0 or better set OMP_PROC_BIND=spread and OMP_PLACES=threads
  For best performance with OpenMP 3.1 set OMP_PROC_BIND=true
  For unit testing set OMP_PROC_BIND=false

MPI detected: For OpenMP binding to work as intended, MPI ranks must be bound to exclusive CPU sets.

Kokkos::OpenMP::initialize WARNING: OMP_PROC_BIND environment variable not set
  In general, for best performance with OpenMP 4.0 or better set OMP_PROC_BIND=spread and OMP_PLACES=threads
  For best performance with OpenMP 3.1 set OMP_PROC_BIND=true
  For unit testing set OMP_PROC_BIND=false

MPI detected: For OpenMP binding to work as intended, MPI ranks must be bound to exclusive CPU sets.

Running on 16 MPI task(s)
Created orthogonal box = (-0.002001 -1e-06 -1e-06) to (0.02801 0.003001 0.087501)
WARNING: Per-processor grid cell memory will be large because global gridcut < 0.0 (/hpc/data/cfd-students/nnoventa/sparta/src/grid.cpp:518)
Created 864000 child grid cells
  CPU time = 0.434362 secs
  create/ghost percent = 2.87053 97.1295
Balance grid migrated 810000 cells
  CPU time = 0.175008 secs
  reassign/sort/migrate/ghost percent = 54.2705 0.826274 15.7729 29.1304
Reading surface file ...
  80998 triangles
  clipped to 80998 tris
  -0.002 0.028 xlo xhi
  0 0.003 ylo yhi
  0 0.0875 zlo zhi
  0.000245331 min triangle edge length
  3.15715e-08 min triangle area
  43848 0 = cells overlapping surfs, overlap cells with unmarked corner pts
  25 tiny edges removed
  269352 550800 43848 = cells outside/inside/overlapping surfs
  43848 = surf cells with 1,2,etc splits
  2.72343750000086e-06 2.7234375e-06 = cell-wise and global flow volume
  CPU time = 0.297006 secs
  read/check/sort/surf2grid/ghost/inout/particle percent = 16.1347 33.7576 1.32044 29.4496 19.3376 4.80857 0.00171444
  surf2grid time = 0.0874672 secs
  map/comm1/comm2/comm3/comm4/split percent = 18.9179 3.13171 5.63726 2.51438 10.8351 56.5609
0 = initial surface count in group inlet
382 = final surface count in group inlet
0 = initial surface count in group outlet
690 = final surface count in group outlet
0 = initial surface count in group yminus
41336 = final surface count in group yminus
0 = initial surface count in group yplus
33810 = final surface count in group yplus
0 = initial surface count in group yplus_inlet
382 = final surface count in group yplus_inlet
0 = initial surface count in group yplus_inlet_wall
1314 = final surface count in group yplus_inlet_wall
0 = initial surface count in group yplus_outlet
718 = final surface count in group yplus_outlet
0 = initial surface count in group yplus_outlet_wall
1598 = final surface count in group yplus_outlet_wall
0 = initial surface count in group zminus
393 = final surface count in group zminus
0 = initial surface count in group zplus
375 = final surface count in group zplus
Creating particles ...
WARNING: Created unexpected # of particles: 119999539 versus 120000000 (/hpc/data/cfd-students/nnoventa/sparta/src/create_particles.cpp:445)
Created 119999539 particles
  CPU time = 7.11005 secs
Memory usage per proc in Mbytes:
  particles (ave,min,max) = 1468.57 1260.03 1677.1
  grid      (ave,min,max) = 257.513 257.5 257.524
  surf      (ave,min,max) = 20.309 20.309 20.309
  modify    (ave,min,max) = 14.0076 14.0076 14.0076
  total     (ave,min,max) = 1760.4 1551.85 1968.94
Step CPU T/CPU S/CPU Dt Np Natt Ncoll Nbound Nexit c_temp 
       0            0            0            0        3e-09 119999539        0        0        0        0    300.00043 
     100     2.495857 1.2019908e-07    40.066342        3e-09 117875700  1749838   930461        0        0    297.59786 
     200    4.9110116 1.2421565e-07    41.405212        3e-09 115514717  1739694   895819        0        0    295.87506 
     300     7.320104 1.2452827e-07     41.50943        3e-09 113129585  1704016   862791        0        0    294.54627 
     400    9.7485462 1.2353598e-07    41.178647        3e-09 110745561  1659274   829812        0        0    293.55357 
     500    12.113944 1.2682849e-07    42.276171        3e-09 108381710  1610525   797557        0        0    292.79565 
     600    14.620501 1.1968614e-07    39.895383        3e-09 106050488  1560731   769166        0        0    292.30026 
     700    16.923818 1.3024694e-07    43.415632        3e-09 103761169  1512132   740732        0        0    291.89472 
     800    19.184315 1.3271414e-07    44.238066        3e-09 101535337  1465931   714696        0        0    291.62667 
     900    21.409169 1.3484029e-07    44.946758        3e-09 99390335  1422771   690444        0        0    291.40866 
    1000    23.585826 1.3782609e-07    45.942032        3e-09 97332903  1383136   670180        0        0    291.31137 
Loop time of 23.5859 on 16 procs for 1000 steps with 97332903 particles
Performance: 42.398 timesteps/s, 4.127 Gparticle-step/s

MPI task timing breakdown:
Section |  min time  |  avg time  |  max time  |%varavg| %total
---------------------------------------------------------------
Move    | 11.824     | 13.565     | 15.266     |  42.2 | 57.51
Coll    | 1.9652     | 2.1799     | 2.3597     |   9.9 |  9.24
Sort    | 1.3808     | 1.7611     | 2.1811     |  26.6 |  7.47
Comm    | 0.8405     | 0.99676    | 1.073      |   6.4 |  4.23
Modify  | 0.92976    | 1.4049     | 1.8456     |  33.5 |  5.96
Output  | 1.6596     | 1.6686     | 1.6747     |   0.4 |  7.07
MPI Sync| 0.18809    | 2.0091     | 3.8328     | 115.2 |  8.52
Other   |            | 0.0001712  |            |       |  0.00

Particle moves    = 108496354208 (108B)
Cells touched     = 121280343218 (121B)
Particle comms    = 105271526 (105M)
Boundary collides = 0 (0K)
Boundary exits    = 0 (0K)
SurfColl checks   = 81339726937 (81.3B)
SurfColl occurs   = 337135174 (337M)
Surf reactions    = 0 (0K)
Collide attempts  = 1592539813 (1.59B)
Collide occurs    = 804476458 (804M)
Gas reactions     = 0 (0K)
Particles stuck   = 0
Axisymm bad moves = 0

Particle-moves/CPUsec/proc: 2.87504e+08
Particle-moves/step: 1.08496e+08
Cell-touches/particle/step: 1.11783
Particle comm iterations/step: 2.998
Particle fraction communicated: 0.000970277
Particle fraction colliding with boundary: 0
Particle fraction exiting boundary: 0
Surface-checks/particle/step: 0.7497
Surface-collisions/particle/step: 0.00310734
Surface-reactions/particle/step: 0
Collision-attempts/particle/step: 0.0146783
Collisions/particle/step: 0.00741478
Gas-reactions/particle/step: 0

Particles: 6.08331e+06 ave 6.71707e+06 max 5.45622e+06 min
Histogram: 8 0 0 0 0 0 0 0 0 8
Cells:     54000 ave 54000 max 54000 min
Histogram: 16 0 0 0 0 0 0 0 0 0
GhostCell: 17370 ave 19200 max 11880 min
Histogram: 4 0 0 0 0 0 0 0 0 12
EmptyCell: 13770 ave 15600 max 8280 min
Histogram: 4 0 0 0 0 0 0 0 0 12
Surfs:     80998 ave 80998 max 80998 min
Histogram: 16 0 0 0 0 0 0 0 0 0
GhostSurf: 0 ave 0 max 0 min
Histogram: 16 0 0 0 0 0 0 0 0 0
sparta exit status: 0
