Loading hpcx/2.17.1-gcc-8.5.0
  Loading requirement: zlib-ng/2.1.4-gcc-8.5.0 zstd/1.5.5-gcc-8.5.0
    binutils/2.41-gcc-8.5.0
job        1217310.pbs60
date       2026-09-24T13:42:20+02:00
arch       gpu
nodes      1
ranks      4 (4 per node, 1 per GPU)
nsteps     1000
npart      120000000
gpu_aware  1
balance    deck (rcb cell)
input      /hpc/data/cfd-students/nnoventa/sparta/nicola/input/in.sparta.gpu
commit     1fd80cddefe7aa7864d420324b4dcdabbba6ccac
build      arch    v100_pr623 reduce  0 branch  try-pr623 commit  15368f052514be7014cdf1d1e08a20dc87c772ce date    2026-09-24T11:39:59+02:00 
exe        /hpc/data/cfd-students/nnoventa/sparta/install_v100_pr623/bin/spa_kokkos_cuda
hosts      an5015.cm.cluster 
GPU 0: Tesla V100-SXM2-32GB (UUID: GPU-18d837b7-38c4-1b44-a8b9-458ec2f29e1d)
GPU 1: Tesla V100-SXM2-32GB (UUID: GPU-1d8c4882-d100-f7e7-8f31-d570d52f3410)
GPU 2: Tesla V100-SXM2-32GB (UUID: GPU-050c3687-dcd6-7bbe-57a8-ebb8808c8b7d)
GPU 3: Tesla V100-SXM2-32GB (UUID: GPU-e9855799-d461-5938-a378-60abadb1b414)
Driver Version                            : 575.57.08
CUDA Version                              : 12.9
    Addressing Mode                       : N/A
    Addressing Mode                       : N/A
    Addressing Mode                       : N/A
    Addressing Mode                       : N/A
Kokkos::OpenMP::initialize WARNING: OMP_PROC_BIND environment variable not set
  In general, for best performance with OpenMP 4.0 or better set OMP_PROC_BIND=spread and OMP_PLACES=threads
  For best performance with OpenMP 3.1 set OMP_PROC_BIND=true
  For unit testing set OMP_PROC_BIND=false

Kokkos::OpenMP::initialize WARNING: OMP_PROC_BIND environment variable not set
  In general, for best performance with OpenMP 4.0 or better set OMP_PROC_BIND=spread and OMP_PLACES=threads
  For best performance with OpenMP 3.1 set OMP_PROC_BIND=true
  For unit testing set OMP_PROC_BIND=false

MPI detected: For OpenMP binding to work as intended, MPI ranks must be bound to exclusive CPU sets.

Kokkos::OpenMP::initialize WARNING: OMP_PROC_BIND environment variable not set
  In general, for best performance with OpenMP 4.0 or better set OMP_PROC_BIND=spread and OMP_PLACES=threads
  For best performance with OpenMP 3.1 set OMP_PROC_BIND=true
  For unit testing set OMP_PROC_BIND=false

MPI detected: For OpenMP binding to work as intended, MPI ranks must be bound to exclusive CPU sets.

MPI detected: For OpenMP binding to work as intended, MPI ranks must be bound to exclusive CPU sets.

SPARTA (27 Aug 2026)
KOKKOS mode is enabled (/hpc/data/cfd-students/nnoventa/sparta/src/KOKKOS/kokkos.cpp:50)
  requested 4 GPU(s) per node
  requested 1 thread(s) per MPI task
WARNING: When using a single thread, the Kokkos Serial backend (i.e. Makefile.kokkos_mpi_only) gives better performance than the OpenMP backend (/hpc/data/cfd-students/nnoventa/sparta/src/KOKKOS/kokkos.cpp:148)
Kokkos::OpenMP::initialize WARNING: OMP_PROC_BIND environment variable not set
  In general, for best performance with OpenMP 4.0 or better set OMP_PROC_BIND=spread and OMP_PLACES=threads
  For best performance with OpenMP 3.1 set OMP_PROC_BIND=true
  For unit testing set OMP_PROC_BIND=false

MPI detected: For OpenMP binding to work as intended, MPI ranks must be bound to exclusive CPU sets.

Running on 4 MPI task(s)
Created orthogonal box = (-0.002001 -1e-06 -1e-06) to (0.02801 0.003001 0.087501)
WARNING: Per-processor grid cell memory will be large because global gridcut < 0.0 (/hpc/data/cfd-students/nnoventa/sparta/src/grid.cpp:518)
Created 864000 child grid cells
  CPU time = 0.399618 secs
  create/ghost percent = 8.91288 91.0871
Balance grid migrated 648000 cells
  CPU time = 0.197859 secs
  reassign/sort/migrate/ghost percent = 17.6425 1.12225 28.2503 52.985
Reading surface file ...
  80998 triangles
  clipped to 80998 tris
  -0.002 0.028 xlo xhi
  0 0.003 ylo yhi
  0 0.0875 zlo zhi
  0.000245331 min triangle edge length
  3.15715e-08 min triangle area
  43848 0 = cells overlapping surfs, overlap cells with unmarked corner pts
  25 tiny edges removed
  269352 550800 43848 = cells outside/inside/overlapping surfs
  43848 = surf cells with 1,2,etc splits
  2.72343750000255e-06 2.7234375e-06 = cell-wise and global flow volume
  CPU time = 0.629383 secs
  read/check/sort/surf2grid/ghost/inout/particle percent = 6.96303 16.7066 3.05559 42.6474 30.6273 9.02217 0.000229431
  surf2grid time = 0.268416 secs
  map/comm1/comm2/comm3/comm4/split percent = 20.3587 2.1856 7.15443 2.92459 5.89628 57.4222
0 = initial surface count in group inlet
382 = final surface count in group inlet
0 = initial surface count in group outlet
690 = final surface count in group outlet
0 = initial surface count in group yminus
41336 = final surface count in group yminus
0 = initial surface count in group yplus
33810 = final surface count in group yplus
0 = initial surface count in group yplus_inlet
382 = final surface count in group yplus_inlet
0 = initial surface count in group yplus_inlet_wall
1314 = final surface count in group yplus_inlet_wall
0 = initial surface count in group yplus_outlet
718 = final surface count in group yplus_outlet
0 = initial surface count in group yplus_outlet_wall
1598 = final surface count in group yplus_outlet_wall
0 = initial surface count in group zminus
393 = final surface count in group zminus
0 = initial surface count in group zplus
375 = final surface count in group zplus
Creating particles ...
WARNING: Created unexpected # of particles: 119999572 versus 120000000 (/hpc/data/cfd-students/nnoventa/sparta/src/create_particles.cpp:445)
Created 119999572 particles
  CPU time = 25.0275 secs
Memory usage per proc in Mbytes:
  particles (ave,min,max) = 5789.82 5789.82 5789.82
  grid      (ave,min,max) = 278.402 278.384 278.419
  surf      (ave,min,max) = 20.309 20.309 20.309
  modify    (ave,min,max) = 56.0303 56.0303 56.0303
  total     (ave,min,max) = 6144.56 6144.54 6144.57
Step CPU T/CPU S/CPU Dt Np Natt Ncoll Nbound Nexit c_temp 
       0            0            0            0        3e-09 119999572        0        0        0        0    300.02833 
     100    4.9876084 6.0149047e-08    20.049679        3e-09 117873540  1752911   931224        0        0    297.55148 
     200    10.239574 5.7121469e-08    19.040489        3e-09 115512539  1741898   897560        0        0    295.83364 
     300    15.530354 5.6702413e-08    18.900803        3e-09 113120687  1705578   862836        0        0    294.47424 
     400    20.859571 5.6293451e-08    18.764485        3e-09 110732978  1660273   829621        0        0    293.42866 
     500    26.186778 5.631469e-08    18.771563        3e-09 108365257  1611078   797569        0        0    292.69432 
     600    31.509999 5.6356848e-08    18.785616        3e-09 106029276  1561130   767604        0        0    292.12119 
     700    36.814747 5.6553109e-08    18.851037        3e-09 103741814  1512668   739011        0        0    291.77866 
     800    42.110127 5.6653157e-08    18.884386        3e-09 101518095  1466114   715496        0        0    291.53172 
     900    47.401132 5.6700013e-08    18.900004        3e-09 99371323  1423687   690378        0        0    291.36853 
    1000    52.679328 5.6837595e-08    18.945865        3e-09 97314170  1383927   669562        0        0    291.27699 
Loop time of 53.3413 on 4 procs for 1000 steps with 97314170 particles
Performance: 18.747 timesteps/s, 1.824 Gparticle-step/s

MPI task timing breakdown:
Section |  min time  |  avg time  |  max time  |%varavg| %total
---------------------------------------------------------------
Move    | 32.604     | 34.232     | 35.823     |  21.8 | 64.17
Coll    | 9.6135     | 9.692      | 9.7935     |   2.1 | 18.17
Sort    | 5.2994     | 5.3794     | 5.4367     |   2.3 | 10.08
Comm    | 0.48529    | 0.54435    | 0.57248    |   4.7 |  1.02
Modify  | 1.0015     | 1.1374     | 1.2175     |   7.6 |  2.13
Output  | 0.036729   | 0.037877   | 0.0385     |   0.4 |  0.07
MPI Sync| 0.045271   | 1.7052     | 3.3664     |  98.2 |  3.20
Other   |            | 0.6136     |            |       |  1.15

Particle moves    = 108483346372 (108B)
Cells touched     = 33455078426 (33.5B)
Particle comms    = 9810102 (9.81M)
Boundary collides = 0 (0K)
Boundary exits    = 0 (0K)
SurfColl checks   = 81340143207 (81.3B)
SurfColl occurs   = 337189282 (337M)
Surf reactions    = 0 (0K)
Collide attempts  = 1593804652 (1.59B)
Collide occurs    = 804822618 (805M)
Gas reactions     = 0 (0K)
Particles stuck   = 0
Axisymm bad moves = 0

Particle-moves/CPUsec/proc: 5.0844e+08
Particle-moves/step: 1.08483e+08
Cell-touches/particle/step: 0.308389
Particle comm iterations/step: 2.905
Particle fraction communicated: 9.04296e-05
Particle fraction colliding with boundary: 0
Particle fraction exiting boundary: 0
Surface-checks/particle/step: 0.749794
Surface-collisions/particle/step: 0.00310821
Surface-reactions/particle/step: 0
Collision-attempts/particle/step: 0.0146917
Collisions/particle/step: 0.00741886
Gas-reactions/particle/step: 0

Particles: 2.43285e+07 ave 2.43313e+07 max 2.43253e+07 min
Histogram: 1 0 0 1 0 0 0 0 1 1
Cells:     216000 ave 216000 max 216000 min
Histogram: 4 0 0 0 0 0 0 0 0 0
GhostCell: 21600 ave 28800 max 14400 min
Histogram: 2 0 0 0 0 0 0 0 0 2
EmptyCell: 21600 ave 28800 max 14400 min
Histogram: 2 0 0 0 0 0 0 0 0 2
Surfs:     80998 ave 80998 max 80998 min
Histogram: 4 0 0 0 0 0 0 0 0 0
GhostSurf: 0 ave 0 max 0 min
Histogram: 4 0 0 0 0 0 0 0 0 0
sparta exit status: 0
